Archive member included to satisfy reference by file (symbol)

C:\Users\cjg19\Documents\GitHub\adc_s5d9\synergy\ssp\src\framework\el\tx\cm4_gcc\libtx.a(txe_event_flags_get.o)
                              ./src/adc_thread_entry.o (_txe_event_flags_get)
C:\Users\cjg19\Documents\GitHub\adc_s5d9\synergy\ssp\src\framework\el\tx\cm4_gcc\libtx.a(txe_event_flags_set.o)
                              ./src/adc_thread_entry.o (_txe_event_flags_set)
C:\Users\cjg19\Documents\GitHub\adc_s5d9\synergy\ssp\src\framework\el\tx\cm4_gcc\libtx.a(txe_mutex_create.o)
                              ./synergy/ssp/src/framework/sf_adc_periodic/sf_adc_periodic.o (_txe_mutex_create)
C:\Users\cjg19\Documents\GitHub\adc_s5d9\synergy\ssp\src\framework\el\tx\cm4_gcc\libtx.a(txe_mutex_delete.o)
                              ./synergy/ssp/src/framework/sf_adc_periodic/sf_adc_periodic.o (_txe_mutex_delete)
C:\Users\cjg19\Documents\GitHub\adc_s5d9\synergy\ssp\src\framework\el\tx\cm4_gcc\libtx.a(txe_mutex_get.o)
                              ./synergy/ssp/src/framework/sf_adc_periodic/sf_adc_periodic.o (_txe_mutex_get)
C:\Users\cjg19\Documents\GitHub\adc_s5d9\synergy\ssp\src\framework\el\tx\cm4_gcc\libtx.a(txe_mutex_put.o)
                              ./synergy/ssp/src/framework/sf_adc_periodic/sf_adc_periodic.o (_txe_mutex_put)
C:\Users\cjg19\Documents\GitHub\adc_s5d9\synergy\ssp\src\framework\el\tx\cm4_gcc\libtx.a(txe_semaphore_create.o)
                              ./src/main.o (_txe_semaphore_create)
C:\Users\cjg19\Documents\GitHub\adc_s5d9\synergy\ssp\src\framework\el\tx\cm4_gcc\libtx.a(txe_semaphore_get.o)
                              ./src/main.o (_txe_semaphore_get)
C:\Users\cjg19\Documents\GitHub\adc_s5d9\synergy\ssp\src\framework\el\tx\cm4_gcc\libtx.a(txe_semaphore_put.o)
                              ./src/main.o (_txe_semaphore_put)
C:\Users\cjg19\Documents\GitHub\adc_s5d9\synergy\ssp\src\framework\el\tx\cm4_gcc\libtx.a(txe_thread_create.o)
                              ./src/adc_thread0.o (_txe_thread_create)
C:\Users\cjg19\Documents\GitHub\adc_s5d9\synergy\ssp\src\framework\el\tx\cm4_gcc\libtx.a(tx_event_flags_get.o)
                              C:\Users\cjg19\Documents\GitHub\adc_s5d9\synergy\ssp\src\framework\el\tx\cm4_gcc\libtx.a(txe_event_flags_get.o) (_tx_event_flags_get)
C:\Users\cjg19\Documents\GitHub\adc_s5d9\synergy\ssp\src\framework\el\tx\cm4_gcc\libtx.a(tx_event_flags_set.o)
                              C:\Users\cjg19\Documents\GitHub\adc_s5d9\synergy\ssp\src\framework\el\tx\cm4_gcc\libtx.a(txe_event_flags_set.o) (_tx_event_flags_set)
C:\Users\cjg19\Documents\GitHub\adc_s5d9\synergy\ssp\src\framework\el\tx\cm4_gcc\libtx.a(tx_initialize_high_level.o)
                              C:\Users\cjg19\Documents\GitHub\adc_s5d9\synergy\ssp\src\framework\el\tx\cm4_gcc\libtx.a(txe_semaphore_create.o) (_tx_semaphore_created_ptr)
C:\Users\cjg19\Documents\GitHub\adc_s5d9\synergy\ssp\src\framework\el\tx\cm4_gcc\libtx.a(tx_initialize_kernel_enter.o)
                              ./src/main.o (_tx_initialize_kernel_enter)
C:\Users\cjg19\Documents\GitHub\adc_s5d9\synergy\ssp\src\framework\el\tx\cm4_gcc\libtx.a(tx_isr_end.o)
                              ./synergy/ssp/src/driver/r_gpt/r_gpt.o (tx_isr_end)
C:\Users\cjg19\Documents\GitHub\adc_s5d9\synergy\ssp\src\framework\el\tx\cm4_gcc\libtx.a(tx_isr_start.o)
                              ./synergy/ssp/src/driver/r_gpt/r_gpt.o (tx_isr_start)
C:\Users\cjg19\Documents\GitHub\adc_s5d9\synergy\ssp\src\framework\el\tx\cm4_gcc\libtx.a(tx_mutex_create.o)
                              C:\Users\cjg19\Documents\GitHub\adc_s5d9\synergy\ssp\src\framework\el\tx\cm4_gcc\libtx.a(txe_mutex_create.o) (_tx_mutex_create)
C:\Users\cjg19\Documents\GitHub\adc_s5d9\synergy\ssp\src\framework\el\tx\cm4_gcc\libtx.a(tx_mutex_delete.o)
                              C:\Users\cjg19\Documents\GitHub\adc_s5d9\synergy\ssp\src\framework\el\tx\cm4_gcc\libtx.a(txe_mutex_delete.o) (_tx_mutex_delete)
C:\Users\cjg19\Documents\GitHub\adc_s5d9\synergy\ssp\src\framework\el\tx\cm4_gcc\libtx.a(tx_mutex_get.o)
                              C:\Users\cjg19\Documents\GitHub\adc_s5d9\synergy\ssp\src\framework\el\tx\cm4_gcc\libtx.a(txe_mutex_get.o) (_tx_mutex_get)
C:\Users\cjg19\Documents\GitHub\adc_s5d9\synergy\ssp\src\framework\el\tx\cm4_gcc\libtx.a(tx_mutex_priority_change.o)
                              C:\Users\cjg19\Documents\GitHub\adc_s5d9\synergy\ssp\src\framework\el\tx\cm4_gcc\libtx.a(tx_mutex_get.o) (_tx_mutex_priority_change)
C:\Users\cjg19\Documents\GitHub\adc_s5d9\synergy\ssp\src\framework\el\tx\cm4_gcc\libtx.a(tx_mutex_put.o)
                              C:\Users\cjg19\Documents\GitHub\adc_s5d9\synergy\ssp\src\framework\el\tx\cm4_gcc\libtx.a(txe_mutex_put.o) (_tx_mutex_put)
C:\Users\cjg19\Documents\GitHub\adc_s5d9\synergy\ssp\src\framework\el\tx\cm4_gcc\libtx.a(tx_semaphore_create.o)
[...]
Memory Configuration

Name             Origin             Length             Attributes
FLASH            0x00000000         0x00200000         xr
RAM              0x1ffe0000         0x000a0000         xrw
DATA_FLASH       0x40100000         0x00010000         xr
QSPI_FLASH       0x60000000         0x04000000         xr
SDRAM            0x90000000         0x02000000         xrw
ID_CODES         0x0100a150         0x00000010         xr
*default*        0x00000000         0xffffffff

Linker script and memory map

LOAD c:/program files (x86)/gnu tools arm embedded/7 2017-q4-major/bin/../lib/gcc/arm-none-eabi/7.2.1/thumb/v7e-m/fpv4-sp/hard/crti.o
LOAD c:/program files (x86)/gnu tools arm embedded/7 2017-q4-major/bin/../lib/gcc/arm-none-eabi/7.2.1/thumb/v7e-m/fpv4-sp/hard/crtbegin.o
LOAD c:/program files (x86)/gnu tools arm embedded/7 2017-q4-major/bin/../lib/gcc/arm-none-eabi/7.2.1/../../../../arm-none-eabi/lib/thumb/v7e-m/fpv4-sp/hard/rdimon-crt0.o
START GROUP
LOAD ./synergy/ssp/src/framework/sf_adc_periodic/sf_adc_periodic.o
LOAD ./synergy/ssp/src/driver/r_ioport/r_ioport.o
LOAD ./synergy/ssp/src/driver/r_gpt/r_gpt.o
LOAD ./synergy/ssp/src/driver/r_fmi/r_fmi.o
LOAD ./synergy/ssp/src/driver/r_elc/r_elc.o
LOAD ./synergy/ssp/src/driver/r_dtc/r_dtc.o
LOAD ./synergy/ssp/src/driver/r_cgc/r_cgc.o
LOAD ./synergy/ssp/src/driver/r_adc/r_adc.o
LOAD ./synergy/ssp/src/bsp/mcu/s5d9/bsp_cache.o
LOAD ./synergy/ssp/src/bsp/mcu/s5d9/bsp_clocks.o
LOAD ./synergy/ssp/src/bsp/mcu/s5d9/bsp_feature.o
LOAD ./synergy/ssp/src/bsp/mcu/s5d9/bsp_fmi_R7FS5D97E3A01CFC.o
LOAD ./synergy/ssp/src/bsp/mcu/s5d9/bsp_group_irq.o
LOAD ./synergy/ssp/src/bsp/mcu/s5d9/bsp_hw_locks.o
LOAD ./synergy/ssp/src/bsp/mcu/s5d9/bsp_module_stop.o
LOAD ./synergy/ssp/src/bsp/mcu/s5d9/bsp_rom_registers.o
LOAD ./synergy/ssp/src/bsp/mcu/all/bsp_common.o
LOAD ./synergy/ssp/src/bsp/mcu/all/bsp_common_leds.o
LOAD ./synergy/ssp/src/bsp/mcu/all/bsp_delay.o
LOAD ./synergy/ssp/src/bsp/mcu/all/bsp_irq.o
LOAD ./synergy/ssp/src/bsp/mcu/all/bsp_locking.o
LOAD ./synergy/ssp/src/bsp/mcu/all/bsp_register_protection.o
LOAD ./synergy/ssp/src/bsp/mcu/all/bsp_sbrk.o
LOAD ./synergy/ssp/src/bsp/cmsis/Device/RENESAS/S5D9/Source/startup_S5D9.o
LOAD ./synergy/ssp/src/bsp/cmsis/Device/RENESAS/S5D9/Source/system_S5D9.o
LOAD ./synergy/board/s5d9_pk/bsp_init.o
LOAD ./synergy/board/s5d9_pk/bsp_leds.o
LOAD ./synergy/board/s5d9_pk/bsp_qspi.o
LOAD ./src/synergy_gen/common_data.o
LOAD ./src/synergy_gen/hal_data.o
LOAD ./src/synergy_gen/pin_data.o
LOAD ./src/adc_thread0.o
LOAD ./src/adc_thread0_entry.o
LOAD ./src/adc_thread_entry.o
LOAD ./src/hal_entry.o
LOAD ./src/led_thread.o
LOAD ./src/main.o
LOAD ./src/threadx_interface.o
LOAD C:\Users\cjg19\Documents\GitHub\adc_s5d9\synergy\ssp\src\bsp\cmsis\DSP_Lib\cm4_gcc\libDSP_Lib.a
LOAD C:\Users\cjg19\Documents\GitHub\adc_s5d9\synergy\ssp\src\framework\el\tx\cm4_gcc\libtx.a
END GROUP
START GROUP
LOAD c:/program files (x86)/gnu tools arm embedded/7 2017-q4-major/bin/../lib/gcc/arm-none-eabi/7.2.1/thumb/v7e-m/fpv4-sp/hard\libgcc.a
LOAD c:/program files (x86)/gnu tools arm embedded/7 2017-q4-major/bin/../lib/gcc/arm-none-eabi/7.2.1/../../../../arm-none-eabi/lib/thumb/v7e-m/fpv4-sp/hard\libg_nano.a
LOAD c:/program files (x86)/gnu tools arm embedded/7 2017-q4-major/bin/../lib/gcc/arm-none-eabi/7.2.1/../../../../arm-none-eabi/lib/thumb/v7e-m/fpv4-sp/hard\libc_nano.a
END GROUP
START GROUP
LOAD c:/program files (x86)/gnu tools arm embedded/7 2017-q4-major/bin/../lib/gcc/arm-none-eabi/7.2.1/thumb/v7e-m/fpv4-sp/hard\libgcc.a
LOAD c:/program files (x86)/gnu tools arm embedded/7 2017-q4-major/bin/../lib/gcc/arm-none-eabi/7.2.1/../../../../arm-none-eabi/lib/thumb/v7e-m/fpv4-sp/hard\libc_nano.a
LOAD c:/program files (x86)/gnu tools arm embedded/7 2017-q4-major/bin/../lib/gcc/arm-none-eabi/7.2.1/../../../../arm-none-eabi/lib/thumb/v7e-m/fpv4-sp/hard\librdimon_nano.a
END GROUP
START GROUP
LOAD c:/program files (x86)/gnu tools arm embedded/7 2017-q4-major/bin/../lib/gcc/arm-none-eabi/7.2.1/thumb/v7e-m/fpv4-sp/hard\libgcc.a
LOAD c:/program files (x86)/gnu tools arm embedded/7 2017-q4-major/bin/../lib/gcc/arm-none-eabi/7.2.1/../../../../arm-none-eabi/lib/thumb/v7e-m/fpv4-sp/hard\libc_nano.a
LOAD c:/program files (x86)/gnu tools arm embedded/7 2017-q4-major/bin/../lib/gcc/arm-none-eabi/7.2.1/../../../../arm-none-eabi/lib/thumb/v7e-m/fpv4-sp/hard\librdimon_nano.a
END GROUP
LOAD c:/program files (x86)/gnu tools arm embedded/7 2017-q4-major/bin/../lib/gcc/arm-none-eabi/7.2.1/thumb/v7e-m/fpv4-sp/hard/crtend.o
LOAD c:/program files (x86)/gnu tools arm embedded/7 2017-q4-major/bin/../lib/gcc/arm-none-eabi/7.2.1/thumb/v7e-m/fpv4-sp/hard/crtn.o
START GROUP
LOAD c:/program files (x86)/gnu tools arm embedded/7 2017-q4-major/bin/../lib/gcc/arm-none-eabi/7.2.1/thumb/v7e-m/fpv4-sp/hard\libgcc.a
LOAD c:/program files (x86)/gnu tools arm embedded/7 2017-q4-major/bin/../lib/gcc/arm-none-eabi/7.2.1/../../../../arm-none-eabi/lib/thumb/v7e-m/fpv4-sp/hard\libc.a
LOAD c:/program files (x86)/gnu tools arm embedded/7 2017-q4-major/bin/../lib/gcc/arm-none-eabi/7.2.1/../../../../arm-none-eabi/lib/thumb/v7e-m/fpv4-sp/hard\libm.a
LOAD c:/program files (x86)/gnu tools arm embedded/7 2017-q4-major/bin/../lib/gcc/arm-none-eabi/7.2.1/../../../../arm-none-eabi/lib/thumb/v7e-m/fpv4-sp/hard\libnosys.a
END GROUP

.text           0x00000000     0x6748
                0x00000000                __ROM_Start = .
 *(.vectors)
 .vectors       0x00000000       0x40 ./synergy/ssp/src/bsp/cmsis/Device/RENESAS/S5D9/Source/startup_S5D9.o
                0x00000000                __Vectors
 *(SORT_BY_NAME(.vector.*))
 .vector.ADC_0_SCAN_END
                0x00000040        0x4 ./src/adc_thread0.o
                0x00000040                g_vector_ADC_0_SCAN_END
                0x00000044                __Vectors_End = .
                0x00000044                __end__ = .
                0x00000400                . = (__ROM_Start + 0x400)
 *fill*         0x00000044      0x3bc ff
 *(.rom_registers*)
 .rom_registers
                0x00000400       0x3c ./synergy/ssp/src/bsp/mcu/s5d9/bsp_rom_registers.o
                0x00000500                . = (__ROM_Start + 0x500)
 *fill*         0x0000043c       0xc4 ff
                0x00000500                __Vector_Info_Start = .
 *(SORT_BY_NAME(.vector_info.*))
 .vector_info.ADC_0_SCAN_END
                0x00000500        0x8 ./src/adc_thread0.o
                0x00000500                g_vector_info_ADC_0_SCAN_END
                0x00000508                __Vector_Info_End = .
                0x00000508                __Lock_Lookup_Start = .
 *(SORT_BY_NAME(.hw_lock_lookup.*))
 .hw_lock_lookup.ADC_0U_0U
                0x00000508        0x4 ./synergy/ssp/src/bsp/mcu/s5d9/bsp_hw_locks.o
                0x00000508                g_lock_lookup_ADC_0U_0U
 .hw_lock_lookup.ADC_0U_1U
                0x0000050c        0x4 ./synergy/ssp/src/bsp/mcu/s5d9/bsp_hw_locks.o
                0x0000050c                g_lock_lookup_ADC_0U_1U
 .hw_lock_lookup.AGT_0U_0U
                0x00000510        0x4 ./synergy/ssp/src/bsp/mcu/s5d9/bsp_hw_locks.o
                0x00000510                g_lock_lookup_AGT_0U_0U
 .hw_lock_lookup.AGT_0U_1U
                0x00000514        0x4 ./synergy/ssp/src/bsp/mcu/s5d9/bsp_hw_locks.o
                0x00000514                g_lock_lookup_AGT_0U_1U
 .hw_lock_lookup.BSC_0U_1U
                0x00000518        0x4 ./synergy/ssp/src/bsp/mcu/s5d9/bsp_hw_locks.o
                0x00000518                g_lock_lookup_BSC_0U_1U
 .hw_lock_lookup.CAC_0U_0U
                0x0000051c        0x4 ./synergy/ssp/src/bsp/mcu/s5d9/bsp_hw_locks.o
                0x0000051c                g_lock_lookup_CAC_0U_0U
 .hw_lock_lookup.CAN_0U_0U
                0x00000520        0x4 ./synergy/ssp/src/bsp/mcu/s5d9/bsp_hw_locks.o
                0x00000520                g_lock_lookup_CAN_0U_0U
 .hw_lock_lookup.CAN_0U_1U
                0x00000524        0x4 ./synergy/ssp/src/bsp/mcu/s5d9/bsp_hw_locks.o
                0x00000524                g_lock_lookup_CAN_0U_1U
 .hw_lock_lookup.COMP_HS_0U_0U
                0x00000528        0x4 ./synergy/ssp/src/bsp/mcu/s5d9/bsp_hw_locks.o
                0x00000528                g_lock_lookup_COMP_HS_0U_0U
 .hw_lock_lookup.COMP_HS_0U_1U
                0x0000052c        0x4 ./synergy/ssp/src/bsp/mcu/s5d9/bsp_hw_locks.o
                0x0000052c                g_lock_lookup_COMP_HS_0U_1U
 .hw_lock_lookup.COMP_HS_0U_2U
                0x00000530        0x4 ./synergy/ssp/src/bsp/mcu/s5d9/bsp_hw_locks.o
                0x00000530                g_lock_lookup_COMP_HS_0U_2U
 .hw_lock_lookup.COMP_HS_0U_3U
                0x00000534        0x4 ./synergy/ssp/src/bsp/mcu/s5d9/bsp_hw_locks.o
                0x00000534                g_lock_lookup_COMP_HS_0U_3U
 .hw_lock_lookup.COMP_HS_0U_4U
                0x00000538        0x4 ./synergy/ssp/src/bsp/mcu/s5d9/bsp_hw_locks.o
                0x00000538                g_lock_lookup_COMP_HS_0U_4U
 .hw_lock_lookup.COMP_HS_0U_5U
                0x0000053c        0x4 ./synergy/ssp/src/bsp/mcu/s5d9/bsp_hw_locks.o
                0x0000053c                g_lock_lookup_COMP_HS_0U_5U
 .hw_lock_lookup.CRC_0U_0U
                0x00000540        0x4 ./synergy/ssp/src/bsp/mcu/s5d9/bsp_hw_locks.o
                0x00000540                g_lock_lookup_CRC_0U_0U
 .hw_lock_lookup.CTSU_0U_0U
                0x00000544        0x4 ./synergy/ssp/src/bsp/mcu/s5d9/bsp_hw_locks.o
                0x00000544                g_lock_lookup_CTSU_0U_0U
 .hw_lock_lookup.DAAD_0U_0U
                0x00000548        0x4 ./synergy/ssp/src/bsp/mcu/s5d9/bsp_hw_locks.o
                0x00000548                g_lock_lookup_DAAD_0U_0U
 .hw_lock_lookup.DAC_0U_0U
                0x0000054c        0x4 ./synergy/ssp/src/bsp/mcu/s5d9/bsp_hw_locks.o
                0x0000054c                g_lock_lookup_DAC_0U_0U
 .hw_lock_lookup.DAC_0U_1U
                0x00000550        0x4 ./synergy/ssp/src/bsp/mcu/s5d9/bsp_hw_locks.o
                0x00000550                g_lock_lookup_DAC_0U_1U
 .hw_lock_lookup.DMAC_0U_0U
                0x00000554        0x4 ./synergy/ssp/src/bsp/mcu/s5d9/bsp_hw_locks.o
                0x00000554                g_lock_lookup_DMAC_0U_0U
 .hw_lock_lookup.DMAC_0U_1U
                0x00000558        0x4 ./synergy/ssp/src/bsp/mcu/s5d9/bsp_hw_locks.o
                0x00000558                g_lock_lookup_DMAC_0U_1U
 .hw_lock_lookup.DMAC_0U_2U
                0x0000055c        0x4 ./synergy/ssp/src/bsp/mcu/s5d9/bsp_hw_locks.o
                0x0000055c                g_lock_lookup_DMAC_0U_2U
 .hw_lock_lookup.DMAC_0U_3U
                0x00000560        0x4 ./synergy/ssp/src/bsp/mcu/s5d9/bsp_hw_locks.o
                0x00000560                g_lock_lookup_DMAC_0U_3U
 .hw_lock_lookup.DMAC_0U_4U
                0x00000564        0x4 ./synergy/ssp/src/bsp/mcu/s5d9/bsp_hw_locks.o
                0x00000564                g_lock_lookup_DMAC_0U_4U
 .hw_lock_lookup.DMAC_0U_5U
                0x00000568        0x4 ./synergy/ssp/src/bsp/mcu/s5d9/bsp_hw_locks.o
                0x00000568                g_lock_lookup_DMAC_0U_5U
 .hw_lock_lookup.DMAC_0U_6U
                0x0000056c        0x4 ./synergy/ssp/src/bsp/mcu/s5d9/bsp_hw_locks.o
                0x0000056c                g_lock_lookup_DMAC_0U_6U
 .hw_lock_lookup.DMAC_0U_7U
                0x00000570        0x4 ./synergy/ssp/src/bsp/mcu/s5d9/bsp_hw_locks.o
                0x00000570                g_lock_lookup_DMAC_0U_7U
 .hw_lock_lookup.DOC_0U_0U
                0x00000574        0x4 ./synergy/ssp/src/bsp/mcu/s5d9/bsp_hw_locks.o
                0x00000574                g_lock_lookup_DOC_0U_0U
 .hw_lock_lookup.DRW_0U_0U
                0x00000578        0x4 ./synergy/ssp/src/bsp/mcu/s5d9/bsp_hw_locks.o
                0x00000578                g_lock_lookup_DRW_0U_0U
 .hw_lock_lookup.DTC_0U_0U
                0x0000057c        0x4 ./synergy/ssp/src/bsp/mcu/s5d9/bsp_hw_locks.o
                0x0000057c                g_lock_lookup_DTC_0U_0U
 .hw_lock_lookup.ELC_0U_0U
                0x00000580        0x4 ./synergy/ssp/src/bsp/mcu/s5d9/bsp_hw_locks.o
                0x00000580                g_lock_lookup_ELC_0U_0U
 .hw_lock_lookup.EPTPC_0U_0U
                0x00000584        0x4 ./synergy/ssp/src/bsp/mcu/s5d9/bsp_hw_locks.o
                0x00000584                g_lock_lookup_EPTPC_0U_0U
 .hw_lock_lookup.ETHER_0U_0U
                0x00000588        0x4 ./synergy/ssp/src/bsp/mcu/s5d9/bsp_hw_locks.o
                0x00000588                g_lock_lookup_ETHER_0U_0U
 .hw_lock_lookup.ETHER_0U_1U
                0x0000058c        0x4 ./synergy/ssp/src/bsp/mcu/s5d9/bsp_hw_locks.o
                0x0000058c                g_lock_lookup_ETHER_0U_1U
 .hw_lock_lookup.FCU_0U_0U
                0x00000590        0x4 ./synergy/ssp/src/bsp/mcu/s5d9/bsp_hw_locks.o
                0x00000590                g_lock_lookup_FCU_0U_0U
 .hw_lock_lookup.GLCDC_0U_0U
                0x00000594        0x4 ./synergy/ssp/src/bsp/mcu/s5d9/bsp_hw_locks.o
                0x00000594                g_lock_lookup_GLCDC_0U_0U
 .hw_lock_lookup.GPT_0U_0U
                0x00000598        0x4 ./synergy/ssp/src/bsp/mcu/s5d9/bsp_hw_locks.o
                0x00000598                g_lock_lookup_GPT_0U_0U
 .hw_lock_lookup.GPT_0U_10U
                0x0000059c        0x4 ./synergy/ssp/src/bsp/mcu/s5d9/bsp_hw_locks.o
                0x0000059c                g_lock_lookup_GPT_0U_10U
 .hw_lock_lookup.GPT_0U_11U
                0x000005a0        0x4 ./synergy/ssp/src/bsp/mcu/s5d9/bsp_hw_locks.o
                0x000005a0                g_lock_lookup_GPT_0U_11U
 .hw_lock_lookup.GPT_0U_12U
                0x000005a4        0x4 ./synergy/ssp/src/bsp/mcu/s5d9/bsp_hw_locks.o
                0x000005a4                g_lock_lookup_GPT_0U_12U
 .hw_lock_lookup.GPT_0U_13U
                0x000005a8        0x4 ./synergy/ssp/src/bsp/mcu/s5d9/bsp_hw_locks.o
                0x000005a8                g_lock_lookup_GPT_0U_13U
 .hw_lock_lookup.GPT_0U_1U
                0x000005ac        0x4 ./synergy/ssp/src/bsp/mcu/s5d9/bsp_hw_locks.o
                0x000005ac                g_lock_lookup_GPT_0U_1U
 .hw_lock_lookup.GPT_0U_2U
                0x000005b0        0x4 ./synergy/ssp/src/bsp/mcu/s5d9/bsp_hw_locks.o
                0x000005b0                g_lock_lookup_GPT_0U_2U
 .hw_lock_lookup.GPT_0U_3U
                0x000005b4        0x4 ./synergy/ssp/src/bsp/mcu/s5d9/bsp_hw_locks.o
                0x000005b4                g_lock_lookup_GPT_0U_3U
 .hw_lock_lookup.GPT_0U_4U
                0x000005b8        0x4 ./synergy/ssp/src/bsp/mcu/s5d9/bsp_hw_locks.o
                0x000005b8                g_lock_lookup_GPT_0U_4U
 .hw_lock_lookup.GPT_0U_5U
                0x000005bc        0x4 ./synergy/ssp/src/bsp/mcu/s5d9/bsp_hw_locks.o
                0x000005bc                g_lock_lookup_GPT_0U_5U
 .hw_lock_lookup.GPT_0U_6U
                0x000005c0        0x4 ./synergy/ssp/src/bsp/mcu/s5d9/bsp_hw_locks.o
                0x000005c0                g_lock_lookup_GPT_0U_6U
 .hw_lock_lookup.GPT_0U_7U
                0x000005c4        0x4 ./synergy/ssp/src/bsp/mcu/s5d9/bsp_hw_locks.o
                0x000005c4                g_lock_lookup_GPT_0U_7U
 .hw_lock_lookup.GPT_0U_8U
                0x000005c8        0x4 ./synergy/ssp/src/bsp/mcu/s5d9/bsp_hw_locks.o
                0x000005c8                g_lock_lookup_GPT_0U_8U
 .hw_lock_lookup.GPT_0U_9U
                0x000005cc        0x4 ./synergy/ssp/src/bsp/mcu/s5d9/bsp_hw_locks.o
                0x000005cc                g_lock_lookup_GPT_0U_9U
 .hw_lock_lookup.ICU_0U_0U
                0x000005d0        0x4 ./synergy/ssp/src/bsp/mcu/s5d9/bsp_hw_locks.o
                0x000005d0                g_lock_lookup_ICU_0U_0U
 .hw_lock_lookup.ICU_0U_10U
                0x000005d4        0x4 ./synergy/ssp/src/bsp/mcu/s5d9/bsp_hw_locks.o
                0x000005d4                g_lock_lookup_ICU_0U_10U
 .hw_lock_lookup.ICU_0U_11U
                0x000005d8        0x4 ./synergy/ssp/src/bsp/mcu/s5d9/bsp_hw_locks.o
                0x000005d8                g_lock_lookup_ICU_0U_11U
 .hw_lock_lookup.ICU_0U_12U
                0x000005dc        0x4 ./synergy/ssp/src/bsp/mcu/s5d9/bsp_hw_locks.o
                0x000005dc                g_lock_lookup_ICU_0U_12U
 .hw_lock_lookup.ICU_0U_13U
                0x000005e0        0x4 ./synergy/ssp/src/bsp/mcu/s5d9/bsp_hw_locks.o
                0x000005e0                g_lock_lookup_ICU_0U_13U
 .hw_lock_lookup.ICU_0U_14U
                0x000005e4        0x4 ./synergy/ssp/src/bsp/mcu/s5d9/bsp_hw_locks.o
                0x000005e4                g_lock_lookup_ICU_0U_14U
 .hw_lock_lookup.ICU_0U_15U
                0x000005e8        0x4 ./synergy/ssp/src/bsp/mcu/s5d9/bsp_hw_locks.o
                0x000005e8                g_lock_lookup_ICU_0U_15U
 .hw_lock_lookup.ICU_0U_1U
                0x000005ec        0x4 ./synergy/ssp/src/bsp/mcu/s5d9/bsp_hw_locks.o
                0x000005ec                g_lock_lookup_ICU_0U_1U
 .hw_lock_lookup.ICU_0U_2U
                0x000005f0        0x4 ./synergy/ssp/src/bsp/mcu/s5d9/bsp_hw_locks.o
                0x000005f0                g_lock_lookup_ICU_0U_2U
 .hw_lock_lookup.ICU_0U_3U
                0x000005f4        0x4 ./synergy/ssp/src/bsp/mcu/s5d9/bsp_hw_locks.o
                0x000005f4                g_lock_lookup_ICU_0U_3U
 .hw_lock_lookup.ICU_0U_4U
                0x000005f8        0x4 ./synergy/ssp/src/bsp/mcu/s5d9/bsp_hw_locks.o
                0x000005f8                g_lock_lookup_ICU_0U_4U
 .hw_lock_lookup.ICU_0U_5U
                0x000005fc        0x4 ./synergy/ssp/src/bsp/mcu/s5d9/bsp_hw_locks.o
                0x000005fc                g_lock_lookup_ICU_0U_5U
 .hw_lock_lookup.ICU_0U_6U
                0x00000600        0x4 ./synergy/ssp/src/bsp/mcu/s5d9/bsp_hw_locks.o
                0x00000600                g_lock_lookup_ICU_0U_6U
 .hw_lock_lookup.ICU_0U_7U
                0x00000604        0x4 ./synergy/ssp/src/bsp/mcu/s5d9/bsp_hw_locks.o
                0x00000604                g_lock_lookup_ICU_0U_7U
 .hw_lock_lookup.ICU_0U_8U
                0x00000608        0x4 ./synergy/ssp/src/bsp/mcu/s5d9/bsp_hw_locks.o
                0x00000608                g_lock_lookup_ICU_0U_8U
 .hw_lock_lookup.ICU_0U_9U
                0x0000060c        0x4 ./synergy/ssp/src/bsp/mcu/s5d9/bsp_hw_locks.o
                0x0000060c                g_lock_lookup_ICU_0U_9U
 .hw_lock_lookup.IIC_0U_0U
                0x00000610        0x4 ./synergy/ssp/src/bsp/mcu/s5d9/bsp_hw_locks.o
                0x00000610                g_lock_lookup_IIC_0U_0U
 .hw_lock_lookup.IIC_0U_1U
                0x00000614        0x4 ./synergy/ssp/src/bsp/mcu/s5d9/bsp_hw_locks.o
                0x00000614                g_lock_lookup_IIC_0U_1U
 .hw_lock_lookup.IIC_0U_2U
                0x00000618        0x4 ./synergy/ssp/src/bsp/mcu/s5d9/bsp_hw_locks.o
                0x00000618                g_lock_lookup_IIC_0U_2U
 .hw_lock_lookup.IRDA_0U_0U
                0x0000061c        0x4 ./synergy/ssp/src/bsp/mcu/s5d9/bsp_hw_locks.o
                0x0000061c                g_lock_lookup_IRDA_0U_0U
 .hw_lock_lookup.IWDT_0U_0U
                0x00000620        0x4 ./synergy/ssp/src/bsp/mcu/s5d9/bsp_hw_locks.o
                0x00000620                g_lock_lookup_IWDT_0U_0U
 .hw_lock_lookup.JPEG_0U_0U
                0x00000624        0x4 ./synergy/ssp/src/bsp/mcu/s5d9/bsp_hw_locks.o
                0x00000624                g_lock_lookup_JPEG_0U_0U
 .hw_lock_lookup.KEY_0U_0U
                0x00000628        0x4 ./synergy/ssp/src/bsp/mcu/s5d9/bsp_hw_locks.o
                0x00000628                g_lock_lookup_KEY_0U_0U
 .hw_lock_lookup.LPM_1U_0U
                0x0000062c        0x4 ./synergy/ssp/src/bsp/mcu/s5d9/bsp_hw_locks.o
                0x0000062c                g_lock_lookup_LPM_1U_0U
 .hw_lock_lookup.LVD_0U_0U
                0x00000630        0x4 ./synergy/ssp/src/bsp/mcu/s5d9/bsp_hw_locks.o
                0x00000630                g_lock_lookup_LVD_0U_0U
 .hw_lock_lookup.LVD_0U_1U
                0x00000634        0x4 ./synergy/ssp/src/bsp/mcu/s5d9/bsp_hw_locks.o
                0x00000634                g_lock_lookup_LVD_0U_1U
 .hw_lock_lookup.MMF_0U_0U
                0x00000638        0x4 ./synergy/ssp/src/bsp/mcu/s5d9/bsp_hw_locks.o
                0x00000638                g_lock_lookup_MMF_0U_0U
 .hw_lock_lookup.MPU_0U_0U
                0x0000063c        0x4 ./synergy/ssp/src/bsp/mcu/s5d9/bsp_hw_locks.o
                0x0000063c                g_lock_lookup_MPU_0U_0U
 .hw_lock_lookup.OPS_0U_0U
                0x00000640        0x4 ./synergy/ssp/src/bsp/mcu/s5d9/bsp_hw_locks.o
                0x00000640                g_lock_lookup_OPS_0U_0U
 .hw_lock_lookup.PDC_0U_0U
                0x00000644        0x4 ./synergy/ssp/src/bsp/mcu/s5d9/bsp_hw_locks.o
                0x00000644                g_lock_lookup_PDC_0U_0U
 .hw_lock_lookup.POEG_0U_0U
                0x00000648        0x4 ./synergy/ssp/src/bsp/mcu/s5d9/bsp_hw_locks.o
                0x00000648                g_lock_lookup_POEG_0U_0U
 .hw_lock_lookup.POEG_0U_1U
                0x0000064c        0x4 ./synergy/ssp/src/bsp/mcu/s5d9/bsp_hw_locks.o
                0x0000064c                g_lock_lookup_POEG_0U_1U
 .hw_lock_lookup.POEG_0U_2U
                0x00000650        0x4 ./synergy/ssp/src/bsp/mcu/s5d9/bsp_hw_locks.o
                0x00000650                g_lock_lookup_POEG_0U_2U
 .hw_lock_lookup.POEG_0U_3U
                0x00000654        0x4 ./synergy/ssp/src/bsp/mcu/s5d9/bsp_hw_locks.o
                0x00000654                g_lock_lookup_POEG_0U_3U
 .hw_lock_lookup.QSPI_0U_0U
                0x00000658        0x4 ./synergy/ssp/src/bsp/mcu/s5d9/bsp_hw_locks.o
                0x00000658                g_lock_lookup_QSPI_0U_0U
 .hw_lock_lookup.RTC_0U_0U
                0x0000065c        0x4 ./synergy/ssp/src/bsp/mcu/s5d9/bsp_hw_locks.o
                0x0000065c                g_lock_lookup_RTC_0U_0U
 .hw_lock_lookup.SCE_0U_0U
                0x00000660        0x4 ./synergy/ssp/src/bsp/mcu/s5d9/bsp_hw_locks.o
                0x00000660                g_lock_lookup_SCE_0U_0U
 .hw_lock_lookup.SCI_0U_0U
                0x00000664        0x4 ./synergy/ssp/src/bsp/mcu/s5d9/bsp_hw_locks.o
                0x00000664                g_lock_lookup_SCI_0U_0U
 .hw_lock_lookup.SCI_0U_1U
                0x00000668        0x4 ./synergy/ssp/src/bsp/mcu/s5d9/bsp_hw_locks.o
                0x00000668                g_lock_lookup_SCI_0U_1U
 .hw_lock_lookup.SCI_0U_2U
                0x0000066c        0x4 ./synergy/ssp/src/bsp/mcu/s5d9/bsp_hw_locks.o
                0x0000066c                g_lock_lookup_SCI_0U_2U
 .hw_lock_lookup.SCI_0U_3U
                0x00000670        0x4 ./synergy/ssp/src/bsp/mcu/s5d9/bsp_hw_locks.o
                0x00000670                g_lock_lookup_SCI_0U_3U
 .hw_lock_lookup.SCI_0U_4U
                0x00000674        0x4 ./synergy/ssp/src/bsp/mcu/s5d9/bsp_hw_locks.o
                0x00000674                g_lock_lookup_SCI_0U_4U
 .hw_lock_lookup.SCI_0U_5U
                0x00000678        0x4 ./synergy/ssp/src/bsp/mcu/s5d9/bsp_hw_locks.o
                0x00000678                g_lock_lookup_SCI_0U_5U
 .hw_lock_lookup.SCI_0U_6U
                0x0000067c        0x4 ./synergy/ssp/src/bsp/mcu/s5d9/bsp_hw_locks.o
                0x0000067c                g_lock_lookup_SCI_0U_6U
 .hw_lock_lookup.SCI_0U_7U
                0x00000680        0x4 ./synergy/ssp/src/bsp/mcu/s5d9/bsp_hw_locks.o
                0x00000680                g_lock_lookup_SCI_0U_7U
 .hw_lock_lookup.SCI_0U_8U
                0x00000684        0x4 ./synergy/ssp/src/bsp/mcu/s5d9/bsp_hw_locks.o
                0x00000684                g_lock_lookup_SCI_0U_8U
 .hw_lock_lookup.SCI_0U_9U
                0x00000688        0x4 ./synergy/ssp/src/bsp/mcu/s5d9/bsp_hw_locks.o
                0x00000688                g_lock_lookup_SCI_0U_9U
 .hw_lock_lookup.SDHIMMC_0U_0U
                0x0000068c        0x4 ./synergy/ssp/src/bsp/mcu/s5d9/bsp_hw_locks.o
                0x0000068c                g_lock_lookup_SDHIMMC_0U_0U
 .hw_lock_lookup.SDHIMMC_0U_1U
                0x00000690        0x4 ./synergy/ssp/src/bsp/mcu/s5d9/bsp_hw_locks.o
                0x00000690                g_lock_lookup_SDHIMMC_0U_1U
 .hw_lock_lookup.SPI_0U_0U
                0x00000694        0x4 ./synergy/ssp/src/bsp/mcu/s5d9/bsp_hw_locks.o
                0x00000694                g_lock_lookup_SPI_0U_0U
 .hw_lock_lookup.SPI_0U_1U
                0x00000698        0x4 ./synergy/ssp/src/bsp/mcu/s5d9/bsp_hw_locks.o
                0x00000698                g_lock_lookup_SPI_0U_1U
 .hw_lock_lookup.SRC_0U_0U
                0x0000069c        0x4 ./synergy/ssp/src/bsp/mcu/s5d9/bsp_hw_locks.o
                0x0000069c                g_lock_lookup_SRC_0U_0U
 .hw_lock_lookup.SSI_0U_0U
                0x000006a0        0x4 ./synergy/ssp/src/bsp/mcu/s5d9/bsp_hw_locks.o
                0x000006a0                g_lock_lookup_SSI_0U_0U
 .hw_lock_lookup.SSI_0U_1U
                0x000006a4        0x4 ./synergy/ssp/src/bsp/mcu/s5d9/bsp_hw_locks.o
                0x000006a4                g_lock_lookup_SSI_0U_1U
 .hw_lock_lookup.TSN_0U_0U
                0x000006a8        0x4 ./synergy/ssp/src/bsp/mcu/s5d9/bsp_hw_locks.o
                0x000006a8                g_lock_lookup_TSN_0U_0U
 .hw_lock_lookup.USB_0U_0U
                0x000006ac        0x4 ./synergy/ssp/src/bsp/mcu/s5d9/bsp_hw_locks.o
                0x000006ac                g_lock_lookup_USB_0U_0U
 .hw_lock_lookup.USB_1U_0U
                0x000006b0        0x4 ./synergy/ssp/src/bsp/mcu/s5d9/bsp_hw_locks.o
                0x000006b0                g_lock_lookup_USB_1U_0U
 .hw_lock_lookup.WDT_0U_0U
                0x000006b4        0x4 ./synergy/ssp/src/bsp/mcu/s5d9/bsp_hw_locks.o
                0x000006b4                g_lock_lookup_WDT_0U_0U
                0x000006b8                __Lock_Lookup_End = .
 *(.text*)
 .text          0x000006b8       0x40 c:/program files (x86)/gnu tools arm embedded/7 2017-q4-major/bin/../lib/gcc/arm-none-eabi/7.2.1/thumb/v7e-m/fpv4-sp/hard/crtbegin.o
 .text.R_IOPORT_PinRead
                0x000006f8       0x4c ./synergy/ssp/src/driver/r_ioport/r_ioport.o
                0x000006f8                R_IOPORT_PinRead
 .text.R_IOPORT_PortRead
                0x00000744       0x28 ./synergy/ssp/src/driver/r_ioport/r_ioport.o
                0x00000744                R_IOPORT_PortRead
 .text.R_IOPORT_PortEventInputRead
                0x0000076c       0x28 ./synergy/ssp/src/driver/r_ioport/r_ioport.o
                0x0000076c                R_IOPORT_PortEventInputRead
 .text.R_IOPORT_PinEventInputRead
                0x00000794       0x54 ./synergy/ssp/src/driver/r_ioport/r_ioport.o
                0x00000794                R_IOPORT_PinEventInputRead
 .text.R_IOPORT_PortEventOutputWrite
                0x000007e8       0x38 ./synergy/ssp/src/driver/r_ioport/r_ioport.o
                0x000007e8                R_IOPORT_PortEventOutputWrite
 .text.R_IOPORT_PinEventOutputWrite
                0x00000820       0x58 ./synergy/ssp/src/driver/r_ioport/r_ioport.o
                0x00000820                R_IOPORT_PinEventOutputWrite
 .text.R_IOPORT_VersionGet
                0x00000878       0x14 ./synergy/ssp/src/driver/r_ioport/r_ioport.o
                0x00000878                R_IOPORT_VersionGet
 .text.R_IOPORT_PinWrite
                0x0000088c       0x54 ./synergy/ssp/src/driver/r_ioport/r_ioport.o
                0x0000088c                R_IOPORT_PinWrite
 .text.R_IOPORT_PinDirectionSet
                0x000008e0       0xd0 ./synergy/ssp/src/driver/r_ioport/r_ioport.o
                0x000008e0                R_IOPORT_PinDirectionSet
 .text.R_IOPORT_PortWrite
                0x000009b0       0x38 ./synergy/ssp/src/driver/r_ioport/r_ioport.o
                0x000009b0                R_IOPORT_PortWrite
 .text.R_IOPORT_PortDirectionSet
                0x000009e8       0x40 ./synergy/ssp/src/driver/r_ioport/r_ioport.o
                0x000009e8                R_IOPORT_PortDirectionSet
 .text.bsp_vbatt_init.isra.4
                0x00000a28       0x8c ./synergy/ssp/src/driver/r_ioport/r_ioport.o
 .text.R_IOPORT_EthernetModeCfg
                0x00000ab4       0x54 ./synergy/ssp/src/driver/r_ioport/r_ioport.o
                0x00000ab4                R_IOPORT_EthernetModeCfg
 .text.R_IOPORT_PinsCfg.part.5
                0x00000b08       0xc0 ./synergy/ssp/src/driver/r_ioport/r_ioport.o
 .text.R_IOPORT_PinsCfg
                0x00000bc8       0x10 ./synergy/ssp/src/driver/r_ioport/r_ioport.o
                0x00000bc8                R_IOPORT_PinsCfg
 .text.R_IOPORT_Init
                0x00000bd8       0x88 ./synergy/ssp/src/driver/r_ioport/r_ioport.o
                0x00000bd8                R_IOPORT_Init
 .text.R_IOPORT_PinCfg
                0x00000c60       0xcc ./synergy/ssp/src/driver/r_ioport/r_ioport.o
                0x00000c60                R_IOPORT_PinCfg
 .text.R_FMI_ProductInfoGet
                0x00000d2c       0x30 ./synergy/ssp/src/driver/r_fmi/r_fmi.o
 .text.R_FMI_VersionGet
                0x00000d5c       0x14 ./synergy/ssp/src/driver/r_fmi/r_fmi.o
 .text.R_FMI_Init
                0x00000d70       0x6c ./synergy/ssp/src/driver/r_fmi/r_fmi.o
 .text.R_FMI_UniqueIdGet
                0x00000ddc       0x40 ./synergy/ssp/src/driver/r_fmi/r_fmi.o
 .text.R_FMI_EventInfoGet
                0x00000e1c       0x84 ./synergy/ssp/src/driver/r_fmi/r_fmi.o
 .text.R_FMI_FeatureGet
                0x00000ea0      0x244 ./synergy/ssp/src/driver/r_fmi/r_fmi.o
 .text.R_ELC_LinkSet
                0x000010e4       0x14 ./synergy/ssp/src/driver/r_elc/r_elc.o
                0x000010e4                R_ELC_LinkSet
 .text.R_ELC_LinkBreak
                0x000010f8       0x14 ./synergy/ssp/src/driver/r_elc/r_elc.o
                0x000010f8                R_ELC_LinkBreak
 .text.R_ELC_Enable
                0x0000110c       0x14 ./synergy/ssp/src/driver/r_elc/r_elc.o
                0x0000110c                R_ELC_Enable
 .text.R_ELC_Disable
                0x00001120       0x14 ./synergy/ssp/src/driver/r_elc/r_elc.o
                0x00001120                R_ELC_Disable
 .text.R_ELC_VersionGet
                0x00001134       0x14 ./synergy/ssp/src/driver/r_elc/r_elc.o
                0x00001134                R_ELC_VersionGet
 .text.R_ELC_SoftwareEventGenerate
                0x00001148       0x30 ./synergy/ssp/src/driver/r_elc/r_elc.o
                0x00001148                R_ELC_SoftwareEventGenerate
 .text.R_ELC_Init
                0x00001178       0x7c ./synergy/ssp/src/driver/r_elc/r_elc.o
                0x00001178                R_ELC_Init
 .text.R_CGC_LCDClockCfg
                0x000011f4        0x4 ./synergy/ssp/src/driver/r_cgc/r_cgc.o
                0x000011f4                R_CGC_LCDClockCfg
 .text.R_CGC_LCDClockEnable
                0x000011f8        0x4 ./synergy/ssp/src/driver/r_cgc/r_cgc.o
                0x000011f8                R_CGC_LCDClockEnable
 .text.R_CGC_VersionGet
                0x000011fc       0x14 ./synergy/ssp/src/driver/r_cgc/r_cgc.o
                0x000011fc                R_CGC_VersionGet
 .text.r_cgc_init_pllfreq
                0x00001210       0xd8 ./synergy/ssp/src/driver/r_cgc/r_cgc.o
 .text.R_CGC_SystemClockFreqGet
                0x000012e8       0xb4 ./synergy/ssp/src/driver/r_cgc/r_cgc.o
                0x000012e8                R_CGC_SystemClockFreqGet
 .text.r_cgc_system_dividers_set
                0x0000139c       0x44 ./synergy/ssp/src/driver/r_cgc/r_cgc.o
 .text.R_CGC_OscStopStatusClear
                0x000013e0       0x64 ./synergy/ssp/src/driver/r_cgc/r_cgc.o
                0x000013e0                R_CGC_OscStopStatusClear
 .text.R_CGC_BusClockOutCfg
                0x00001444       0x28 ./synergy/ssp/src/driver/r_cgc/r_cgc.o
                0x00001444                R_CGC_BusClockOutCfg
 .text.R_CGC_BusClockOutEnable
                0x0000146c       0x28 ./synergy/ssp/src/driver/r_cgc/r_cgc.o
                0x0000146c                R_CGC_BusClockOutEnable
 .text.R_CGC_BusClockOutDisable
                0x00001494       0x28 ./synergy/ssp/src/driver/r_cgc/r_cgc.o
                0x00001494                R_CGC_BusClockOutDisable
 .text.R_CGC_ClockOutEnable
                0x000014bc       0x28 ./synergy/ssp/src/driver/r_cgc/r_cgc.o
                0x000014bc                R_CGC_ClockOutEnable
 .text.R_CGC_ClockOutDisable
                0x000014e4       0x28 ./synergy/ssp/src/driver/r_cgc/r_cgc.o
                0x000014e4                R_CGC_ClockOutDisable
 .text.R_CGC_SDRAMClockOutEnable
                0x0000150c       0x28 ./synergy/ssp/src/driver/r_cgc/r_cgc.o
                0x0000150c                R_CGC_SDRAMClockOutEnable
 .text.R_CGC_SDRAMClockOutDisable
                0x00001534       0x28 ./synergy/ssp/src/driver/r_cgc/r_cgc.o
                0x00001534                R_CGC_SDRAMClockOutDisable
 .text.R_CGC_USBClockCfg
                0x0000155c       0x28 ./synergy/ssp/src/driver/r_cgc/r_cgc.o
                0x0000155c                R_CGC_USBClockCfg
 .text.r_cgc_check_dividers
                0x00001584       0x34 ./synergy/ssp/src/driver/r_cgc/r_cgc.o
 .text.R_CGC_SystickUpdate.part.6
                0x000015b8       0x84 ./synergy/ssp/src/driver/r_cgc/r_cgc.o
 .text.R_CGC_SystickUpdate
                0x0000163c        0xc ./synergy/ssp/src/driver/r_cgc/r_cgc.o
                0x0000163c                R_CGC_SystickUpdate
 .text.R_CGC_ClockOutCfg
                0x00001648       0x5c ./synergy/ssp/src/driver/r_cgc/r_cgc.o
                0x00001648                R_CGC_ClockOutCfg
 .text.R_CGC_OscStopDetect
                0x000016a4      0x118 ./synergy/ssp/src/driver/r_cgc/r_cgc.o
                0x000016a4                R_CGC_OscStopDetect
 .text.r_cgc_subclock_drive_set.constprop.16
                0x000017bc       0x34 ./synergy/ssp/src/driver/r_cgc/r_cgc.o
 .text.R_CGC_SDADCClockCfg
                0x000017f0        0x4 ./synergy/ssp/src/driver/r_cgc/r_cgc.o
                0x000017f0                R_CGC_SDADCClockCfg
 .text.R_CGC_LCDClockDisable
                0x000017f4        0x4 ./synergy/ssp/src/driver/r_cgc/r_cgc.o
                0x000017f4                R_CGC_LCDClockDisable
 .text.R_CGC_SDADCClockEnable
                0x000017f8        0x4 ./synergy/ssp/src/driver/r_cgc/r_cgc.o
                0x000017f8                R_CGC_SDADCClockEnable
 .text.R_CGC_SDADCClockDisable
                0x000017fc        0x4 ./synergy/ssp/src/driver/r_cgc/r_cgc.o
                0x000017fc                R_CGC_SDADCClockDisable
 .text.R_CGC_SystemClockGet
                0x00001800       0x58 ./synergy/ssp/src/driver/r_cgc/r_cgc.o
                0x00001800                R_CGC_SystemClockGet
 .text.r_cgc_clock_run_state_get
                0x00001858       0x68 ./synergy/ssp/src/driver/r_cgc/r_cgc.o
                0x00001858                r_cgc_clock_run_state_get
 .text.r_cgc_wait_to_complete
                0x000018c0       0x44 ./synergy/ssp/src/driver/r_cgc/r_cgc.o
 .text.R_CGC_Init
                0x00001904       0xe0 ./synergy/ssp/src/driver/r_cgc/r_cgc.o
                0x00001904                R_CGC_Init
 .text.R_CGC_ClockStop
                0x000019e4      0x154 ./synergy/ssp/src/driver/r_cgc/r_cgc.o
                0x000019e4                R_CGC_ClockStop
 .text.R_CGC_ClockCheck
                0x00001b38       0x8c ./synergy/ssp/src/driver/r_cgc/r_cgc.o
                0x00001b38                R_CGC_ClockCheck
 .text.r_cgc_stabilization_wait
                0x00001bc4       0x30 ./synergy/ssp/src/driver/r_cgc/r_cgc.o
 .text.r_cgc_operating_hw_modeset
                0x00001bf4       0xfc ./synergy/ssp/src/driver/r_cgc/r_cgc.o
                0x00001bf4                r_cgc_operating_hw_modeset
 .text.r_cgc_operating_mode_set
                0x00001cf0       0x50 ./synergy/ssp/src/driver/r_cgc/r_cgc.o
 .text.R_CGC_ClockStart
                0x00001d40      0x358 ./synergy/ssp/src/driver/r_cgc/r_cgc.o
                0x00001d40                R_CGC_ClockStart
 .text.r_cgc_clock_start_stop
                0x00002098       0x54 ./synergy/ssp/src/driver/r_cgc/r_cgc.o
 .text.R_CGC_SystemClockSet
                0x000020ec      0x1b8 ./synergy/ssp/src/driver/r_cgc/r_cgc.o
                0x000020ec                R_CGC_SystemClockSet
 .text.R_CGC_ClocksCfg
                0x000022a4      0x14c ./synergy/ssp/src/driver/r_cgc/r_cgc.o
                0x000022a4                R_CGC_ClocksCfg
 .text.R_ADC_VersionGet
                0x000023f0       0x14 ./synergy/ssp/src/driver/r_adc/r_adc.o
                0x000023f0                R_ADC_VersionGet
 .text.R_ADC_OffsetSet
                0x00002404        0x4 ./synergy/ssp/src/driver/r_adc/r_adc.o
                0x00002404                R_ADC_OffsetSet
 .text.R_ADC_ScanStart
                0x00002408       0x44 ./synergy/ssp/src/driver/r_adc/r_adc.o
                0x00002408                R_ADC_ScanStart
 .text.R_ADC_ScanStop
                0x0000244c       0x34 ./synergy/ssp/src/driver/r_adc/r_adc.o
                0x0000244c                R_ADC_ScanStop
 .text.R_ADC_CheckScanDone
                0x00002480       0x28 ./synergy/ssp/src/driver/r_adc/r_adc.o
                0x00002480                R_ADC_CheckScanDone
 .text.R_ADC_Read
                0x000024a8       0x68 ./synergy/ssp/src/driver/r_adc/r_adc.o
                0x000024a8                R_ADC_Read
 .text.R_ADC_Read32
                0x00002510       0x38 ./synergy/ssp/src/driver/r_adc/r_adc.o
                0x00002510                R_ADC_Read32
 .text.R_ADC_SetSampleStateCount
                0x00002548       0x78 ./synergy/ssp/src/driver/r_adc/r_adc.o
                0x00002548                R_ADC_SetSampleStateCount
 .text.R_ADC_InfoGet
                0x000025c0       0xe4 ./synergy/ssp/src/driver/r_adc/r_adc.o
                0x000025c0                R_ADC_InfoGet
 .text.R_ADC_Calibrate
                0x000026a4       0x48 ./synergy/ssp/src/driver/r_adc/r_adc.o
                0x000026a4                R_ADC_Calibrate
 .text.r_adc_close_sub
                0x000026ec       0x68 ./synergy/ssp/src/driver/r_adc/r_adc.o
 .text.r_adc_open_configure_pga_settings.part.31
                0x00002754      0x1f0 ./synergy/ssp/src/driver/r_adc/r_adc.o
 .text.R_ADC_Close
                0x00002944      0x104 ./synergy/ssp/src/driver/r_adc/r_adc.o
                0x00002944                R_ADC_Close
 .text.R_ADC_Open
                0x00002a48      0x4c8 ./synergy/ssp/src/driver/r_adc/r_adc.o
                0x00002a48                R_ADC_Open
 .text.R_ADC_ScanConfigure
                0x00002f10      0x434 ./synergy/ssp/src/driver/r_adc/r_adc.o
                0x00002f10                R_ADC_ScanConfigure
 .text.adc_scan_end_isr
                0x00003344       0x58 ./synergy/ssp/src/driver/r_adc/r_adc.o
                0x00003344                adc_scan_end_isr
 .text.R_BSP_CacheOff
                0x0000339c       0x28 ./synergy/ssp/src/bsp/mcu/s5d9/bsp_cache.o
                0x0000339c                R_BSP_CacheOff
 .text.R_BSP_CacheSet
                0x000033c4       0x48 ./synergy/ssp/src/bsp/mcu/s5d9/bsp_cache.o
                0x000033c4                R_BSP_CacheSet
 .text.bsp_clock_init
                0x0000340c       0xac ./synergy/ssp/src/bsp/mcu/s5d9/bsp_clocks.o
                0x0000340c                bsp_clock_init
 .text.bsp_cpu_clock_get
                0x000034b8       0x20 ./synergy/ssp/src/bsp/mcu/s5d9/bsp_clocks.o
                0x000034b8                bsp_cpu_clock_get
 .text.bsp_clock_set_callback
                0x000034d8       0xdc ./synergy/ssp/src/bsp/mcu/s5d9/bsp_clocks.o
                0x000034d8                bsp_clock_set_callback
 .text.R_BSP_FeatureAdcGet
                0x000035b4       0x34 ./synergy/ssp/src/bsp/mcu/s5d9/bsp_feature.o
                0x000035b4                R_BSP_FeatureAdcGet
 .text.R_BSP_FeatureIoportGet
                0x000035e8        0xc ./synergy/ssp/src/bsp/mcu/s5d9/bsp_feature.o
                0x000035e8                R_BSP_FeatureIoportGet
 .text.R_BSP_FeatureCgcGet
                0x000035f4        0xc ./synergy/ssp/src/bsp/mcu/s5d9/bsp_feature.o
                0x000035f4                R_BSP_FeatureCgcGet
 .text.bsp_group_interrupt_open
                0x00003600       0x18 ./synergy/ssp/src/bsp/mcu/s5d9/bsp_group_irq.o
                0x00003600                bsp_group_interrupt_open
 .text.R_BSP_GroupIrqWrite
                0x00003618       0x10 ./synergy/ssp/src/bsp/mcu/s5d9/bsp_group_irq.o
                0x00003618                R_BSP_GroupIrqWrite
 .text.NMI_Handler
                0x00003628      0x1c8 ./synergy/ssp/src/bsp/mcu/s5d9/bsp_group_irq.o
                0x00003628                NMI_Handler
 .text.r_bsp_get_mstp_mask
                0x000037f0       0x4c ./synergy/ssp/src/bsp/mcu/s5d9/bsp_module_stop.o
 .text.r_bsp_module_start_stop
                0x0000383c       0x6c ./synergy/ssp/src/bsp/mcu/s5d9/bsp_module_stop.o
 .text.R_BSP_ModuleStop
                0x000038a8        0x8 ./synergy/ssp/src/bsp/mcu/s5d9/bsp_module_stop.o
                0x000038a8                R_BSP_ModuleStop
 .text.R_BSP_ModuleStart
                0x000038b0        0x8 ./synergy/ssp/src/bsp/mcu/s5d9/bsp_module_stop.o
                0x000038b0                R_BSP_ModuleStart
 .text.R_BSP_LedsGet
                0x000038b8       0x20 ./synergy/ssp/src/bsp/mcu/all/bsp_common_leds.o
                0x000038b8                R_BSP_LedsGet
 .text.software_delay_loop
                0x000038d8        0xc ./synergy/ssp/src/bsp/mcu/all/bsp_delay.o
 .text.R_BSP_SoftwareDelay
                0x000038e4       0x60 ./synergy/ssp/src/bsp/mcu/all/bsp_delay.o
                0x000038e4                R_BSP_SoftwareDelay
 .text.R_BSP_IrqStatusClear
                0x00003944       0x18 ./synergy/ssp/src/bsp/mcu/all/bsp_irq.o
                0x00003944                R_BSP_IrqStatusClear
 .text.bsp_irq_cfg
                0x0000395c       0x40 ./synergy/ssp/src/bsp/mcu/all/bsp_irq.o
                0x0000395c                bsp_irq_cfg
 .text.R_BSP_HardwareLock
                0x0000399c       0x68 ./synergy/ssp/src/bsp/mcu/all/bsp_locking.o
                0x0000399c                R_BSP_HardwareLock
 .text.R_BSP_HardwareUnlock
                0x00003a04       0x4c ./synergy/ssp/src/bsp/mcu/all/bsp_locking.o
                0x00003a04                R_BSP_HardwareUnlock
 .text.bsp_init_hardware_locks
                0x00003a50       0x68 ./synergy/ssp/src/bsp/mcu/all/bsp_locking.o
                0x00003a50                bsp_init_hardware_locks
 .text.R_BSP_RegisterProtectEnable
                0x00003ab8       0x60 ./synergy/ssp/src/bsp/mcu/all/bsp_register_protection.o
                0x00003ab8                R_BSP_RegisterProtectEnable
 .text.R_BSP_RegisterProtectDisable
                0x00003b18       0x4c ./synergy/ssp/src/bsp/mcu/all/bsp_register_protection.o
                0x00003b18                R_BSP_RegisterProtectDisable
 .text.bsp_register_protect_open
                0x00003b64       0x10 ./synergy/ssp/src/bsp/mcu/all/bsp_register_protection.o
                0x00003b64                bsp_register_protect_open
 .text._sbrk    0x00003b74       0x40 ./synergy/ssp/src/bsp/mcu/all/bsp_sbrk.o
                0x00003b74                _sbrk
 .text.Default_Handler
                0x00003bb4        0x4 ./synergy/ssp/src/bsp/cmsis/Device/RENESAS/S5D9/Source/startup_S5D9.o
                0x00003bb4                HardFault_Handler
                0x00003bb4                UsageFault_Handler
                0x00003bb4                Default_Handler
                0x00003bb4                MemManage_Handler
                0x00003bb4                SVC_Handler
                0x00003bb4                BusFault_Handler
                0x00003bb4                DebugMon_Handler
 .text.Reset_Handler
                0x00003bb8        0xc ./synergy/ssp/src/bsp/cmsis/Device/RENESAS/S5D9/Source/startup_S5D9.o
                0x00003bb8                Reset_Handler
 .text.R_BSP_WarmStart
                0x00003bc4        0x4 ./synergy/ssp/src/bsp/cmsis/Device/RENESAS/S5D9/Source/system_S5D9.o
                0x00003bc4                R_BSP_WarmStart
 .text.SystemInit
                0x00003bc8      0x160 ./synergy/ssp/src/bsp/cmsis/Device/RENESAS/S5D9/Source/system_S5D9.o
                0x00003bc8                SystemInit
 .text.bsp_init
                0x00003d28        0x4 ./synergy/board/s5d9_pk/bsp_init.o
                0x00003d28                bsp_init
 .text.bsp_qspi_xip_mode
                0x00003d2c       0x80 ./synergy/board/s5d9_pk/bsp_qspi.o
 .text.bsp_qspi_init
                0x00003dac      0x138 ./synergy/board/s5d9_pk/bsp_qspi.o
                0x00003dac                bsp_qspi_init
 .text.g_common_init
                0x00003ee4        0x4 ./src/synergy_gen/common_data.o
                0x00003ee4                g_common_init
 .text.g_hal_init
                0x00003ee8        0x4 ./src/synergy_gen/hal_data.o
                0x00003ee8                g_hal_init
 .text.adc_thread0_func
                0x00003eec       0x10 ./src/adc_thread0.o
 .text.adc_thread0_create
                0x00003efc       0x58 ./src/adc_thread0.o
                0x00003efc                adc_thread0_create
 .text.adc_thread0_entry
                0x00003f54       0xb0 ./src/adc_thread0_entry.o
                0x00003f54                adc_thread0_entry
 .text.led_thread_func
                0x00004004       0x48 ./src/led_thread.o
 .text.led_thread_create
                0x0000404c       0x58 ./src/led_thread.o
                0x0000404c                led_thread_create
 .text.tx_application_define_internal
                0x000040a4        0x4 ./src/main.o
                0x000040a4                tx_application_define_user
                0x000040a4                tx_application_define_internal
 .text.tx_startup_err_callback_internal
                0x000040a8        0x4 ./src/main.o
                0x000040a8                tx_startup_err_callback_internal
                0x000040a8                tx_startup_err_callback
 .text.tx_application_define
                0x000040ac       0x40 ./src/main.o
                0x000040ac                tx_application_define
 .text.tx_startup_common_init
                0x000040ec       0x64 ./src/main.o
                0x000040ec                tx_startup_common_init
 .text.startup.main
                0x00004150        0xc ./src/main.o
                0x00004150                main
 .text.thread_create_main
                0x0000415c       0x1c ./src/threadx_interface.o
                0x0000415c                thread_create_main
 .text._txe_semaphore_create
                0x00004178       0xa4 C:\Users\cjg19\Documents\GitHub\adc_s5d9\synergy\ssp\src\framework\el\tx\cm4_gcc\libtx.a(txe_semaphore_create.o)
                0x00004178                _txe_semaphore_create
 .text._txe_semaphore_get
                0x0000421c       0x2c C:\Users\cjg19\Documents\GitHub\adc_s5d9\synergy\ssp\src\framework\el\tx\cm4_gcc\libtx.a(txe_semaphore_get.o)
                0x0000421c                _txe_semaphore_get
 .text._txe_semaphore_put
                0x00004248       0x18 C:\Users\cjg19\Documents\GitHub\adc_s5d9\synergy\ssp\src\framework\el\tx\cm4_gcc\libtx.a(txe_semaphore_put.o)
                0x00004248                _txe_semaphore_put
 .text._txe_thread_create
                0x00004260      0x150 C:\Users\cjg19\Documents\GitHub\adc_s5d9\synergy\ssp\src\framework\el\tx\cm4_gcc\libtx.a(txe_thread_create.o)
                0x00004260                _txe_thread_create
 .text._tx_initialize_high_level
                0x000043b0       0x70 C:\Users\cjg19\Documents\GitHub\adc_s5d9\synergy\ssp\src\framework\el\tx\cm4_gcc\libtx.a(tx_initialize_high_level.o)
                0x000043b0                _tx_initialize_high_level
 .text._tx_initialize_kernel_enter
                0x00004420       0x48 C:\Users\cjg19\Documents\GitHub\adc_s5d9\synergy\ssp\src\framework\el\tx\cm4_gcc\libtx.a(tx_initialize_kernel_enter.o)
                0x00004420                _tx_initialize_kernel_enter
 .text.tx_isr_end
                0x00004468        0x4 C:\Users\cjg19\Documents\GitHub\adc_s5d9\synergy\ssp\src\framework\el\tx\cm4_gcc\libtx.a(tx_isr_end.o)
                0x00004468                tx_isr_end
 .text.tx_isr_start
                0x0000446c        0x4 C:\Users\cjg19\Documents\GitHub\adc_s5d9\synergy\ssp\src\framework\el\tx\cm4_gcc\libtx.a(tx_isr_start.o)
                0x0000446c                tx_isr_start
 .text._tx_semaphore_create
                0x00004470       0x54 C:\Users\cjg19\Documents\GitHub\adc_s5d9\synergy\ssp\src\framework\el\tx\cm4_gcc\libtx.a(tx_semaphore_create.o)
                0x00004470                _tx_semaphore_create
 .text._tx_semaphore_get
                0x000044c4       0x84 C:\Users\cjg19\Documents\GitHub\adc_s5d9\synergy\ssp\src\framework\el\tx\cm4_gcc\libtx.a(tx_semaphore_get.o)
                0x000044c4                _tx_semaphore_get
 .text._tx_semaphore_put
                0x00004548       0x54 C:\Users\cjg19\Documents\GitHub\adc_s5d9\synergy\ssp\src\framework\el\tx\cm4_gcc\libtx.a(tx_semaphore_put.o)
                0x00004548                _tx_semaphore_put
 .text._tx_thread_create
                0x0000459c      0x138 C:\Users\cjg19\Documents\GitHub\adc_s5d9\synergy\ssp\src\framework\el\tx\cm4_gcc\libtx.a(tx_thread_create.o)
                0x0000459c                _tx_thread_create
 .text._tx_thread_initialize
                0x000046d4       0x64 C:\Users\cjg19\Documents\GitHub\adc_s5d9\synergy\ssp\src\framework\el\tx\cm4_gcc\libtx.a(tx_thread_initialize.o)
                0x000046d4                _tx_thread_initialize
 .text._tx_thread_shell_entry
                0x00004738       0x48 C:\Users\cjg19\Documents\GitHub\adc_s5d9\synergy\ssp\src\framework\el\tx\cm4_gcc\libtx.a(tx_thread_shell_entry.o)
                0x00004738                _tx_thread_shell_entry
 .text._tx_thread_sleep
                0x00004780       0x60 C:\Users\cjg19\Documents\GitHub\adc_s5d9\synergy\ssp\src\framework\el\tx\cm4_gcc\libtx.a(tx_thread_sleep.o)
                0x00004780                _tx_thread_sleep
 .text._tx_thread_system_preempt_check
                0x000047e0       0x3c C:\Users\cjg19\Documents\GitHub\adc_s5d9\synergy\ssp\src\framework\el\tx\cm4_gcc\libtx.a(tx_thread_system_preempt_check.o)
                0x000047e0                _tx_thread_system_preempt_check
 .text._tx_thread_system_resume
                0x0000481c       0xec C:\Users\cjg19\Documents\GitHub\adc_s5d9\synergy\ssp\src\framework\el\tx\cm4_gcc\libtx.a(tx_thread_system_resume.o)
                0x0000481c                _tx_thread_system_resume
 .text._tx_thread_system_suspend
                0x00004908      0x104 C:\Users\cjg19\Documents\GitHub\adc_s5d9\synergy\ssp\src\framework\el\tx\cm4_gcc\libtx.a(tx_thread_system_suspend.o)
                0x00004908                _tx_thread_system_suspend
 .text._tx_thread_timeout
                0x00004a0c       0x40 C:\Users\cjg19\Documents\GitHub\adc_s5d9\synergy\ssp\src\framework\el\tx\cm4_gcc\libtx.a(tx_thread_timeout.o)
                0x00004a0c                _tx_thread_timeout
 .text._tx_timer_initialize
                0x00004a4c       0x74 C:\Users\cjg19\Documents\GitHub\adc_s5d9\synergy\ssp\src\framework\el\tx\cm4_gcc\libtx.a(tx_timer_initialize.o)
                0x00004a4c                _tx_timer_initialize
 .text._tx_timer_system_activate
                0x00004ac0       0x54 C:\Users\cjg19\Documents\GitHub\adc_s5d9\synergy\ssp\src\framework\el\tx\cm4_gcc\libtx.a(tx_timer_system_activate.o)
                0x00004ac0                _tx_timer_system_activate
 .text._tx_timer_system_deactivate
                0x00004b14       0x2c C:\Users\cjg19\Documents\GitHub\adc_s5d9\synergy\ssp\src\framework\el\tx\cm4_gcc\libtx.a(tx_timer_system_deactivate.o)
                0x00004b14                _tx_timer_system_deactivate
 .text._tx_initialize_low_level
                0x00004b40       0x8c C:\Users\cjg19\Documents\GitHub\adc_s5d9\synergy\ssp\src\framework\el\tx\cm4_gcc\libtx.a(tx_initialize_low_level.o)
                0x00004b40                _tx_initialize_low_level
 .text._tx_thread_schedule
                0x00004bcc       0x5c C:\Users\cjg19\Documents\GitHub\adc_s5d9\synergy\ssp\src\framework\el\tx\cm4_gcc\libtx.a(tx_thread_schedule.o)
                0x00004bcc                _tx_thread_schedule
 .text._tx_port_wait_thread_ready
                0x00004c28       0xa8 C:\Users\cjg19\Documents\GitHub\adc_s5d9\synergy\ssp\src\framework\el\tx\cm4_gcc\libtx.a(tx_thread_schedule.o)
                0x00004c28                _tx_port_wait_thread_ready
 .text.PendSV_Handler
                0x00004cd0       0xb4 C:\Users\cjg19\Documents\GitHub\adc_s5d9\synergy\ssp\src\framework\el\tx\cm4_gcc\libtx.a(tx_thread_schedule.o)
                0x00004cd0                PendSV_Handler
 .text.SysTick_Handler
                0x00004d84        0x4 C:\Users\cjg19\Documents\GitHub\adc_s5d9\synergy\ssp\src\framework\el\tx\cm4_gcc\libtx.a(tx_thread_schedule.o)
                0x00004d84                SysTick_Handler
 .text._tx_thread_stack_build
                0x00004d88       0x48 C:\Users\cjg19\Documents\GitHub\adc_s5d9\synergy\ssp\src\framework\el\tx\cm4_gcc\libtx.a(tx_thread_stack_build.o)
                0x00004d88                _tx_thread_stack_build
 .text._tx_timer_interrupt
                0x00004dd0       0xc0 C:\Users\cjg19\Documents\GitHub\adc_s5d9\synergy\ssp\src\framework\el\tx\cm4_gcc\libtx.a(tx_timer_interrupt.o)
                0x00004dd0                _tx_timer_interrupt
 .text._tx_semaphore_cleanup
                0x00004e90       0x80 C:\Users\cjg19\Documents\GitHub\adc_s5d9\synergy\ssp\src\framework\el\tx\cm4_gcc\libtx.a(tx_semaphore_cleanup.o)
                0x00004e90                _tx_semaphore_cleanup
 .text._tx_thread_time_slice
                0x00004f10       0x74 C:\Users\cjg19\Documents\GitHub\adc_s5d9\synergy\ssp\src\framework\el\tx\cm4_gcc\libtx.a(tx_thread_time_slice.o)
                0x00004f10                _tx_thread_time_slice
 .text._tx_timer_expiration_process
                0x00004f84      0x104 C:\Users\cjg19\Documents\GitHub\adc_s5d9\synergy\ssp\src\framework\el\tx\cm4_gcc\libtx.a(tx_timer_expiration_process.o)
                0x00004f84                _tx_timer_expiration_process
 .text.__errno  0x00005088        0xc c:/program files (x86)/gnu tools arm embedded/7 2017-q4-major/bin/../lib/gcc/arm-none-eabi/7.2.1/../../../../arm-none-eabi/lib/thumb/v7e-m/fpv4-sp/hard\libg_nano.a(lib_a-errno.o)
                0x00005088                __errno
 .text.memcmp   0x00005094       0x1e c:/program files (x86)/gnu tools arm embedded/7 2017-q4-major/bin/../lib/gcc/arm-none-eabi/7.2.1/../../../../arm-none-eabi/lib/thumb/v7e-m/fpv4-sp/hard\libg_nano.a(lib_a-memcmp.o)
                0x00005094                memcmp
 .text.memset   0x000050b2       0x10 c:/program files (x86)/gnu tools arm embedded/7 2017-q4-major/bin/../lib/gcc/arm-none-eabi/7.2.1/../../../../arm-none-eabi/lib/thumb/v7e-m/fpv4-sp/hard\libg_nano.a(lib_a-memset.o)
                0x000050b2                memset
 *fill*         0x000050c2        0x2 ff
 .text.srand    0x000050c4       0x48 c:/program files (x86)/gnu tools arm embedded/7 2017-q4-major/bin/../lib/gcc/arm-none-eabi/7.2.1/../../../../arm-none-eabi/lib/thumb/v7e-m/fpv4-sp/hard\libg_nano.a(lib_a-rand.o)
                0x000050c4                srand
 .text.malloc   0x0000510c       0x10 c:/program files (x86)/gnu tools arm embedded/7 2017-q4-major/bin/../lib/gcc/arm-none-eabi/7.2.1/../../../../arm-none-eabi/lib/thumb/v7e-m/fpv4-sp/hard\libg_nano.a(lib_a-malloc.o)
                0x0000510c                malloc
 .text._free_r  0x0000511c       0x9c c:/program files (x86)/gnu tools arm embedded/7 2017-q4-major/bin/../lib/gcc/arm-none-eabi/7.2.1/../../../../arm-none-eabi/lib/thumb/v7e-m/fpv4-sp/hard\libg_nano.a(lib_a-nano-freer.o)
                0x0000511c                _free_r
 .text._malloc_r
                0x000051b8       0xb4 c:/program files (x86)/gnu tools arm embedded/7 2017-q4-major/bin/../lib/gcc/arm-none-eabi/7.2.1/../../../../arm-none-eabi/lib/thumb/v7e-m/fpv4-sp/hard\libg_nano.a(lib_a-nano-mallocr.o)
                0x000051b8                _malloc_r
 .text._sbrk_r  0x0000526c       0x20 c:/program files (x86)/gnu tools arm embedded/7 2017-q4-major/bin/../lib/gcc/arm-none-eabi/7.2.1/../../../../arm-none-eabi/lib/thumb/v7e-m/fpv4-sp/hard\libg_nano.a(lib_a-sbrkr.o)
                0x0000526c                _sbrk_r
 .text.__malloc_lock
                0x0000528c        0x2 c:/program files (x86)/gnu tools arm embedded/7 2017-q4-major/bin/../lib/gcc/arm-none-eabi/7.2.1/../../../../arm-none-eabi/lib/thumb/v7e-m/fpv4-sp/hard\libg_nano.a(lib_a-mlock.o)
                0x0000528c                __malloc_lock
 .text.__malloc_unlock
                0x0000528e        0x2 c:/program files (x86)/gnu tools arm embedded/7 2017-q4-major/bin/../lib/gcc/arm-none-eabi/7.2.1/../../../../arm-none-eabi/lib/thumb/v7e-m/fpv4-sp/hard\libg_nano.a(lib_a-mlock.o)
                0x0000528e                __malloc_unlock
 .text.findslot
                0x00005290       0x34 c:/program files (x86)/gnu tools arm embedded/7 2017-q4-major/bin/../lib/gcc/arm-none-eabi/7.2.1/../../../../arm-none-eabi/lib/thumb/v7e-m/fpv4-sp/hard\librdimon_nano.a(rdimon-syscalls.o)
 .text.checkerror
                0x000052c4       0x20 c:/program files (x86)/gnu tools arm embedded/7 2017-q4-major/bin/../lib/gcc/arm-none-eabi/7.2.1/../../../../arm-none-eabi/lib/thumb/v7e-m/fpv4-sp/hard\librdimon_nano.a(rdimon-syscalls.o)
 .text.error    0x000052e4       0x1c c:/program files (x86)/gnu tools arm embedded/7 2017-q4-major/bin/../lib/gcc/arm-none-eabi/7.2.1/../../../../arm-none-eabi/lib/thumb/v7e-m/fpv4-sp/hard\librdimon_nano.a(rdimon-syscalls.o)
 .text._swiread
                0x00005300       0x20 c:/program files (x86)/gnu tools arm embedded/7 2017-q4-major/bin/../lib/gcc/arm-none-eabi/7.2.1/../../../../arm-none-eabi/lib/thumb/v7e-m/fpv4-sp/hard\librdimon_nano.a(rdimon-syscalls.o)
                0x00005300                _swiread
 .text._read    0x00005320       0x34 c:/program files (x86)/gnu tools arm embedded/7 2017-q4-major/bin/../lib/gcc/arm-none-eabi/7.2.1/../../../../arm-none-eabi/lib/thumb/v7e-m/fpv4-sp/hard\librdimon_nano.a(rdimon-syscalls.o)
                0x00005320                _read
 .text._swilseek
                0x00005354       0x7a c:/program files (x86)/gnu tools arm embedded/7 2017-q4-major/bin/../lib/gcc/arm-none-eabi/7.2.1/../../../../arm-none-eabi/lib/thumb/v7e-m/fpv4-sp/hard\librdimon_nano.a(rdimon-syscalls.o)
                0x00005354                _swilseek
 .text._lseek   0x000053ce        0x4 c:/program files (x86)/gnu tools arm embedded/7 2017-q4-major/bin/../lib/gcc/arm-none-eabi/7.2.1/../../../../arm-none-eabi/lib/thumb/v7e-m/fpv4-sp/hard\librdimon_nano.a(rdimon-syscalls.o)
                0x000053ce                _lseek
 .text._swiwrite
                0x000053d2       0x20 c:/program files (x86)/gnu tools arm embedded/7 2017-q4-major/bin/../lib/gcc/arm-none-eabi/7.2.1/../../../../arm-none-eabi/lib/thumb/v7e-m/fpv4-sp/hard\librdimon_nano.a(rdimon-syscalls.o)
                0x000053d2                _swiwrite
 .text._write   0x000053f2       0x40 c:/program files (x86)/gnu tools arm embedded/7 2017-q4-major/bin/../lib/gcc/arm-none-eabi/7.2.1/../../../../arm-none-eabi/lib/thumb/v7e-m/fpv4-sp/hard\librdimon_nano.a(rdimon-syscalls.o)
                0x000053f2                _write
 .text._swiclose
                0x00005432       0x1c c:/program files (x86)/gnu tools arm embedded/7 2017-q4-major/bin/../lib/gcc/arm-none-eabi/7.2.1/../../../../arm-none-eabi/lib/thumb/v7e-m/fpv4-sp/hard\librdimon_nano.a(rdimon-syscalls.o)
                0x00005432                _swiclose
 *fill*         0x0000544e        0x2 ff
 .text._close   0x00005450       0x4c c:/program files (x86)/gnu tools arm embedded/7 2017-q4-major/bin/../lib/gcc/arm-none-eabi/7.2.1/../../../../arm-none-eabi/lib/thumb/v7e-m/fpv4-sp/hard\librdimon_nano.a(rdimon-syscalls.o)
                0x00005450                _close
 .text._swistat
                0x0000549c       0x42 c:/program files (x86)/gnu tools arm embedded/7 2017-q4-major/bin/../lib/gcc/arm-none-eabi/7.2.1/../../../../arm-none-eabi/lib/thumb/v7e-m/fpv4-sp/hard\librdimon_nano.a(rdimon-syscalls.o)
                0x0000549c                _swistat
 .text._stat    0x000054de       0x3a c:/program files (x86)/gnu tools arm embedded/7 2017-q4-major/bin/../lib/gcc/arm-none-eabi/7.2.1/../../../../arm-none-eabi/lib/thumb/v7e-m/fpv4-sp/hard\librdimon_nano.a(rdimon-syscalls.o)
                0x000054de                _stat
 .text._swiopen
                0x00005518       0xb8 c:/program files (x86)/gnu tools arm embedded/7 2017-q4-major/bin/../lib/gcc/arm-none-eabi/7.2.1/../../../../arm-none-eabi/lib/thumb/v7e-m/fpv4-sp/hard\librdimon_nano.a(rdimon-syscalls.o)
                0x00005518                _swiopen
 .text._get_semihosting_exts
                0x000055d0       0xb4 c:/program files (x86)/gnu tools arm embedded/7 2017-q4-major/bin/../lib/gcc/arm-none-eabi/7.2.1/../../../../arm-none-eabi/lib/thumb/v7e-m/fpv4-sp/hard\librdimon_nano.a(rdimon-syscalls.o)
                0x000055d0                _get_semihosting_exts
 .text.initialise_semihosting_exts
                0x00005684       0x34 c:/program files (x86)/gnu tools arm embedded/7 2017-q4-major/bin/../lib/gcc/arm-none-eabi/7.2.1/../../../../arm-none-eabi/lib/thumb/v7e-m/fpv4-sp/hard\librdimon_nano.a(rdimon-syscalls.o)
 .text._has_ext_stdout_stderr
                0x000056b8       0x18 c:/program files (x86)/gnu tools arm embedded/7 2017-q4-major/bin/../lib/gcc/arm-none-eabi/7.2.1/../../../../arm-none-eabi/lib/thumb/v7e-m/fpv4-sp/hard\librdimon_nano.a(rdimon-syscalls.o)
                0x000056b8                _has_ext_stdout_stderr
 .text.initialise_monitor_handles
                0x000056d0       0xbc c:/program files (x86)/gnu tools arm embedded/7 2017-q4-major/bin/../lib/gcc/arm-none-eabi/7.2.1/../../../../arm-none-eabi/lib/thumb/v7e-m/fpv4-sp/hard\librdimon_nano.a(rdimon-syscalls.o)
                0x000056d0                initialise_monitor_handles
 .text.std      0x0000578c       0x48 c:/program files (x86)/gnu tools arm embedded/7 2017-q4-major/bin/../lib/gcc/arm-none-eabi/7.2.1/../../../../arm-none-eabi/lib/thumb/v7e-m/fpv4-sp/hard\libc_nano.a(lib_a-findfp.o)
 .text._cleanup_r
                0x000057d4        0xc c:/program files (x86)/gnu tools arm embedded/7 2017-q4-major/bin/../lib/gcc/arm-none-eabi/7.2.1/../../../../arm-none-eabi/lib/thumb/v7e-m/fpv4-sp/hard\libc_nano.a(lib_a-findfp.o)
                0x000057d4                _cleanup_r
 .text.__sfmoreglue
                0x000057e0       0x2c c:/program files (x86)/gnu tools arm embedded/7 2017-q4-major/bin/../lib/gcc/arm-none-eabi/7.2.1/../../../../arm-none-eabi/lib/thumb/v7e-m/fpv4-sp/hard\libc_nano.a(lib_a-findfp.o)
                0x000057e0                __sfmoreglue
 .text.__sinit  0x0000580c       0x60 c:/program files (x86)/gnu tools arm embedded/7 2017-q4-major/bin/../lib/gcc/arm-none-eabi/7.2.1/../../../../arm-none-eabi/lib/thumb/v7e-m/fpv4-sp/hard\libc_nano.a(lib_a-findfp.o)
                0x0000580c                __sinit
 .text.__sfp    0x0000586c       0x78 c:/program files (x86)/gnu tools arm embedded/7 2017-q4-major/bin/../lib/gcc/arm-none-eabi/7.2.1/../../../../arm-none-eabi/lib/thumb/v7e-m/fpv4-sp/hard\libc_nano.a(lib_a-findfp.o)
                0x0000586c                __sfp
 .text._fwalk_reent
                0x000058e4       0x3c c:/program files (x86)/gnu tools arm embedded/7 2017-q4-major/bin/../lib/gcc/arm-none-eabi/7.2.1/../../../../arm-none-eabi/lib/thumb/v7e-m/fpv4-sp/hard\libc_nano.a(lib_a-fwalk.o)
                0x000058e4                _fwalk_reent
 .text.__sread  0x00005920       0x22 c:/program files (x86)/gnu tools arm embedded/7 2017-q4-major/bin/../lib/gcc/arm-none-eabi/7.2.1/../../../../arm-none-eabi/lib/thumb/v7e-m/fpv4-sp/hard\libc_nano.a(lib_a-stdio.o)
                0x00005920                __sread
 .text.__swrite
                0x00005942       0x38 c:/program files (x86)/gnu tools arm embedded/7 2017-q4-major/bin/../lib/gcc/arm-none-eabi/7.2.1/../../../../arm-none-eabi/lib/thumb/v7e-m/fpv4-sp/hard\libc_nano.a(lib_a-stdio.o)
                0x00005942                __swrite
 .text.__sseek  0x0000597a       0x24 c:/program files (x86)/gnu tools arm embedded/7 2017-q4-major/bin/../lib/gcc/arm-none-eabi/7.2.1/../../../../arm-none-eabi/lib/thumb/v7e-m/fpv4-sp/hard\libc_nano.a(lib_a-stdio.o)
                0x0000597a                __sseek
 .text.__sclose
                0x0000599e        0x8 c:/program files (x86)/gnu tools arm embedded/7 2017-q4-major/bin/../lib/gcc/arm-none-eabi/7.2.1/../../../../arm-none-eabi/lib/thumb/v7e-m/fpv4-sp/hard\libc_nano.a(lib_a-stdio.o)
                0x0000599e                __sclose
 .text          0x000059a6       0x10 c:/program files (x86)/gnu tools arm embedded/7 2017-q4-major/bin/../lib/gcc/arm-none-eabi/7.2.1/../../../../arm-none-eabi/lib/thumb/v7e-m/fpv4-sp/hard\libc_nano.a(lib_a-strlen.o)
                0x000059a6                strlen
 *fill*         0x000059b6        0x2 ff
 .text._write_r
                0x000059b8       0x24 c:/program files (x86)/gnu tools arm embedded/7 2017-q4-major/bin/../lib/gcc/arm-none-eabi/7.2.1/../../../../arm-none-eabi/lib/thumb/v7e-m/fpv4-sp/hard\libc_nano.a(lib_a-writer.o)
                0x000059b8                _write_r
 .text._close_r
                0x000059dc       0x20 c:/program files (x86)/gnu tools arm embedded/7 2017-q4-major/bin/../lib/gcc/arm-none-eabi/7.2.1/../../../../arm-none-eabi/lib/thumb/v7e-m/fpv4-sp/hard\libc_nano.a(lib_a-closer.o)
                0x000059dc                _close_r
 .text.__sflush_r
                0x000059fc      0x10c c:/program files (x86)/gnu tools arm embedded/7 2017-q4-major/bin/../lib/gcc/arm-none-eabi/7.2.1/../../../../arm-none-eabi/lib/thumb/v7e-m/fpv4-sp/hard\libc_nano.a(lib_a-fflush.o)
                0x000059fc                __sflush_r
 .text._fflush_r
                0x00005b08       0x54 c:/program files (x86)/gnu tools arm embedded/7 2017-q4-major/bin/../lib/gcc/arm-none-eabi/7.2.1/../../../../arm-none-eabi/lib/thumb/v7e-m/fpv4-sp/hard\libc_nano.a(lib_a-fflush.o)
                0x00005b08                _fflush_r
 .text._lseek_r
                0x00005b5c       0x24 c:/program files (x86)/gnu tools arm embedded/7 2017-q4-major/bin/../lib/gcc/arm-none-eabi/7.2.1/../../../../arm-none-eabi/lib/thumb/v7e-m/fpv4-sp/hard\libc_nano.a(lib_a-lseekr.o)
                0x00005b5c                _lseek_r
 .text._read_r  0x00005b80       0x24 c:/program files (x86)/gnu tools arm embedded/7 2017-q4-major/bin/../lib/gcc/arm-none-eabi/7.2.1/../../../../arm-none-eabi/lib/thumb/v7e-m/fpv4-sp/hard\libc_nano.a(lib_a-readr.o)
                0x00005b80                _read_r
 *(.version)
 .version       0x00005ba4       0x60 ./synergy/ssp/src/bsp/mcu/all/bsp_common.o
 *(.init)
 .init          0x00005c04        0x4 c:/program files (x86)/gnu tools arm embedded/7 2017-q4-major/bin/../lib/gcc/arm-none-eabi/7.2.1/thumb/v7e-m/fpv4-sp/hard/crti.o
                0x00005c04                _init
 .init          0x00005c08        0x8 c:/program files (x86)/gnu tools arm embedded/7 2017-q4-major/bin/../lib/gcc/arm-none-eabi/7.2.1/thumb/v7e-m/fpv4-sp/hard/crtn.o
 *(.fini)
 .fini          0x00005c10        0x4 c:/program files (x86)/gnu tools arm embedded/7 2017-q4-major/bin/../lib/gcc/arm-none-eabi/7.2.1/thumb/v7e-m/fpv4-sp/hard/crti.o
                0x00005c10                _fini
 .fini          0x00005c14        0x8 c:/program files (x86)/gnu tools arm embedded/7 2017-q4-major/bin/../lib/gcc/arm-none-eabi/7.2.1/thumb/v7e-m/fpv4-sp/hard/crtn.o
 *crtbegin.o(.ctors)
 *crtbegin?.o(.ctors)
 *(EXCLUDE_FILE(*crtend.o *crtend?.o) .ctors)
 *(SORT_BY_NAME(.ctors.*))
 *(.ctors)
 *crtbegin.o(.dtors)
 *crtbegin?.o(.dtors)
 *(EXCLUDE_FILE(*crtend.o *crtend?.o) .dtors)
 *(SORT_BY_NAME(.dtors.*))
 *(.dtors)
 *(.rodata*)
 .rodata.g_ioport_on_ioport
                0x00005c1c       0x3c ./synergy/ssp/src/driver/r_ioport/r_ioport.o
                0x00005c1c                g_ioport_on_ioport
 .rodata.g_vbatt_pins_input
                0x00005c58        0x6 ./synergy/ssp/src/driver/r_ioport/r_ioport.o
 *fill*         0x00005c5e        0x2 ff
 .rodata.bit_count
                0x00005c60       0x80 ./synergy/ssp/src/driver/r_fmi/r_fmi.o
 .rodata.bit_count_mask
                0x00005ce0        0x8 ./synergy/ssp/src/driver/r_fmi/r_fmi.o
 .rodata.g_fmi_on_fmi
                0x00005ce8       0x18 ./synergy/ssp/src/driver/r_fmi/r_fmi.o
                0x00005ce8                g_fmi_on_fmi
 .rodata.g_fmi_version
                0x00005d00        0x4 ./synergy/ssp/src/driver/r_fmi/r_fmi.o
 .rodata.g_elc_on_elc
                0x00005d04       0x1c ./synergy/ssp/src/driver/r_elc/r_elc.o
                0x00005d04                g_elc_on_elc
 .rodata.s_elc_version
                0x00005d20        0x4 ./synergy/ssp/src/driver/r_elc/r_elc.o
 .rodata.g_cgc_on_cgc
                0x00005d24       0x6c ./synergy/ssp/src/driver/r_cgc/r_cgc.o
                0x00005d24                g_cgc_on_cgc
 .rodata.g_cgc_version
                0x00005d90        0x4 ./synergy/ssp/src/driver/r_cgc/r_cgc.o
 .rodata.g_pllccr2_div_setting
                0x00005d94        0x8 ./synergy/ssp/src/driver/r_cgc/r_cgc.o
 .rodata.g_pllccr2_div_value
                0x00005d9c        0x6 ./synergy/ssp/src/driver/r_cgc/r_cgc.o
 *fill*         0x00005da2        0x2 ff
 .rodata.g_pllccr_div_setting
                0x00005da4        0x6 ./synergy/ssp/src/driver/r_cgc/r_cgc.o
 *fill*         0x00005daa        0x2 ff
 .rodata.g_pllccr_div_value
                0x00005dac        0x6 ./synergy/ssp/src/driver/r_cgc/r_cgc.o
 *fill*         0x00005db2        0x2 ff
 .rodata.g_adc_on_adc
                0x00005db4       0x34 ./synergy/ssp/src/driver/r_adc/r_adc.o
                0x00005db4                g_adc_on_adc
 .rodata.s_adc_version
                0x00005de8        0x4 ./synergy/ssp/src/driver/r_adc/r_adc.o
 .rodata.g_cgc_feature
                0x00005dec       0x2c ./synergy/ssp/src/bsp/mcu/s5d9/bsp_feature.o
 .rodata.g_fmi_data
                0x00005e18      0x400 ./synergy/ssp/src/bsp/mcu/s5d9/bsp_fmi_R7FS5D97E3A01CFC.o
                0x00005e18                g_fmi_data
 .rodata.g_bsp_module_stop
                0x00006218       0x46 ./synergy/ssp/src/bsp/mcu/s5d9/bsp_module_stop.o
 *fill*         0x0000625e        0x2 ff
 .rodata.gp_mstp
                0x00006260       0x10 ./synergy/ssp/src/bsp/mcu/s5d9/bsp_module_stop.o
 .rodata.gp_vector_information
                0x00006270        0x4 ./synergy/ssp/src/bsp/mcu/all/bsp_irq.o
                0x00006270                gp_vector_information
 .rodata.g_prcr_masks
                0x00006274        0x6 ./synergy/ssp/src/bsp/mcu/all/bsp_register_protection.o
 *fill*         0x0000627a        0x2 ff
 .rodata.g_elc_cfg
                0x0000627c        0xc ./synergy/ssp/src/bsp/cmsis/Device/RENESAS/S5D9/Source/system_S5D9.o
 .rodata.g_bsp_leds
                0x00006288        0x8 ./synergy/board/s5d9_pk/bsp_leds.o
                0x00006288                g_bsp_leds
 .rodata.g_bsp_prv_leds
                0x00006290        0x6 ./synergy/board/s5d9_pk/bsp_leds.o
 *fill*         0x00006296        0x2 ff
 .rodata.g_ioport
                0x00006298        0x8 ./src/synergy_gen/common_data.o
                0x00006298                g_ioport
 .rodata.g_bsp_pin_cfg
                0x000062a0        0x8 ./src/synergy_gen/pin_data.o
                0x000062a0                g_bsp_pin_cfg
 .rodata.g_bsp_pin_cfg_data
                0x000062a8      0x3a0 ./src/synergy_gen/pin_data.o
                0x000062a8                g_bsp_pin_cfg_data
 .rodata.adc_thread0_create.str1.4
                0x00006648        0xd ./src/adc_thread0.o
 *fill*         0x00006655        0x3 ff
 .rodata.g_adc0
                0x00006658       0x10 ./src/adc_thread0.o
                0x00006658                g_adc0
 .rodata.g_adc0_cfg
                0x00006668       0x24 ./src/adc_thread0.o
                0x00006668                g_adc0_cfg
 .rodata.g_adc0_channel_cfg
                0x0000668c       0x14 ./src/adc_thread0.o
                0x0000668c                g_adc0_channel_cfg
 .rodata.led_thread_create.str1.4
                0x000066a0        0xb ./src/led_thread.o
 *fill*         0x000066ab        0x1 ff
 .rodata.tx_application_define.str1.4
                0x000066ac       0x14 ./src/main.o
 .rodata.g_vfp_offset
                0x000066c0        0x4 C:\Users\cjg19\Documents\GitHub\adc_s5d9\synergy\ssp\src\framework\el\tx\cm4_gcc\libtx.a(tx_thread_schedule.o)
                0x000066c0                g_vfp_offset
 .rodata._global_impure_ptr
                0x000066c4        0x4 c:/program files (x86)/gnu tools arm embedded/7 2017-q4-major/bin/../lib/gcc/arm-none-eabi/7.2.1/../../../../arm-none-eabi/lib/thumb/v7e-m/fpv4-sp/hard\libg_nano.a(lib_a-impure.o)
                0x000066c4                _global_impure_ptr
 .rodata._get_semihosting_exts.str1.1
                0x000066c8       0x16 c:/program files (x86)/gnu tools arm embedded/7 2017-q4-major/bin/../lib/gcc/arm-none-eabi/7.2.1/../../../../arm-none-eabi/lib/thumb/v7e-m/fpv4-sp/hard\librdimon_nano.a(rdimon-syscalls.o)
 .rodata.initialise_monitor_handles.str1.1
                0x000066de        0x4 c:/program files (x86)/gnu tools arm embedded/7 2017-q4-major/bin/../lib/gcc/arm-none-eabi/7.2.1/../../../../arm-none-eabi/lib/thumb/v7e-m/fpv4-sp/hard\librdimon_nano.a(rdimon-syscalls.o)
 *fill*         0x000066e2        0x2 ff
 .rodata.__sf_fake_stderr
                0x000066e4       0x20 c:/program files (x86)/gnu tools arm embedded/7 2017-q4-major/bin/../lib/gcc/arm-none-eabi/7.2.1/../../../../arm-none-eabi/lib/thumb/v7e-m/fpv4-sp/hard\libc_nano.a(lib_a-findfp.o)
                0x000066e4                __sf_fake_stderr
 .rodata.__sf_fake_stdin
                0x00006704       0x20 c:/program files (x86)/gnu tools arm embedded/7 2017-q4-major/bin/../lib/gcc/arm-none-eabi/7.2.1/../../../../arm-none-eabi/lib/thumb/v7e-m/fpv4-sp/hard\libc_nano.a(lib_a-findfp.o)
                0x00006704                __sf_fake_stdin
 .rodata.__sf_fake_stdout
                0x00006724       0x20 c:/program files (x86)/gnu tools arm embedded/7 2017-q4-major/bin/../lib/gcc/arm-none-eabi/7.2.1/../../../../arm-none-eabi/lib/thumb/v7e-m/fpv4-sp/hard\libc_nano.a(lib_a-findfp.o)
                0x00006724                __sf_fake_stdout
                0x00006744                __usb_dev_descriptor_start_fs = .
 *(.usb_device_desc_fs*)
                0x00006744                __usb_cfg_descriptor_start_fs = .
 *(.usb_config_desc_fs*)
                0x00006744                __usb_interface_descriptor_start_fs = .
 *(.usb_interface_desc_fs*)
                0x00006744                __usb_descriptor_end_fs = .
                0x00006744                __usb_dev_descriptor_start_hs = .
 *(.usb_device_desc_hs*)
                0x00006744                __usb_cfg_descriptor_start_hs = .
 *(.usb_config_desc_hs*)
                0x00006744                __usb_interface_descriptor_start_hs = .
 *(.usb_interface_desc_hs*)
                0x00006744                __usb_descriptor_end_hs = .
 *(.eh_frame*)
 .eh_frame      0x00006744        0x0 c:/program files (x86)/gnu tools arm embedded/7 2017-q4-major/bin/../lib/gcc/arm-none-eabi/7.2.1/thumb/v7e-m/fpv4-sp/hard/crtbegin.o
 .eh_frame      0x00006744        0x4 c:/program files (x86)/gnu tools arm embedded/7 2017-q4-major/bin/../lib/gcc/arm-none-eabi/7.2.1/thumb/v7e-m/fpv4-sp/hard/crtend.o
                0x00006748                __ROM_End = .
                0x00000044                __Vectors_Size = (__Vectors_End - __Vectors)
                0x00000008                __Vector_Info_Size = (__Vector_Info_End - __Vector_Info_Start)
                0x000001b0                __Lock_Lookup_Size = (__Lock_Lookup_End - __Lock_Lookup_Start)

.glue_7         0x00006748        0x0
 .glue_7        0x00006748        0x0 linker stubs

.glue_7t        0x00006748        0x0
 .glue_7t       0x00006748        0x0 linker stubs

.vfp11_veneer   0x00006748        0x0
 .vfp11_veneer  0x00006748        0x0 linker stubs

.v4_bx          0x00006748        0x0
 .v4_bx         0x00006748        0x0 linker stubs

.iplt           0x00006748        0x0
 .iplt          0x00006748        0x0 c:/program files (x86)/gnu tools arm embedded/7 2017-q4-major/bin/../lib/gcc/arm-none-eabi/7.2.1/thumb/v7e-m/fpv4-sp/hard/crtbegin.o

.ARM.extab
 *(.ARM.extab* .gnu.linkonce.armextab.*)
                0x00006748                __exidx_start = .

.ARM.exidx
 *(.ARM.exidx* .gnu.linkonce.armexidx.*)
                0x00006748                __exidx_end = .
                0x00006748                __etext = .

.ssp_dtc_vector_table
                0x1ffe0000        0x0
                0x1ffe0000                . = ORIGIN (RAM)
 *(.ssp_dtc_vector_table)

.data           0x1ffe0000       0xec load address 0x00006748
                0x1ffe0000                __data_start__ = .
 *(.r_flash_hp_config_set_area)
                0x1ffe0000                . = ALIGN (0x4)
                0x1ffe0000                __Code_In_RAM_Start = .
 *(.code_in_ram*)
                0x1ffe0000                __Code_In_RAM_End = .
 *(vtable)
 *(.data.*)
 .data.thread_create_func_arr
                0x1ffe0000        0x8 ./src/threadx_interface.o
                0x1ffe0000                thread_create_func_arr
 .data._tx_thread_system_state
                0x1ffe0008        0x4 C:\Users\cjg19\Documents\GitHub\adc_s5d9\synergy\ssp\src\framework\el\tx\cm4_gcc\libtx.a(tx_thread_initialize.o)
                0x1ffe0008                _tx_thread_system_state
 .data._impure_ptr
                0x1ffe000c        0x4 c:/program files (x86)/gnu tools arm embedded/7 2017-q4-major/bin/../lib/gcc/arm-none-eabi/7.2.1/../../../../arm-none-eabi/lib/thumb/v7e-m/fpv4-sp/hard\libg_nano.a(lib_a-impure.o)
                0x1ffe000c                _impure_ptr
 .data.impure_data
                0x1ffe0010       0x60 c:/program files (x86)/gnu tools arm embedded/7 2017-q4-major/bin/../lib/gcc/arm-none-eabi/7.2.1/../../../../arm-none-eabi/lib/thumb/v7e-m/fpv4-sp/hard\libg_nano.a(lib_a-impure.o)
 .data.supports_ext_exit_extended
                0x1ffe0070        0x4 c:/program files (x86)/gnu tools arm embedded/7 2017-q4-major/bin/../lib/gcc/arm-none-eabi/7.2.1/../../../../arm-none-eabi/lib/thumb/v7e-m/fpv4-sp/hard\librdimon_nano.a(rdimon-syscalls.o)
 .data.supports_ext_stdout_stderr
                0x1ffe0074        0x4 c:/program files (x86)/gnu tools arm embedded/7 2017-q4-major/bin/../lib/gcc/arm-none-eabi/7.2.1/../../../../arm-none-eabi/lib/thumb/v7e-m/fpv4-sp/hard\librdimon_nano.a(rdimon-syscalls.o)
                0x1ffe0078                . = ALIGN (0x4)
                0x1ffe0078                PROVIDE (__preinit_array_start, .)
 *(.preinit_array)
                0x1ffe0078                PROVIDE (__preinit_array_end, .)
                0x1ffe0078                . = ALIGN (0x4)
                0x1ffe0078                PROVIDE (__init_array_start, .)
 *(SORT_BY_NAME(.init_array.*))
 *(.init_array)
 .init_array    0x1ffe0078        0x4 c:/program files (x86)/gnu tools arm embedded/7 2017-q4-major/bin/../lib/gcc/arm-none-eabi/7.2.1/thumb/v7e-m/fpv4-sp/hard/crtbegin.o
                0x1ffe007c                PROVIDE (__init_array_end, .)
                0x1ffe007c                . = ALIGN (0x4)
                [!provide]                PROVIDE (__fini_array_start, .)
 *(SORT_BY_NAME(.fini_array.*))
 *(.fini_array)
 .fini_array    0x1ffe007c        0x4 c:/program files (x86)/gnu tools arm embedded/7 2017-q4-major/bin/../lib/gcc/arm-none-eabi/7.2.1/thumb/v7e-m/fpv4-sp/hard/crtbegin.o
                [!provide]                PROVIDE (__fini_array_end, .)
 *(.jcr*)
                0x1ffe0080                __Lock_Start = .
 *(SORT_BY_NAME(.hw_lock*))
 .hw_lock.ADC_0U_0U
                0x1ffe0080        0x1 ./synergy/ssp/src/bsp/mcu/s5d9/bsp_hw_locks.o
                0x1ffe0080                g_hw_lock_ADC_0U_0U
 .hw_lock.ADC_0U_1U
                0x1ffe0081        0x1 ./synergy/ssp/src/bsp/mcu/s5d9/bsp_hw_locks.o
                0x1ffe0081                g_hw_lock_ADC_0U_1U
 .hw_lock.AGT_0U_0U
                0x1ffe0082        0x1 ./synergy/ssp/src/bsp/mcu/s5d9/bsp_hw_locks.o
                0x1ffe0082                g_hw_lock_AGT_0U_0U
 .hw_lock.AGT_0U_1U
                0x1ffe0083        0x1 ./synergy/ssp/src/bsp/mcu/s5d9/bsp_hw_locks.o
                0x1ffe0083                g_hw_lock_AGT_0U_1U
 .hw_lock.BSC_0U_1U
                0x1ffe0084        0x1 ./synergy/ssp/src/bsp/mcu/s5d9/bsp_hw_locks.o
                0x1ffe0084                g_hw_lock_BSC_0U_1U
 .hw_lock.CAC_0U_0U
                0x1ffe0085        0x1 ./synergy/ssp/src/bsp/mcu/s5d9/bsp_hw_locks.o
                0x1ffe0085                g_hw_lock_CAC_0U_0U
 .hw_lock.CAN_0U_0U
                0x1ffe0086        0x1 ./synergy/ssp/src/bsp/mcu/s5d9/bsp_hw_locks.o
                0x1ffe0086                g_hw_lock_CAN_0U_0U
 .hw_lock.CAN_0U_1U
                0x1ffe0087        0x1 ./synergy/ssp/src/bsp/mcu/s5d9/bsp_hw_locks.o
                0x1ffe0087                g_hw_lock_CAN_0U_1U
 .hw_lock.COMP_HS_0U_0U
                0x1ffe0088        0x1 ./synergy/ssp/src/bsp/mcu/s5d9/bsp_hw_locks.o
                0x1ffe0088                g_hw_lock_COMP_HS_0U_0U
 .hw_lock.COMP_HS_0U_1U
                0x1ffe0089        0x1 ./synergy/ssp/src/bsp/mcu/s5d9/bsp_hw_locks.o
                0x1ffe0089                g_hw_lock_COMP_HS_0U_1U
 .hw_lock.COMP_HS_0U_2U
                0x1ffe008a        0x1 ./synergy/ssp/src/bsp/mcu/s5d9/bsp_hw_locks.o
                0x1ffe008a                g_hw_lock_COMP_HS_0U_2U
 .hw_lock.COMP_HS_0U_3U
                0x1ffe008b        0x1 ./synergy/ssp/src/bsp/mcu/s5d9/bsp_hw_locks.o
                0x1ffe008b                g_hw_lock_COMP_HS_0U_3U
 .hw_lock.COMP_HS_0U_4U
                0x1ffe008c        0x1 ./synergy/ssp/src/bsp/mcu/s5d9/bsp_hw_locks.o
                0x1ffe008c                g_hw_lock_COMP_HS_0U_4U
 .hw_lock.COMP_HS_0U_5U
                0x1ffe008d        0x1 ./synergy/ssp/src/bsp/mcu/s5d9/bsp_hw_locks.o
                0x1ffe008d                g_hw_lock_COMP_HS_0U_5U
 .hw_lock.CRC_0U_0U
                0x1ffe008e        0x1 ./synergy/ssp/src/bsp/mcu/s5d9/bsp_hw_locks.o
                0x1ffe008e                g_hw_lock_CRC_0U_0U
 .hw_lock.CTSU_0U_0U
                0x1ffe008f        0x1 ./synergy/ssp/src/bsp/mcu/s5d9/bsp_hw_locks.o
                0x1ffe008f                g_hw_lock_CTSU_0U_0U
 .hw_lock.DAAD_0U_0U
                0x1ffe0090        0x1 ./synergy/ssp/src/bsp/mcu/s5d9/bsp_hw_locks.o
                0x1ffe0090                g_hw_lock_DAAD_0U_0U
 .hw_lock.DAC_0U_0U
                0x1ffe0091        0x1 ./synergy/ssp/src/bsp/mcu/s5d9/bsp_hw_locks.o
                0x1ffe0091                g_hw_lock_DAC_0U_0U
 .hw_lock.DAC_0U_1U
                0x1ffe0092        0x1 ./synergy/ssp/src/bsp/mcu/s5d9/bsp_hw_locks.o
                0x1ffe0092                g_hw_lock_DAC_0U_1U
 .hw_lock.DMAC_0U_0U
                0x1ffe0093        0x1 ./synergy/ssp/src/bsp/mcu/s5d9/bsp_hw_locks.o
                0x1ffe0093                g_hw_lock_DMAC_0U_0U
 .hw_lock.DMAC_0U_1U
                0x1ffe0094        0x1 ./synergy/ssp/src/bsp/mcu/s5d9/bsp_hw_locks.o
                0x1ffe0094                g_hw_lock_DMAC_0U_1U
 .hw_lock.DMAC_0U_2U
                0x1ffe0095        0x1 ./synergy/ssp/src/bsp/mcu/s5d9/bsp_hw_locks.o
                0x1ffe0095                g_hw_lock_DMAC_0U_2U
 .hw_lock.DMAC_0U_3U
                0x1ffe0096        0x1 ./synergy/ssp/src/bsp/mcu/s5d9/bsp_hw_locks.o
                0x1ffe0096                g_hw_lock_DMAC_0U_3U
 .hw_lock.DMAC_0U_4U
                0x1ffe0097        0x1 ./synergy/ssp/src/bsp/mcu/s5d9/bsp_hw_locks.o
                0x1ffe0097                g_hw_lock_DMAC_0U_4U
 .hw_lock.DMAC_0U_5U
                0x1ffe0098        0x1 ./synergy/ssp/src/bsp/mcu/s5d9/bsp_hw_locks.o
                0x1ffe0098                g_hw_lock_DMAC_0U_5U
 .hw_lock.DMAC_0U_6U
                0x1ffe0099        0x1 ./synergy/ssp/src/bsp/mcu/s5d9/bsp_hw_locks.o
                0x1ffe0099                g_hw_lock_DMAC_0U_6U
 .hw_lock.DMAC_0U_7U
                0x1ffe009a        0x1 ./synergy/ssp/src/bsp/mcu/s5d9/bsp_hw_locks.o
                0x1ffe009a                g_hw_lock_DMAC_0U_7U
 .hw_lock.DOC_0U_0U
                0x1ffe009b        0x1 ./synergy/ssp/src/bsp/mcu/s5d9/bsp_hw_locks.o
                0x1ffe009b                g_hw_lock_DOC_0U_0U
 .hw_lock.DRW_0U_0U
                0x1ffe009c        0x1 ./synergy/ssp/src/bsp/mcu/s5d9/bsp_hw_locks.o
                0x1ffe009c                g_hw_lock_DRW_0U_0U
 .hw_lock.DTC_0U_0U
                0x1ffe009d        0x1 ./synergy/ssp/src/bsp/mcu/s5d9/bsp_hw_locks.o
                0x1ffe009d                g_hw_lock_DTC_0U_0U
 .hw_lock.ELC_0U_0U
                0x1ffe009e        0x1 ./synergy/ssp/src/bsp/mcu/s5d9/bsp_hw_locks.o
                0x1ffe009e                g_hw_lock_ELC_0U_0U
 .hw_lock.EPTPC_0U_0U
                0x1ffe009f        0x1 ./synergy/ssp/src/bsp/mcu/s5d9/bsp_hw_locks.o
                0x1ffe009f                g_hw_lock_EPTPC_0U_0U
 .hw_lock.ETHER_0U_0U
                0x1ffe00a0        0x1 ./synergy/ssp/src/bsp/mcu/s5d9/bsp_hw_locks.o
                0x1ffe00a0                g_hw_lock_ETHER_0U_0U
 .hw_lock.ETHER_0U_1U
                0x1ffe00a1        0x1 ./synergy/ssp/src/bsp/mcu/s5d9/bsp_hw_locks.o
                0x1ffe00a1                g_hw_lock_ETHER_0U_1U
 .hw_lock.FCU_0U_0U
                0x1ffe00a2        0x1 ./synergy/ssp/src/bsp/mcu/s5d9/bsp_hw_locks.o
                0x1ffe00a2                g_hw_lock_FCU_0U_0U
 .hw_lock.GLCDC_0U_0U
                0x1ffe00a3        0x1 ./synergy/ssp/src/bsp/mcu/s5d9/bsp_hw_locks.o
                0x1ffe00a3                g_hw_lock_GLCDC_0U_0U
 .hw_lock.GPT_0U_0U
                0x1ffe00a4        0x1 ./synergy/ssp/src/bsp/mcu/s5d9/bsp_hw_locks.o
                0x1ffe00a4                g_hw_lock_GPT_0U_0U
 .hw_lock.GPT_0U_10U
                0x1ffe00a5        0x1 ./synergy/ssp/src/bsp/mcu/s5d9/bsp_hw_locks.o
                0x1ffe00a5                g_hw_lock_GPT_0U_10U
 .hw_lock.GPT_0U_11U
                0x1ffe00a6        0x1 ./synergy/ssp/src/bsp/mcu/s5d9/bsp_hw_locks.o
                0x1ffe00a6                g_hw_lock_GPT_0U_11U
 .hw_lock.GPT_0U_12U
                0x1ffe00a7        0x1 ./synergy/ssp/src/bsp/mcu/s5d9/bsp_hw_locks.o
                0x1ffe00a7                g_hw_lock_GPT_0U_12U
 .hw_lock.GPT_0U_13U
                0x1ffe00a8        0x1 ./synergy/ssp/src/bsp/mcu/s5d9/bsp_hw_locks.o
                0x1ffe00a8                g_hw_lock_GPT_0U_13U
 .hw_lock.GPT_0U_1U
                0x1ffe00a9        0x1 ./synergy/ssp/src/bsp/mcu/s5d9/bsp_hw_locks.o
                0x1ffe00a9                g_hw_lock_GPT_0U_1U
 .hw_lock.GPT_0U_2U
                0x1ffe00aa        0x1 ./synergy/ssp/src/bsp/mcu/s5d9/bsp_hw_locks.o
                0x1ffe00aa                g_hw_lock_GPT_0U_2U
 .hw_lock.GPT_0U_3U
                0x1ffe00ab        0x1 ./synergy/ssp/src/bsp/mcu/s5d9/bsp_hw_locks.o
                0x1ffe00ab                g_hw_lock_GPT_0U_3U
 .hw_lock.GPT_0U_4U
                0x1ffe00ac        0x1 ./synergy/ssp/src/bsp/mcu/s5d9/bsp_hw_locks.o
                0x1ffe00ac                g_hw_lock_GPT_0U_4U
 .hw_lock.GPT_0U_5U
                0x1ffe00ad        0x1 ./synergy/ssp/src/bsp/mcu/s5d9/bsp_hw_locks.o
                0x1ffe00ad                g_hw_lock_GPT_0U_5U
 .hw_lock.GPT_0U_6U
                0x1ffe00ae        0x1 ./synergy/ssp/src/bsp/mcu/s5d9/bsp_hw_locks.o
                0x1ffe00ae                g_hw_lock_GPT_0U_6U
 .hw_lock.GPT_0U_7U
                0x1ffe00af        0x1 ./synergy/ssp/src/bsp/mcu/s5d9/bsp_hw_locks.o
                0x1ffe00af                g_hw_lock_GPT_0U_7U
 .hw_lock.GPT_0U_8U
                0x1ffe00b0        0x1 ./synergy/ssp/src/bsp/mcu/s5d9/bsp_hw_locks.o
                0x1ffe00b0                g_hw_lock_GPT_0U_8U
 .hw_lock.GPT_0U_9U
                0x1ffe00b1        0x1 ./synergy/ssp/src/bsp/mcu/s5d9/bsp_hw_locks.o
                0x1ffe00b1                g_hw_lock_GPT_0U_9U
 .hw_lock.ICU_0U_0U
                0x1ffe00b2        0x1 ./synergy/ssp/src/bsp/mcu/s5d9/bsp_hw_locks.o
                0x1ffe00b2                g_hw_lock_ICU_0U_0U
 .hw_lock.ICU_0U_10U
                0x1ffe00b3        0x1 ./synergy/ssp/src/bsp/mcu/s5d9/bsp_hw_locks.o
                0x1ffe00b3                g_hw_lock_ICU_0U_10U
 .hw_lock.ICU_0U_11U
                0x1ffe00b4        0x1 ./synergy/ssp/src/bsp/mcu/s5d9/bsp_hw_locks.o
                0x1ffe00b4                g_hw_lock_ICU_0U_11U
 .hw_lock.ICU_0U_12U
                0x1ffe00b5        0x1 ./synergy/ssp/src/bsp/mcu/s5d9/bsp_hw_locks.o
                0x1ffe00b5                g_hw_lock_ICU_0U_12U
 .hw_lock.ICU_0U_13U
                0x1ffe00b6        0x1 ./synergy/ssp/src/bsp/mcu/s5d9/bsp_hw_locks.o
                0x1ffe00b6                g_hw_lock_ICU_0U_13U
 .hw_lock.ICU_0U_14U
                0x1ffe00b7        0x1 ./synergy/ssp/src/bsp/mcu/s5d9/bsp_hw_locks.o
                0x1ffe00b7                g_hw_lock_ICU_0U_14U
 .hw_lock.ICU_0U_15U
                0x1ffe00b8        0x1 ./synergy/ssp/src/bsp/mcu/s5d9/bsp_hw_locks.o
                0x1ffe00b8                g_hw_lock_ICU_0U_15U
 .hw_lock.ICU_0U_1U
                0x1ffe00b9        0x1 ./synergy/ssp/src/bsp/mcu/s5d9/bsp_hw_locks.o
                0x1ffe00b9                g_hw_lock_ICU_0U_1U
 .hw_lock.ICU_0U_2U
                0x1ffe00ba        0x1 ./synergy/ssp/src/bsp/mcu/s5d9/bsp_hw_locks.o
                0x1ffe00ba                g_hw_lock_ICU_0U_2U
 .hw_lock.ICU_0U_3U
                0x1ffe00bb        0x1 ./synergy/ssp/src/bsp/mcu/s5d9/bsp_hw_locks.o
                0x1ffe00bb                g_hw_lock_ICU_0U_3U
 .hw_lock.ICU_0U_4U
                0x1ffe00bc        0x1 ./synergy/ssp/src/bsp/mcu/s5d9/bsp_hw_locks.o
                0x1ffe00bc                g_hw_lock_ICU_0U_4U
 .hw_lock.ICU_0U_5U
                0x1ffe00bd        0x1 ./synergy/ssp/src/bsp/mcu/s5d9/bsp_hw_locks.o
                0x1ffe00bd                g_hw_lock_ICU_0U_5U
 .hw_lock.ICU_0U_6U
                0x1ffe00be        0x1 ./synergy/ssp/src/bsp/mcu/s5d9/bsp_hw_locks.o
                0x1ffe00be                g_hw_lock_ICU_0U_6U
 .hw_lock.ICU_0U_7U
                0x1ffe00bf        0x1 ./synergy/ssp/src/bsp/mcu/s5d9/bsp_hw_locks.o
                0x1ffe00bf                g_hw_lock_ICU_0U_7U
 .hw_lock.ICU_0U_8U
                0x1ffe00c0        0x1 ./synergy/ssp/src/bsp/mcu/s5d9/bsp_hw_locks.o
                0x1ffe00c0                g_hw_lock_ICU_0U_8U
 .hw_lock.ICU_0U_9U
                0x1ffe00c1        0x1 ./synergy/ssp/src/bsp/mcu/s5d9/bsp_hw_locks.o
                0x1ffe00c1                g_hw_lock_ICU_0U_9U
 .hw_lock.IIC_0U_0U
                0x1ffe00c2        0x1 ./synergy/ssp/src/bsp/mcu/s5d9/bsp_hw_locks.o
                0x1ffe00c2                g_hw_lock_IIC_0U_0U
 .hw_lock.IIC_0U_1U
                0x1ffe00c3        0x1 ./synergy/ssp/src/bsp/mcu/s5d9/bsp_hw_locks.o
                0x1ffe00c3                g_hw_lock_IIC_0U_1U
 .hw_lock.IIC_0U_2U
                0x1ffe00c4        0x1 ./synergy/ssp/src/bsp/mcu/s5d9/bsp_hw_locks.o
                0x1ffe00c4                g_hw_lock_IIC_0U_2U
 .hw_lock.IRDA_0U_0U
                0x1ffe00c5        0x1 ./synergy/ssp/src/bsp/mcu/s5d9/bsp_hw_locks.o
                0x1ffe00c5                g_hw_lock_IRDA_0U_0U
 .hw_lock.IWDT_0U_0U
                0x1ffe00c6        0x1 ./synergy/ssp/src/bsp/mcu/s5d9/bsp_hw_locks.o
                0x1ffe00c6                g_hw_lock_IWDT_0U_0U
 .hw_lock.JPEG_0U_0U
                0x1ffe00c7        0x1 ./synergy/ssp/src/bsp/mcu/s5d9/bsp_hw_locks.o
                0x1ffe00c7                g_hw_lock_JPEG_0U_0U
 .hw_lock.KEY_0U_0U
                0x1ffe00c8        0x1 ./synergy/ssp/src/bsp/mcu/s5d9/bsp_hw_locks.o
                0x1ffe00c8                g_hw_lock_KEY_0U_0U
 .hw_lock.LPM_1U_0U
                0x1ffe00c9        0x1 ./synergy/ssp/src/bsp/mcu/s5d9/bsp_hw_locks.o
                0x1ffe00c9                g_hw_lock_LPM_1U_0U
 .hw_lock.LVD_0U_0U
                0x1ffe00ca        0x1 ./synergy/ssp/src/bsp/mcu/s5d9/bsp_hw_locks.o
                0x1ffe00ca                g_hw_lock_LVD_0U_0U
 .hw_lock.LVD_0U_1U
                0x1ffe00cb        0x1 ./synergy/ssp/src/bsp/mcu/s5d9/bsp_hw_locks.o
                0x1ffe00cb                g_hw_lock_LVD_0U_1U
 .hw_lock.MMF_0U_0U
                0x1ffe00cc        0x1 ./synergy/ssp/src/bsp/mcu/s5d9/bsp_hw_locks.o
                0x1ffe00cc                g_hw_lock_MMF_0U_0U
 .hw_lock.MPU_0U_0U
                0x1ffe00cd        0x1 ./synergy/ssp/src/bsp/mcu/s5d9/bsp_hw_locks.o
                0x1ffe00cd                g_hw_lock_MPU_0U_0U
 .hw_lock.OPS_0U_0U
                0x1ffe00ce        0x1 ./synergy/ssp/src/bsp/mcu/s5d9/bsp_hw_locks.o
                0x1ffe00ce                g_hw_lock_OPS_0U_0U
 .hw_lock.PDC_0U_0U
                0x1ffe00cf        0x1 ./synergy/ssp/src/bsp/mcu/s5d9/bsp_hw_locks.o
                0x1ffe00cf                g_hw_lock_PDC_0U_0U
 .hw_lock.POEG_0U_0U
                0x1ffe00d0        0x1 ./synergy/ssp/src/bsp/mcu/s5d9/bsp_hw_locks.o
                0x1ffe00d0                g_hw_lock_POEG_0U_0U
 .hw_lock.POEG_0U_1U
                0x1ffe00d1        0x1 ./synergy/ssp/src/bsp/mcu/s5d9/bsp_hw_locks.o
                0x1ffe00d1                g_hw_lock_POEG_0U_1U
 .hw_lock.POEG_0U_2U
                0x1ffe00d2        0x1 ./synergy/ssp/src/bsp/mcu/s5d9/bsp_hw_locks.o
                0x1ffe00d2                g_hw_lock_POEG_0U_2U
 .hw_lock.POEG_0U_3U
                0x1ffe00d3        0x1 ./synergy/ssp/src/bsp/mcu/s5d9/bsp_hw_locks.o
                0x1ffe00d3                g_hw_lock_POEG_0U_3U
 .hw_lock.QSPI_0U_0U
                0x1ffe00d4        0x1 ./synergy/ssp/src/bsp/mcu/s5d9/bsp_hw_locks.o
                0x1ffe00d4                g_hw_lock_QSPI_0U_0U
 .hw_lock.RTC_0U_0U
                0x1ffe00d5        0x1 ./synergy/ssp/src/bsp/mcu/s5d9/bsp_hw_locks.o
                0x1ffe00d5                g_hw_lock_RTC_0U_0U
 .hw_lock.SCE_0U_0U
                0x1ffe00d6        0x1 ./synergy/ssp/src/bsp/mcu/s5d9/bsp_hw_locks.o