Archive member included to satisfy reference by file (symbol)

C:\Users\cjg19\Documents\GitHub\adc_s5d9\synergy\ssp\src\framework\el\tx\cm4_gcc\libtx.a(txe_event_flags_create.o)
                              ./src/synergy_gen/adc_thread.o (_txe_event_flags_create)
C:\Users\cjg19\Documents\GitHub\adc_s5d9\synergy\ssp\src\framework\el\tx\cm4_gcc\libtx.a(txe_event_flags_get.o)
                              ./src/adc_thread_entry.o (_txe_event_flags_get)
C:\Users\cjg19\Documents\GitHub\adc_s5d9\synergy\ssp\src\framework\el\tx\cm4_gcc\libtx.a(txe_event_flags_set.o)
                              ./src/adc_thread_entry.o (_txe_event_flags_set)
C:\Users\cjg19\Documents\GitHub\adc_s5d9\synergy\ssp\src\framework\el\tx\cm4_gcc\libtx.a(txe_mutex_create.o)
                              ./synergy/ssp/src/framework/sf_adc_periodic/sf_adc_periodic.o (_txe_mutex_create)
C:\Users\cjg19\Documents\GitHub\adc_s5d9\synergy\ssp\src\framework\el\tx\cm4_gcc\libtx.a(txe_mutex_delete.o)
                              ./synergy/ssp/src/framework/sf_adc_periodic/sf_adc_periodic.o (_txe_mutex_delete)
C:\Users\cjg19\Documents\GitHub\adc_s5d9\synergy\ssp\src\framework\el\tx\cm4_gcc\libtx.a(txe_mutex_get.o)
                              ./synergy/ssp/src/framework/sf_adc_periodic/sf_adc_periodic.o (_txe_mutex_get)
C:\Users\cjg19\Documents\GitHub\adc_s5d9\synergy\ssp\src\framework\el\tx\cm4_gcc\libtx.a(txe_mutex_put.o)
                              ./synergy/ssp/src/framework/sf_adc_periodic/sf_adc_periodic.o (_txe_mutex_put)
C:\Users\cjg19\Documents\GitHub\adc_s5d9\synergy\ssp\src\framework\el\tx\cm4_gcc\libtx.a(txe_semaphore_create.o)
                              ./src/synergy_gen/main.o (_txe_semaphore_create)
C:\Users\cjg19\Documents\GitHub\adc_s5d9\synergy\ssp\src\framework\el\tx\cm4_gcc\libtx.a(txe_semaphore_get.o)
                              ./src/synergy_gen/main.o (_txe_semaphore_get)
C:\Users\cjg19\Documents\GitHub\adc_s5d9\synergy\ssp\src\framework\el\tx\cm4_gcc\libtx.a(txe_semaphore_put.o)
                              ./src/synergy_gen/main.o (_txe_semaphore_put)
C:\Users\cjg19\Documents\GitHub\adc_s5d9\synergy\ssp\src\framework\el\tx\cm4_gcc\libtx.a(txe_thread_create.o)
                              ./src/synergy_gen/adc_thread.o (_txe_thread_create)
C:\Users\cjg19\Documents\GitHub\adc_s5d9\synergy\ssp\src\framework\el\tx\cm4_gcc\libtx.a(tx_event_flags_create.o)
                              C:\Users\cjg19\Documents\GitHub\adc_s5d9\synergy\ssp\src\framework\el\tx\cm4_gcc\libtx.a(txe_event_flags_create.o) (_tx_event_flags_create)
C:\Users\cjg19\Documents\GitHub\adc_s5d9\synergy\ssp\src\framework\el\tx\cm4_gcc\libtx.a(tx_event_flags_get.o)
                              C:\Users\cjg19\Documents\GitHub\adc_s5d9\synergy\ssp\src\framework\el\tx\cm4_gcc\libtx.a(txe_event_flags_get.o) (_tx_event_flags_get)
C:\Users\cjg19\Documents\GitHub\adc_s5d9\synergy\ssp\src\framework\el\tx\cm4_gcc\libtx.a(tx_event_flags_set.o)
                              C:\Users\cjg19\Documents\GitHub\adc_s5d9\synergy\ssp\src\framework\el\tx\cm4_gcc\libtx.a(txe_event_flags_set.o) (_tx_event_flags_set)
C:\Users\cjg19\Documents\GitHub\adc_s5d9\synergy\ssp\src\framework\el\tx\cm4_gcc\libtx.a(tx_initialize_high_level.o)
                              C:\Users\cjg19\Documents\GitHub\adc_s5d9\synergy\ssp\src\framework\el\tx\cm4_gcc\libtx.a(txe_semaphore_create.o) (_tx_semaphore_created_ptr)
C:\Users\cjg19\Documents\GitHub\adc_s5d9\synergy\ssp\src\framework\el\tx\cm4_gcc\libtx.a(tx_initialize_kernel_enter.o)
                              ./src/synergy_gen/main.o (_tx_initialize_kernel_enter)
C:\Users\cjg19\Documents\GitHub\adc_s5d9\synergy\ssp\src\framework\el\tx\cm4_gcc\libtx.a(tx_isr_end.o)
                              ./synergy/ssp/src/driver/r_gpt/r_gpt.o (tx_isr_end)
C:\Users\cjg19\Documents\GitHub\adc_s5d9\synergy\ssp\src\framework\el\tx\cm4_gcc\libtx.a(tx_isr_start.o)
                              ./synergy/ssp/src/driver/r_gpt/r_gpt.o (tx_isr_start)
C:\Users\cjg19\Documents\GitHub\adc_s5d9\synergy\ssp\src\framework\el\tx\cm4_gcc\libtx.a(tx_mutex_create.o)
                              C:\Users\cjg19\Documents\GitHub\adc_s5d9\synergy\ssp\src\framework\el\tx\cm4_gcc\libtx.a(txe_mutex_create.o) (_tx_mutex_create)
C:\Users\cjg19\Documents\GitHub\adc_s5d9\synergy\ssp\src\framework\el\tx\cm4_gcc\libtx.a(tx_mutex_delete.o)
                              C:\Users\cjg19\Documents\GitHub\adc_s5d9\synergy\ssp\src\framework\el\tx\cm4_gcc\libtx.a(txe_mutex_delete.o) (_tx_mutex_delete)
C:\Users\cjg19\Documents\GitHub\adc_s5d9\synergy\ssp\src\framework\el\tx\cm4_gcc\libtx.a(tx_mutex_get.o)
                              C:\Users\cjg19\Documents\GitHub\adc_s5d9\synergy\ssp\src\framework\el\tx\cm4_gcc\libtx.a(txe_mutex_get.o) (_tx_mutex_get)
C:\Users\cjg19\Documents\GitHub\adc_s5d9\synergy\ssp\src\framework\el\tx\cm4_gcc\libtx.a(tx_mutex_priority_change.o)
[...]
Memory Configuration

Name             Origin             Length             Attributes
FLASH            0x00000000         0x00200000         xr
RAM              0x1ffe0000         0x000a0000         xrw
DATA_FLASH       0x40100000         0x00010000         xr
QSPI_FLASH       0x60000000         0x04000000         xr
SDRAM            0x90000000         0x02000000         xrw
ID_CODES         0x0100a150         0x00000010         xr
*default*        0x00000000         0xffffffff

Linker script and memory map

LOAD c:/program files (x86)/gnu tools arm embedded/7 2017-q4-major/bin/../lib/gcc/arm-none-eabi/7.2.1/thumb/v7e-m/fpv4-sp/hard/crti.o
LOAD c:/program files (x86)/gnu tools arm embedded/7 2017-q4-major/bin/../lib/gcc/arm-none-eabi/7.2.1/thumb/v7e-m/fpv4-sp/hard/crtbegin.o
LOAD c:/program files (x86)/gnu tools arm embedded/7 2017-q4-major/bin/../lib/gcc/arm-none-eabi/7.2.1/../../../../arm-none-eabi/lib/thumb/v7e-m/fpv4-sp/hard/rdimon-crt0.o
START GROUP
LOAD ./synergy/ssp/src/framework/sf_adc_periodic/sf_adc_periodic.o
LOAD ./synergy/ssp/src/driver/r_ioport/r_ioport.o
LOAD ./synergy/ssp/src/driver/r_gpt/r_gpt.o
LOAD ./synergy/ssp/src/driver/r_fmi/r_fmi.o
LOAD ./synergy/ssp/src/driver/r_elc/r_elc.o
LOAD ./synergy/ssp/src/driver/r_dtc/r_dtc.o
LOAD ./synergy/ssp/src/driver/r_cgc/r_cgc.o
LOAD ./synergy/ssp/src/driver/r_adc/r_adc.o
LOAD ./synergy/ssp/src/bsp/mcu/s5d9/bsp_cache.o
LOAD ./synergy/ssp/src/bsp/mcu/s5d9/bsp_clocks.o
LOAD ./synergy/ssp/src/bsp/mcu/s5d9/bsp_feature.o
LOAD ./synergy/ssp/src/bsp/mcu/s5d9/bsp_fmi_R7FS5D97E3A01CFC.o
LOAD ./synergy/ssp/src/bsp/mcu/s5d9/bsp_group_irq.o
LOAD ./synergy/ssp/src/bsp/mcu/s5d9/bsp_hw_locks.o
LOAD ./synergy/ssp/src/bsp/mcu/s5d9/bsp_module_stop.o
LOAD ./synergy/ssp/src/bsp/mcu/s5d9/bsp_rom_registers.o
LOAD ./synergy/ssp/src/bsp/mcu/all/bsp_common.o
LOAD ./synergy/ssp/src/bsp/mcu/all/bsp_common_leds.o
LOAD ./synergy/ssp/src/bsp/mcu/all/bsp_delay.o
LOAD ./synergy/ssp/src/bsp/mcu/all/bsp_irq.o
LOAD ./synergy/ssp/src/bsp/mcu/all/bsp_locking.o
LOAD ./synergy/ssp/src/bsp/mcu/all/bsp_register_protection.o
LOAD ./synergy/ssp/src/bsp/mcu/all/bsp_sbrk.o
LOAD ./synergy/ssp/src/bsp/cmsis/Device/RENESAS/S5D9/Source/startup_S5D9.o
LOAD ./synergy/ssp/src/bsp/cmsis/Device/RENESAS/S5D9/Source/system_S5D9.o
LOAD ./synergy/board/s5d9_pk/bsp_init.o
LOAD ./synergy/board/s5d9_pk/bsp_leds.o
LOAD ./synergy/board/s5d9_pk/bsp_qspi.o
LOAD ./src/synergy_gen/adc_thread.o
LOAD ./src/synergy_gen/common_data.o
LOAD ./src/synergy_gen/hal_data.o
LOAD ./src/synergy_gen/main.o
LOAD ./src/synergy_gen/pin_data.o
LOAD ./src/adc_thread_entry.o
LOAD ./src/hal_entry.o
LOAD C:\Users\cjg19\Documents\GitHub\adc_s5d9\synergy\ssp\src\bsp\cmsis\DSP_Lib\cm4_gcc\libDSP_Lib.a
LOAD C:\Users\cjg19\Documents\GitHub\adc_s5d9\synergy\ssp\src\framework\el\tx\cm4_gcc\libtx.a
END GROUP
START GROUP
LOAD c:/program files (x86)/gnu tools arm embedded/7 2017-q4-major/bin/../lib/gcc/arm-none-eabi/7.2.1/thumb/v7e-m/fpv4-sp/hard\libgcc.a
LOAD c:/program files (x86)/gnu tools arm embedded/7 2017-q4-major/bin/../lib/gcc/arm-none-eabi/7.2.1/../../../../arm-none-eabi/lib/thumb/v7e-m/fpv4-sp/hard\libg_nano.a
LOAD c:/program files (x86)/gnu tools arm embedded/7 2017-q4-major/bin/../lib/gcc/arm-none-eabi/7.2.1/../../../../arm-none-eabi/lib/thumb/v7e-m/fpv4-sp/hard\libc_nano.a
END GROUP
START GROUP
LOAD c:/program files (x86)/gnu tools arm embedded/7 2017-q4-major/bin/../lib/gcc/arm-none-eabi/7.2.1/thumb/v7e-m/fpv4-sp/hard\libgcc.a
LOAD c:/program files (x86)/gnu tools arm embedded/7 2017-q4-major/bin/../lib/gcc/arm-none-eabi/7.2.1/../../../../arm-none-eabi/lib/thumb/v7e-m/fpv4-sp/hard\libc_nano.a
LOAD c:/program files (x86)/gnu tools arm embedded/7 2017-q4-major/bin/../lib/gcc/arm-none-eabi/7.2.1/../../../../arm-none-eabi/lib/thumb/v7e-m/fpv4-sp/hard\librdimon_nano.a
END GROUP
START GROUP
LOAD c:/program files (x86)/gnu tools arm embedded/7 2017-q4-major/bin/../lib/gcc/arm-none-eabi/7.2.1/thumb/v7e-m/fpv4-sp/hard\libgcc.a
LOAD c:/program files (x86)/gnu tools arm embedded/7 2017-q4-major/bin/../lib/gcc/arm-none-eabi/7.2.1/../../../../arm-none-eabi/lib/thumb/v7e-m/fpv4-sp/hard\libc_nano.a
LOAD c:/program files (x86)/gnu tools arm embedded/7 2017-q4-major/bin/../lib/gcc/arm-none-eabi/7.2.1/../../../../arm-none-eabi/lib/thumb/v7e-m/fpv4-sp/hard\librdimon_nano.a
END GROUP
LOAD c:/program files (x86)/gnu tools arm embedded/7 2017-q4-major/bin/../lib/gcc/arm-none-eabi/7.2.1/thumb/v7e-m/fpv4-sp/hard/crtend.o
LOAD c:/program files (x86)/gnu tools arm embedded/7 2017-q4-major/bin/../lib/gcc/arm-none-eabi/7.2.1/thumb/v7e-m/fpv4-sp/hard/crtn.o
START GROUP
LOAD c:/program files (x86)/gnu tools arm embedded/7 2017-q4-major/bin/../lib/gcc/arm-none-eabi/7.2.1/thumb/v7e-m/fpv4-sp/hard\libgcc.a
LOAD c:/program files (x86)/gnu tools arm embedded/7 2017-q4-major/bin/../lib/gcc/arm-none-eabi/7.2.1/../../../../arm-none-eabi/lib/thumb/v7e-m/fpv4-sp/hard\libc.a
LOAD c:/program files (x86)/gnu tools arm embedded/7 2017-q4-major/bin/../lib/gcc/arm-none-eabi/7.2.1/../../../../arm-none-eabi/lib/thumb/v7e-m/fpv4-sp/hard\libm.a
LOAD c:/program files (x86)/gnu tools arm embedded/7 2017-q4-major/bin/../lib/gcc/arm-none-eabi/7.2.1/../../../../arm-none-eabi/lib/thumb/v7e-m/fpv4-sp/hard\libnosys.a
END GROUP

.text           0x00000000     0x7eb0
                0x00000000                __ROM_Start = .
 *(.vectors)
 .vectors       0x00000000       0x40 ./synergy/ssp/src/bsp/cmsis/Device/RENESAS/S5D9/Source/startup_S5D9.o
                0x00000000                __Vectors
 *(SORT_BY_NAME(.vector.*))
 .vector.ADC_0_SCAN_END
                0x00000040        0x4 ./src/synergy_gen/adc_thread.o
                0x00000040                g_vector_ADC_0_SCAN_END
                0x00000044                __Vectors_End = .
                0x00000044                __end__ = .
                0x00000400                . = (__ROM_Start + 0x400)
 *fill*         0x00000044      0x3bc ff
 *(.rom_registers*)
 .rom_registers
                0x00000400       0x3c ./synergy/ssp/src/bsp/mcu/s5d9/bsp_rom_registers.o
                0x00000500                . = (__ROM_Start + 0x500)
 *fill*         0x0000043c       0xc4 ff
                0x00000500                __Vector_Info_Start = .
 *(SORT_BY_NAME(.vector_info.*))
 .vector_info.ADC_0_SCAN_END
                0x00000500        0x8 ./src/synergy_gen/adc_thread.o
                0x00000500                g_vector_info_ADC_0_SCAN_END
                0x00000508                __Vector_Info_End = .
                0x00000508                __Lock_Lookup_Start = .
 *(SORT_BY_NAME(.hw_lock_lookup.*))
 .hw_lock_lookup.ADC_0U_0U
                0x00000508        0x4 ./synergy/ssp/src/bsp/mcu/s5d9/bsp_hw_locks.o
                0x00000508                g_lock_lookup_ADC_0U_0U
 .hw_lock_lookup.ADC_0U_1U
                0x0000050c        0x4 ./synergy/ssp/src/bsp/mcu/s5d9/bsp_hw_locks.o
                0x0000050c                g_lock_lookup_ADC_0U_1U
 .hw_lock_lookup.AGT_0U_0U
                0x00000510        0x4 ./synergy/ssp/src/bsp/mcu/s5d9/bsp_hw_locks.o
                0x00000510                g_lock_lookup_AGT_0U_0U
 .hw_lock_lookup.AGT_0U_1U
                0x00000514        0x4 ./synergy/ssp/src/bsp/mcu/s5d9/bsp_hw_locks.o
                0x00000514                g_lock_lookup_AGT_0U_1U
 .hw_lock_lookup.BSC_0U_1U
                0x00000518        0x4 ./synergy/ssp/src/bsp/mcu/s5d9/bsp_hw_locks.o
                0x00000518                g_lock_lookup_BSC_0U_1U
 .hw_lock_lookup.CAC_0U_0U
                0x0000051c        0x4 ./synergy/ssp/src/bsp/mcu/s5d9/bsp_hw_locks.o
                0x0000051c                g_lock_lookup_CAC_0U_0U
 .hw_lock_lookup.CAN_0U_0U
                0x00000520        0x4 ./synergy/ssp/src/bsp/mcu/s5d9/bsp_hw_locks.o
                0x00000520                g_lock_lookup_CAN_0U_0U
 .hw_lock_lookup.CAN_0U_1U
                0x00000524        0x4 ./synergy/ssp/src/bsp/mcu/s5d9/bsp_hw_locks.o
                0x00000524                g_lock_lookup_CAN_0U_1U
 .hw_lock_lookup.COMP_HS_0U_0U
                0x00000528        0x4 ./synergy/ssp/src/bsp/mcu/s5d9/bsp_hw_locks.o
                0x00000528                g_lock_lookup_COMP_HS_0U_0U
 .hw_lock_lookup.COMP_HS_0U_1U
                0x0000052c        0x4 ./synergy/ssp/src/bsp/mcu/s5d9/bsp_hw_locks.o
                0x0000052c                g_lock_lookup_COMP_HS_0U_1U
 .hw_lock_lookup.COMP_HS_0U_2U
                0x00000530        0x4 ./synergy/ssp/src/bsp/mcu/s5d9/bsp_hw_locks.o
                0x00000530                g_lock_lookup_COMP_HS_0U_2U
 .hw_lock_lookup.COMP_HS_0U_3U
                0x00000534        0x4 ./synergy/ssp/src/bsp/mcu/s5d9/bsp_hw_locks.o
                0x00000534                g_lock_lookup_COMP_HS_0U_3U
 .hw_lock_lookup.COMP_HS_0U_4U
                0x00000538        0x4 ./synergy/ssp/src/bsp/mcu/s5d9/bsp_hw_locks.o
                0x00000538                g_lock_lookup_COMP_HS_0U_4U
 .hw_lock_lookup.COMP_HS_0U_5U
                0x0000053c        0x4 ./synergy/ssp/src/bsp/mcu/s5d9/bsp_hw_locks.o
                0x0000053c                g_lock_lookup_COMP_HS_0U_5U
 .hw_lock_lookup.CRC_0U_0U
                0x00000540        0x4 ./synergy/ssp/src/bsp/mcu/s5d9/bsp_hw_locks.o
                0x00000540                g_lock_lookup_CRC_0U_0U
 .hw_lock_lookup.CTSU_0U_0U
                0x00000544        0x4 ./synergy/ssp/src/bsp/mcu/s5d9/bsp_hw_locks.o
                0x00000544                g_lock_lookup_CTSU_0U_0U
 .hw_lock_lookup.DAAD_0U_0U
                0x00000548        0x4 ./synergy/ssp/src/bsp/mcu/s5d9/bsp_hw_locks.o
                0x00000548                g_lock_lookup_DAAD_0U_0U
 .hw_lock_lookup.DAC_0U_0U
                0x0000054c        0x4 ./synergy/ssp/src/bsp/mcu/s5d9/bsp_hw_locks.o
                0x0000054c                g_lock_lookup_DAC_0U_0U
 .hw_lock_lookup.DAC_0U_1U
                0x00000550        0x4 ./synergy/ssp/src/bsp/mcu/s5d9/bsp_hw_locks.o
                0x00000550                g_lock_lookup_DAC_0U_1U
 .hw_lock_lookup.DMAC_0U_0U
                0x00000554        0x4 ./synergy/ssp/src/bsp/mcu/s5d9/bsp_hw_locks.o
                0x00000554                g_lock_lookup_DMAC_0U_0U
 .hw_lock_lookup.DMAC_0U_1U
                0x00000558        0x4 ./synergy/ssp/src/bsp/mcu/s5d9/bsp_hw_locks.o
                0x00000558                g_lock_lookup_DMAC_0U_1U
 .hw_lock_lookup.DMAC_0U_2U
                0x0000055c        0x4 ./synergy/ssp/src/bsp/mcu/s5d9/bsp_hw_locks.o
                0x0000055c                g_lock_lookup_DMAC_0U_2U
 .hw_lock_lookup.DMAC_0U_3U
                0x00000560        0x4 ./synergy/ssp/src/bsp/mcu/s5d9/bsp_hw_locks.o
                0x00000560                g_lock_lookup_DMAC_0U_3U
 .hw_lock_lookup.DMAC_0U_4U
                0x00000564        0x4 ./synergy/ssp/src/bsp/mcu/s5d9/bsp_hw_locks.o
                0x00000564                g_lock_lookup_DMAC_0U_4U
 .hw_lock_lookup.DMAC_0U_5U
                0x00000568        0x4 ./synergy/ssp/src/bsp/mcu/s5d9/bsp_hw_locks.o
                0x00000568                g_lock_lookup_DMAC_0U_5U
 .hw_lock_lookup.DMAC_0U_6U
                0x0000056c        0x4 ./synergy/ssp/src/bsp/mcu/s5d9/bsp_hw_locks.o
                0x0000056c                g_lock_lookup_DMAC_0U_6U
 .hw_lock_lookup.DMAC_0U_7U
                0x00000570        0x4 ./synergy/ssp/src/bsp/mcu/s5d9/bsp_hw_locks.o
                0x00000570                g_lock_lookup_DMAC_0U_7U
 .hw_lock_lookup.DOC_0U_0U
                0x00000574        0x4 ./synergy/ssp/src/bsp/mcu/s5d9/bsp_hw_locks.o
                0x00000574                g_lock_lookup_DOC_0U_0U
 .hw_lock_lookup.DRW_0U_0U
                0x00000578        0x4 ./synergy/ssp/src/bsp/mcu/s5d9/bsp_hw_locks.o
                0x00000578                g_lock_lookup_DRW_0U_0U
 .hw_lock_lookup.DTC_0U_0U
                0x0000057c        0x4 ./synergy/ssp/src/bsp/mcu/s5d9/bsp_hw_locks.o
                0x0000057c                g_lock_lookup_DTC_0U_0U
 .hw_lock_lookup.ELC_0U_0U
                0x00000580        0x4 ./synergy/ssp/src/bsp/mcu/s5d9/bsp_hw_locks.o
                0x00000580                g_lock_lookup_ELC_0U_0U
 .hw_lock_lookup.EPTPC_0U_0U
                0x00000584        0x4 ./synergy/ssp/src/bsp/mcu/s5d9/bsp_hw_locks.o
                0x00000584                g_lock_lookup_EPTPC_0U_0U
 .hw_lock_lookup.ETHER_0U_0U
                0x00000588        0x4 ./synergy/ssp/src/bsp/mcu/s5d9/bsp_hw_locks.o
                0x00000588                g_lock_lookup_ETHER_0U_0U
 .hw_lock_lookup.ETHER_0U_1U
                0x0000058c        0x4 ./synergy/ssp/src/bsp/mcu/s5d9/bsp_hw_locks.o
                0x0000058c                g_lock_lookup_ETHER_0U_1U
 .hw_lock_lookup.FCU_0U_0U
                0x00000590        0x4 ./synergy/ssp/src/bsp/mcu/s5d9/bsp_hw_locks.o
                0x00000590                g_lock_lookup_FCU_0U_0U
 .hw_lock_lookup.GLCDC_0U_0U
                0x00000594        0x4 ./synergy/ssp/src/bsp/mcu/s5d9/bsp_hw_locks.o
                0x00000594                g_lock_lookup_GLCDC_0U_0U
 .hw_lock_lookup.GPT_0U_0U
                0x00000598        0x4 ./synergy/ssp/src/bsp/mcu/s5d9/bsp_hw_locks.o
                0x00000598                g_lock_lookup_GPT_0U_0U
 .hw_lock_lookup.GPT_0U_10U
                0x0000059c        0x4 ./synergy/ssp/src/bsp/mcu/s5d9/bsp_hw_locks.o
                0x0000059c                g_lock_lookup_GPT_0U_10U
 .hw_lock_lookup.GPT_0U_11U
                0x000005a0        0x4 ./synergy/ssp/src/bsp/mcu/s5d9/bsp_hw_locks.o
                0x000005a0                g_lock_lookup_GPT_0U_11U
 .hw_lock_lookup.GPT_0U_12U
                0x000005a4        0x4 ./synergy/ssp/src/bsp/mcu/s5d9/bsp_hw_locks.o
                0x000005a4                g_lock_lookup_GPT_0U_12U
 .hw_lock_lookup.GPT_0U_13U
                0x000005a8        0x4 ./synergy/ssp/src/bsp/mcu/s5d9/bsp_hw_locks.o
                0x000005a8                g_lock_lookup_GPT_0U_13U
 .hw_lock_lookup.GPT_0U_1U
                0x000005ac        0x4 ./synergy/ssp/src/bsp/mcu/s5d9/bsp_hw_locks.o
                0x000005ac                g_lock_lookup_GPT_0U_1U
 .hw_lock_lookup.GPT_0U_2U
                0x000005b0        0x4 ./synergy/ssp/src/bsp/mcu/s5d9/bsp_hw_locks.o
                0x000005b0                g_lock_lookup_GPT_0U_2U
 .hw_lock_lookup.GPT_0U_3U
                0x000005b4        0x4 ./synergy/ssp/src/bsp/mcu/s5d9/bsp_hw_locks.o
                0x000005b4                g_lock_lookup_GPT_0U_3U
 .hw_lock_lookup.GPT_0U_4U
                0x000005b8        0x4 ./synergy/ssp/src/bsp/mcu/s5d9/bsp_hw_locks.o
                0x000005b8                g_lock_lookup_GPT_0U_4U
 .hw_lock_lookup.GPT_0U_5U
                0x000005bc        0x4 ./synergy/ssp/src/bsp/mcu/s5d9/bsp_hw_locks.o
                0x000005bc                g_lock_lookup_GPT_0U_5U
 .hw_lock_lookup.GPT_0U_6U
                0x000005c0        0x4 ./synergy/ssp/src/bsp/mcu/s5d9/bsp_hw_locks.o
                0x000005c0                g_lock_lookup_GPT_0U_6U
 .hw_lock_lookup.GPT_0U_7U
                0x000005c4        0x4 ./synergy/ssp/src/bsp/mcu/s5d9/bsp_hw_locks.o
                0x000005c4                g_lock_lookup_GPT_0U_7U
 .hw_lock_lookup.GPT_0U_8U
                0x000005c8        0x4 ./synergy/ssp/src/bsp/mcu/s5d9/bsp_hw_locks.o
                0x000005c8                g_lock_lookup_GPT_0U_8U
 .hw_lock_lookup.GPT_0U_9U
                0x000005cc        0x4 ./synergy/ssp/src/bsp/mcu/s5d9/bsp_hw_locks.o
                0x000005cc                g_lock_lookup_GPT_0U_9U
 .hw_lock_lookup.ICU_0U_0U
                0x000005d0        0x4 ./synergy/ssp/src/bsp/mcu/s5d9/bsp_hw_locks.o
                0x000005d0                g_lock_lookup_ICU_0U_0U
 .hw_lock_lookup.ICU_0U_10U
                0x000005d4        0x4 ./synergy/ssp/src/bsp/mcu/s5d9/bsp_hw_locks.o
                0x000005d4                g_lock_lookup_ICU_0U_10U
 .hw_lock_lookup.ICU_0U_11U
                0x000005d8        0x4 ./synergy/ssp/src/bsp/mcu/s5d9/bsp_hw_locks.o
                0x000005d8                g_lock_lookup_ICU_0U_11U
 .hw_lock_lookup.ICU_0U_12U
                0x000005dc        0x4 ./synergy/ssp/src/bsp/mcu/s5d9/bsp_hw_locks.o
                0x000005dc                g_lock_lookup_ICU_0U_12U
 .hw_lock_lookup.ICU_0U_13U
                0x000005e0        0x4 ./synergy/ssp/src/bsp/mcu/s5d9/bsp_hw_locks.o
                0x000005e0                g_lock_lookup_ICU_0U_13U
 .hw_lock_lookup.ICU_0U_14U
                0x000005e4        0x4 ./synergy/ssp/src/bsp/mcu/s5d9/bsp_hw_locks.o
                0x000005e4                g_lock_lookup_ICU_0U_14U
 .hw_lock_lookup.ICU_0U_15U
                0x000005e8        0x4 ./synergy/ssp/src/bsp/mcu/s5d9/bsp_hw_locks.o
                0x000005e8                g_lock_lookup_ICU_0U_15U
 .hw_lock_lookup.ICU_0U_1U
                0x000005ec        0x4 ./synergy/ssp/src/bsp/mcu/s5d9/bsp_hw_locks.o
                0x000005ec                g_lock_lookup_ICU_0U_1U
 .hw_lock_lookup.ICU_0U_2U
                0x000005f0        0x4 ./synergy/ssp/src/bsp/mcu/s5d9/bsp_hw_locks.o
                0x000005f0                g_lock_lookup_ICU_0U_2U
 .hw_lock_lookup.ICU_0U_3U
                0x000005f4        0x4 ./synergy/ssp/src/bsp/mcu/s5d9/bsp_hw_locks.o
                0x000005f4                g_lock_lookup_ICU_0U_3U
 .hw_lock_lookup.ICU_0U_4U
                0x000005f8        0x4 ./synergy/ssp/src/bsp/mcu/s5d9/bsp_hw_locks.o
                0x000005f8                g_lock_lookup_ICU_0U_4U
 .hw_lock_lookup.ICU_0U_5U
                0x000005fc        0x4 ./synergy/ssp/src/bsp/mcu/s5d9/bsp_hw_locks.o
                0x000005fc                g_lock_lookup_ICU_0U_5U
 .hw_lock_lookup.ICU_0U_6U
                0x00000600        0x4 ./synergy/ssp/src/bsp/mcu/s5d9/bsp_hw_locks.o
                0x00000600                g_lock_lookup_ICU_0U_6U
 .hw_lock_lookup.ICU_0U_7U
                0x00000604        0x4 ./synergy/ssp/src/bsp/mcu/s5d9/bsp_hw_locks.o
                0x00000604                g_lock_lookup_ICU_0U_7U
 .hw_lock_lookup.ICU_0U_8U
                0x00000608        0x4 ./synergy/ssp/src/bsp/mcu/s5d9/bsp_hw_locks.o
                0x00000608                g_lock_lookup_ICU_0U_8U
 .hw_lock_lookup.ICU_0U_9U
                0x0000060c        0x4 ./synergy/ssp/src/bsp/mcu/s5d9/bsp_hw_locks.o
                0x0000060c                g_lock_lookup_ICU_0U_9U
 .hw_lock_lookup.IIC_0U_0U
                0x00000610        0x4 ./synergy/ssp/src/bsp/mcu/s5d9/bsp_hw_locks.o
                0x00000610                g_lock_lookup_IIC_0U_0U
 .hw_lock_lookup.IIC_0U_1U
                0x00000614        0x4 ./synergy/ssp/src/bsp/mcu/s5d9/bsp_hw_locks.o
                0x00000614                g_lock_lookup_IIC_0U_1U
 .hw_lock_lookup.IIC_0U_2U
                0x00000618        0x4 ./synergy/ssp/src/bsp/mcu/s5d9/bsp_hw_locks.o
                0x00000618                g_lock_lookup_IIC_0U_2U
 .hw_lock_lookup.IRDA_0U_0U
                0x0000061c        0x4 ./synergy/ssp/src/bsp/mcu/s5d9/bsp_hw_locks.o
                0x0000061c                g_lock_lookup_IRDA_0U_0U
 .hw_lock_lookup.IWDT_0U_0U
                0x00000620        0x4 ./synergy/ssp/src/bsp/mcu/s5d9/bsp_hw_locks.o
                0x00000620                g_lock_lookup_IWDT_0U_0U
 .hw_lock_lookup.JPEG_0U_0U
                0x00000624        0x4 ./synergy/ssp/src/bsp/mcu/s5d9/bsp_hw_locks.o
                0x00000624                g_lock_lookup_JPEG_0U_0U
 .hw_lock_lookup.KEY_0U_0U
                0x00000628        0x4 ./synergy/ssp/src/bsp/mcu/s5d9/bsp_hw_locks.o
                0x00000628                g_lock_lookup_KEY_0U_0U
 .hw_lock_lookup.LPM_1U_0U
                0x0000062c        0x4 ./synergy/ssp/src/bsp/mcu/s5d9/bsp_hw_locks.o
                0x0000062c                g_lock_lookup_LPM_1U_0U
 .hw_lock_lookup.LVD_0U_0U
                0x00000630        0x4 ./synergy/ssp/src/bsp/mcu/s5d9/bsp_hw_locks.o
                0x00000630                g_lock_lookup_LVD_0U_0U
 .hw_lock_lookup.LVD_0U_1U
                0x00000634        0x4 ./synergy/ssp/src/bsp/mcu/s5d9/bsp_hw_locks.o
                0x00000634                g_lock_lookup_LVD_0U_1U
 .hw_lock_lookup.MMF_0U_0U
                0x00000638        0x4 ./synergy/ssp/src/bsp/mcu/s5d9/bsp_hw_locks.o
                0x00000638                g_lock_lookup_MMF_0U_0U
 .hw_lock_lookup.MPU_0U_0U
                0x0000063c        0x4 ./synergy/ssp/src/bsp/mcu/s5d9/bsp_hw_locks.o
                0x0000063c                g_lock_lookup_MPU_0U_0U
 .hw_lock_lookup.OPS_0U_0U
                0x00000640        0x4 ./synergy/ssp/src/bsp/mcu/s5d9/bsp_hw_locks.o
                0x00000640                g_lock_lookup_OPS_0U_0U
 .hw_lock_lookup.PDC_0U_0U
                0x00000644        0x4 ./synergy/ssp/src/bsp/mcu/s5d9/bsp_hw_locks.o
                0x00000644                g_lock_lookup_PDC_0U_0U
 .hw_lock_lookup.POEG_0U_0U
                0x00000648        0x4 ./synergy/ssp/src/bsp/mcu/s5d9/bsp_hw_locks.o
                0x00000648                g_lock_lookup_POEG_0U_0U
 .hw_lock_lookup.POEG_0U_1U
                0x0000064c        0x4 ./synergy/ssp/src/bsp/mcu/s5d9/bsp_hw_locks.o
                0x0000064c                g_lock_lookup_POEG_0U_1U
 .hw_lock_lookup.POEG_0U_2U
                0x00000650        0x4 ./synergy/ssp/src/bsp/mcu/s5d9/bsp_hw_locks.o
                0x00000650                g_lock_lookup_POEG_0U_2U
 .hw_lock_lookup.POEG_0U_3U
                0x00000654        0x4 ./synergy/ssp/src/bsp/mcu/s5d9/bsp_hw_locks.o
                0x00000654                g_lock_lookup_POEG_0U_3U
 .hw_lock_lookup.QSPI_0U_0U
                0x00000658        0x4 ./synergy/ssp/src/bsp/mcu/s5d9/bsp_hw_locks.o
                0x00000658                g_lock_lookup_QSPI_0U_0U
 .hw_lock_lookup.RTC_0U_0U
                0x0000065c        0x4 ./synergy/ssp/src/bsp/mcu/s5d9/bsp_hw_locks.o
                0x0000065c                g_lock_lookup_RTC_0U_0U
 .hw_lock_lookup.SCE_0U_0U
                0x00000660        0x4 ./synergy/ssp/src/bsp/mcu/s5d9/bsp_hw_locks.o
                0x00000660                g_lock_lookup_SCE_0U_0U
 .hw_lock_lookup.SCI_0U_0U
                0x00000664        0x4 ./synergy/ssp/src/bsp/mcu/s5d9/bsp_hw_locks.o
                0x00000664                g_lock_lookup_SCI_0U_0U
 .hw_lock_lookup.SCI_0U_1U
                0x00000668        0x4 ./synergy/ssp/src/bsp/mcu/s5d9/bsp_hw_locks.o
                0x00000668                g_lock_lookup_SCI_0U_1U
 .hw_lock_lookup.SCI_0U_2U
                0x0000066c        0x4 ./synergy/ssp/src/bsp/mcu/s5d9/bsp_hw_locks.o
                0x0000066c                g_lock_lookup_SCI_0U_2U
 .hw_lock_lookup.SCI_0U_3U
                0x00000670        0x4 ./synergy/ssp/src/bsp/mcu/s5d9/bsp_hw_locks.o
                0x00000670                g_lock_lookup_SCI_0U_3U
 .hw_lock_lookup.SCI_0U_4U
                0x00000674        0x4 ./synergy/ssp/src/bsp/mcu/s5d9/bsp_hw_locks.o
                0x00000674                g_lock_lookup_SCI_0U_4U
 .hw_lock_lookup.SCI_0U_5U
                0x00000678        0x4 ./synergy/ssp/src/bsp/mcu/s5d9/bsp_hw_locks.o
                0x00000678                g_lock_lookup_SCI_0U_5U
 .hw_lock_lookup.SCI_0U_6U
                0x0000067c        0x4 ./synergy/ssp/src/bsp/mcu/s5d9/bsp_hw_locks.o
                0x0000067c                g_lock_lookup_SCI_0U_6U
 .hw_lock_lookup.SCI_0U_7U
                0x00000680        0x4 ./synergy/ssp/src/bsp/mcu/s5d9/bsp_hw_locks.o
                0x00000680                g_lock_lookup_SCI_0U_7U
 .hw_lock_lookup.SCI_0U_8U
                0x00000684        0x4 ./synergy/ssp/src/bsp/mcu/s5d9/bsp_hw_locks.o
                0x00000684                g_lock_lookup_SCI_0U_8U
 .hw_lock_lookup.SCI_0U_9U
                0x00000688        0x4 ./synergy/ssp/src/bsp/mcu/s5d9/bsp_hw_locks.o
                0x00000688                g_lock_lookup_SCI_0U_9U
 .hw_lock_lookup.SDHIMMC_0U_0U
                0x0000068c        0x4 ./synergy/ssp/src/bsp/mcu/s5d9/bsp_hw_locks.o
                0x0000068c                g_lock_lookup_SDHIMMC_0U_0U
 .hw_lock_lookup.SDHIMMC_0U_1U
                0x00000690        0x4 ./synergy/ssp/src/bsp/mcu/s5d9/bsp_hw_locks.o
                0x00000690                g_lock_lookup_SDHIMMC_0U_1U
 .hw_lock_lookup.SPI_0U_0U
                0x00000694        0x4 ./synergy/ssp/src/bsp/mcu/s5d9/bsp_hw_locks.o
                0x00000694                g_lock_lookup_SPI_0U_0U
 .hw_lock_lookup.SPI_0U_1U
                0x00000698        0x4 ./synergy/ssp/src/bsp/mcu/s5d9/bsp_hw_locks.o
                0x00000698                g_lock_lookup_SPI_0U_1U
 .hw_lock_lookup.SRC_0U_0U
                0x0000069c        0x4 ./synergy/ssp/src/bsp/mcu/s5d9/bsp_hw_locks.o
                0x0000069c                g_lock_lookup_SRC_0U_0U
 .hw_lock_lookup.SSI_0U_0U
                0x000006a0        0x4 ./synergy/ssp/src/bsp/mcu/s5d9/bsp_hw_locks.o
                0x000006a0                g_lock_lookup_SSI_0U_0U
 .hw_lock_lookup.SSI_0U_1U
                0x000006a4        0x4 ./synergy/ssp/src/bsp/mcu/s5d9/bsp_hw_locks.o
                0x000006a4                g_lock_lookup_SSI_0U_1U
 .hw_lock_lookup.TSN_0U_0U
                0x000006a8        0x4 ./synergy/ssp/src/bsp/mcu/s5d9/bsp_hw_locks.o
                0x000006a8                g_lock_lookup_TSN_0U_0U
 .hw_lock_lookup.USB_0U_0U
                0x000006ac        0x4 ./synergy/ssp/src/bsp/mcu/s5d9/bsp_hw_locks.o
                0x000006ac                g_lock_lookup_USB_0U_0U
 .hw_lock_lookup.USB_1U_0U
                0x000006b0        0x4 ./synergy/ssp/src/bsp/mcu/s5d9/bsp_hw_locks.o
                0x000006b0                g_lock_lookup_USB_1U_0U
 .hw_lock_lookup.WDT_0U_0U
                0x000006b4        0x4 ./synergy/ssp/src/bsp/mcu/s5d9/bsp_hw_locks.o
                0x000006b4                g_lock_lookup_WDT_0U_0U
                0x000006b8                __Lock_Lookup_End = .
 *(.text*)
 .text          0x000006b8       0x40 c:/program files (x86)/gnu tools arm embedded/7 2017-q4-major/bin/../lib/gcc/arm-none-eabi/7.2.1/thumb/v7e-m/fpv4-sp/hard/crtbegin.o
 .text.SF_ADC_PERIODIC_VersionGet
                0x000006f8       0x14 ./synergy/ssp/src/framework/sf_adc_periodic/sf_adc_periodic.o
                0x000006f8                SF_ADC_PERIODIC_VersionGet
 .text.sf_adc_periodic_callback
                0x0000070c       0xe4 ./synergy/ssp/src/framework/sf_adc_periodic/sf_adc_periodic.o
 .text.SF_ADC_PERIODIC_Open
                0x000007f0      0x268 ./synergy/ssp/src/framework/sf_adc_periodic/sf_adc_periodic.o
                0x000007f0                SF_ADC_PERIODIC_Open
 .text.SF_ADC_PERIODIC_Close
                0x00000a58       0x54 ./synergy/ssp/src/framework/sf_adc_periodic/sf_adc_periodic.o
                0x00000a58                SF_ADC_PERIODIC_Close
 .text.SF_ADC_PERIODIC_Start
                0x00000aac       0x68 ./synergy/ssp/src/framework/sf_adc_periodic/sf_adc_periodic.o
                0x00000aac                SF_ADC_PERIODIC_Start
 .text.SF_ADC_PERIODIC_Stop
                0x00000b14       0x44 ./synergy/ssp/src/framework/sf_adc_periodic/sf_adc_periodic.o
                0x00000b14                SF_ADC_PERIODIC_Stop
 .text.R_IOPORT_PinRead
                0x00000b58       0x4c ./synergy/ssp/src/driver/r_ioport/r_ioport.o
                0x00000b58                R_IOPORT_PinRead
 .text.R_IOPORT_PortRead
                0x00000ba4       0x28 ./synergy/ssp/src/driver/r_ioport/r_ioport.o
                0x00000ba4                R_IOPORT_PortRead
 .text.R_IOPORT_PortEventInputRead
                0x00000bcc       0x28 ./synergy/ssp/src/driver/r_ioport/r_ioport.o
                0x00000bcc                R_IOPORT_PortEventInputRead
 .text.R_IOPORT_PinEventInputRead
                0x00000bf4       0x54 ./synergy/ssp/src/driver/r_ioport/r_ioport.o
                0x00000bf4                R_IOPORT_PinEventInputRead
 .text.R_IOPORT_PortEventOutputWrite
                0x00000c48       0x38 ./synergy/ssp/src/driver/r_ioport/r_ioport.o
                0x00000c48                R_IOPORT_PortEventOutputWrite
 .text.R_IOPORT_PinEventOutputWrite
                0x00000c80       0x58 ./synergy/ssp/src/driver/r_ioport/r_ioport.o
                0x00000c80                R_IOPORT_PinEventOutputWrite
 .text.R_IOPORT_VersionGet
                0x00000cd8       0x14 ./synergy/ssp/src/driver/r_ioport/r_ioport.o
                0x00000cd8                R_IOPORT_VersionGet
 .text.R_IOPORT_PinWrite
                0x00000cec       0x54 ./synergy/ssp/src/driver/r_ioport/r_ioport.o
                0x00000cec                R_IOPORT_PinWrite
 .text.R_IOPORT_PinDirectionSet
                0x00000d40       0xd0 ./synergy/ssp/src/driver/r_ioport/r_ioport.o
                0x00000d40                R_IOPORT_PinDirectionSet
 .text.R_IOPORT_PortWrite
                0x00000e10       0x38 ./synergy/ssp/src/driver/r_ioport/r_ioport.o
                0x00000e10                R_IOPORT_PortWrite
 .text.R_IOPORT_PortDirectionSet
                0x00000e48       0x40 ./synergy/ssp/src/driver/r_ioport/r_ioport.o
                0x00000e48                R_IOPORT_PortDirectionSet
 .text.bsp_vbatt_init.isra.4
                0x00000e88       0x8c ./synergy/ssp/src/driver/r_ioport/r_ioport.o
 .text.R_IOPORT_EthernetModeCfg
                0x00000f14       0x54 ./synergy/ssp/src/driver/r_ioport/r_ioport.o
                0x00000f14                R_IOPORT_EthernetModeCfg
 .text.R_IOPORT_PinsCfg.part.5
                0x00000f68       0xc0 ./synergy/ssp/src/driver/r_ioport/r_ioport.o
 .text.R_IOPORT_PinsCfg
                0x00001028       0x10 ./synergy/ssp/src/driver/r_ioport/r_ioport.o
                0x00001028                R_IOPORT_PinsCfg
 .text.R_IOPORT_Init
                0x00001038       0x88 ./synergy/ssp/src/driver/r_ioport/r_ioport.o
                0x00001038                R_IOPORT_Init
 .text.R_IOPORT_PinCfg
                0x000010c0       0xcc ./synergy/ssp/src/driver/r_ioport/r_ioport.o
                0x000010c0                R_IOPORT_PinCfg
 .text.R_GPT_Stop
                0x0000118c       0x28 ./synergy/ssp/src/driver/r_gpt/r_gpt.o
                0x0000118c                R_GPT_Stop
 .text.R_GPT_Start
                0x000011b4       0x28 ./synergy/ssp/src/driver/r_gpt/r_gpt.o
                0x000011b4                R_GPT_Start
 .text.R_GPT_VersionGet
                0x000011dc       0x14 ./synergy/ssp/src/driver/r_gpt/r_gpt.o
                0x000011dc                R_GPT_VersionGet
 .text.gpt_period_to_pclk
                0x000011f0      0x108 ./synergy/ssp/src/driver/r_gpt/r_gpt.o
 .text.gpt_duty_cycle_to_pclk
                0x000012f8       0x80 ./synergy/ssp/src/driver/r_gpt/r_gpt.o
 .text.R_GPT_Close
                0x00001378       0xa0 ./synergy/ssp/src/driver/r_gpt/r_gpt.o
                0x00001378                R_GPT_Close
 .text.R_GPT_CounterGet
                0x00001418       0x24 ./synergy/ssp/src/driver/r_gpt/r_gpt.o
                0x00001418                R_GPT_CounterGet
 .text.R_GPT_Reset
                0x0000143c       0x5c ./synergy/ssp/src/driver/r_gpt/r_gpt.o
                0x0000143c                R_GPT_Reset
 .text.R_GPT_PeriodSet
                0x00001498       0x74 ./synergy/ssp/src/driver/r_gpt/r_gpt.o
                0x00001498                R_GPT_PeriodSet
 .text.R_GPT_DutyCycleSet
                0x0000150c       0x98 ./synergy/ssp/src/driver/r_gpt/r_gpt.o
                0x0000150c                R_GPT_DutyCycleSet
 .text.R_GPT_InfoGet
                0x000015a4       0x98 ./synergy/ssp/src/driver/r_gpt/r_gpt.o
                0x000015a4                R_GPT_InfoGet
 .text.R_GPT_TimerOpen
                0x0000163c      0x464 ./synergy/ssp/src/driver/r_gpt/r_gpt.o
                0x0000163c                R_GPT_TimerOpen
 .text.R_FMI_ProductInfoGet
                0x00001aa0       0x30 ./synergy/ssp/src/driver/r_fmi/r_fmi.o
 .text.R_FMI_VersionGet
                0x00001ad0       0x14 ./synergy/ssp/src/driver/r_fmi/r_fmi.o
 .text.R_FMI_Init
                0x00001ae4       0x6c ./synergy/ssp/src/driver/r_fmi/r_fmi.o
 .text.R_FMI_UniqueIdGet
                0x00001b50       0x40 ./synergy/ssp/src/driver/r_fmi/r_fmi.o
 .text.R_FMI_EventInfoGet
                0x00001b90       0x84 ./synergy/ssp/src/driver/r_fmi/r_fmi.o
 .text.R_FMI_FeatureGet
                0x00001c14      0x244 ./synergy/ssp/src/driver/r_fmi/r_fmi.o
 .text.R_ELC_LinkSet
                0x00001e58       0x14 ./synergy/ssp/src/driver/r_elc/r_elc.o
                0x00001e58                R_ELC_LinkSet
 .text.R_ELC_LinkBreak
                0x00001e6c       0x14 ./synergy/ssp/src/driver/r_elc/r_elc.o
                0x00001e6c                R_ELC_LinkBreak
 .text.R_ELC_Enable
                0x00001e80       0x14 ./synergy/ssp/src/driver/r_elc/r_elc.o
                0x00001e80                R_ELC_Enable
 .text.R_ELC_Disable
                0x00001e94       0x14 ./synergy/ssp/src/driver/r_elc/r_elc.o
                0x00001e94                R_ELC_Disable
 .text.R_ELC_VersionGet
                0x00001ea8       0x14 ./synergy/ssp/src/driver/r_elc/r_elc.o
                0x00001ea8                R_ELC_VersionGet
 .text.R_ELC_SoftwareEventGenerate
                0x00001ebc       0x30 ./synergy/ssp/src/driver/r_elc/r_elc.o
                0x00001ebc                R_ELC_SoftwareEventGenerate
 .text.R_ELC_Init
                0x00001eec       0x7c ./synergy/ssp/src/driver/r_elc/r_elc.o
                0x00001eec                R_ELC_Init
 .text.R_DTC_Start
                0x00001f68        0x4 ./synergy/ssp/src/driver/r_dtc/r_dtc.o
                0x00001f68                R_DTC_Start
 .text.R_DTC_Stop
                0x00001f6c        0x4 ./synergy/ssp/src/driver/r_dtc/r_dtc.o
                0x00001f6c                R_DTC_Stop
 .text.R_DTC_Disable
                0x00001f70       0x34 ./synergy/ssp/src/driver/r_dtc/r_dtc.o
                0x00001f70                R_DTC_Disable
 .text.R_DTC_VersionGet
                0x00001fa4       0x14 ./synergy/ssp/src/driver/r_dtc/r_dtc.o
                0x00001fa4                R_DTC_VersionGet
 .text.R_DTC_InfoGet
                0x00001fb8       0x78 ./synergy/ssp/src/driver/r_dtc/r_dtc.o
                0x00001fb8                R_DTC_InfoGet
 .text.R_DTC_Close
                0x00002030       0x54 ./synergy/ssp/src/driver/r_dtc/r_dtc.o
                0x00002030                R_DTC_Close
 .text.R_DTC_Enable
                0x00002084       0x84 ./synergy/ssp/src/driver/r_dtc/r_dtc.o
                0x00002084                R_DTC_Enable
 .text.R_DTC_Reset
                0x00002108       0xa4 ./synergy/ssp/src/driver/r_dtc/r_dtc.o
                0x00002108                R_DTC_Reset
 .text.R_DTC_BlockReset
                0x000021ac       0xac ./synergy/ssp/src/driver/r_dtc/r_dtc.o
                0x000021ac                R_DTC_BlockReset
 .text.R_DTC_Open
                0x00002258      0x178 ./synergy/ssp/src/driver/r_dtc/r_dtc.o
                0x00002258                R_DTC_Open
 .text.R_CGC_LCDClockCfg
                0x000023d0        0x4 ./synergy/ssp/src/driver/r_cgc/r_cgc.o
                0x000023d0                R_CGC_LCDClockCfg
 .text.R_CGC_LCDClockEnable
                0x000023d4        0x4 ./synergy/ssp/src/driver/r_cgc/r_cgc.o
                0x000023d4                R_CGC_LCDClockEnable
 .text.R_CGC_VersionGet
                0x000023d8       0x14 ./synergy/ssp/src/driver/r_cgc/r_cgc.o
                0x000023d8                R_CGC_VersionGet
 .text.r_cgc_init_pllfreq
                0x000023ec       0xd8 ./synergy/ssp/src/driver/r_cgc/r_cgc.o
 .text.R_CGC_SystemClockFreqGet
                0x000024c4       0xb4 ./synergy/ssp/src/driver/r_cgc/r_cgc.o
                0x000024c4                R_CGC_SystemClockFreqGet
 .text.r_cgc_system_dividers_set
                0x00002578       0x44 ./synergy/ssp/src/driver/r_cgc/r_cgc.o
 .text.R_CGC_OscStopStatusClear
                0x000025bc       0x64 ./synergy/ssp/src/driver/r_cgc/r_cgc.o
                0x000025bc                R_CGC_OscStopStatusClear
 .text.R_CGC_BusClockOutCfg
                0x00002620       0x28 ./synergy/ssp/src/driver/r_cgc/r_cgc.o
                0x00002620                R_CGC_BusClockOutCfg
 .text.R_CGC_BusClockOutEnable
                0x00002648       0x28 ./synergy/ssp/src/driver/r_cgc/r_cgc.o
                0x00002648                R_CGC_BusClockOutEnable
 .text.R_CGC_BusClockOutDisable
                0x00002670       0x28 ./synergy/ssp/src/driver/r_cgc/r_cgc.o
                0x00002670                R_CGC_BusClockOutDisable
 .text.R_CGC_ClockOutEnable
                0x00002698       0x28 ./synergy/ssp/src/driver/r_cgc/r_cgc.o
                0x00002698                R_CGC_ClockOutEnable
 .text.R_CGC_ClockOutDisable
                0x000026c0       0x28 ./synergy/ssp/src/driver/r_cgc/r_cgc.o
                0x000026c0                R_CGC_ClockOutDisable
 .text.R_CGC_SDRAMClockOutEnable
                0x000026e8       0x28 ./synergy/ssp/src/driver/r_cgc/r_cgc.o
                0x000026e8                R_CGC_SDRAMClockOutEnable
 .text.R_CGC_SDRAMClockOutDisable
                0x00002710       0x28 ./synergy/ssp/src/driver/r_cgc/r_cgc.o
                0x00002710                R_CGC_SDRAMClockOutDisable
 .text.R_CGC_USBClockCfg
                0x00002738       0x28 ./synergy/ssp/src/driver/r_cgc/r_cgc.o
                0x00002738                R_CGC_USBClockCfg
 .text.r_cgc_check_dividers
                0x00002760       0x34 ./synergy/ssp/src/driver/r_cgc/r_cgc.o
 .text.R_CGC_SystickUpdate.part.6
                0x00002794       0x84 ./synergy/ssp/src/driver/r_cgc/r_cgc.o
 .text.R_CGC_SystickUpdate
                0x00002818        0xc ./synergy/ssp/src/driver/r_cgc/r_cgc.o
                0x00002818                R_CGC_SystickUpdate
 .text.R_CGC_ClockOutCfg
                0x00002824       0x5c ./synergy/ssp/src/driver/r_cgc/r_cgc.o
                0x00002824                R_CGC_ClockOutCfg
 .text.R_CGC_OscStopDetect
                0x00002880      0x118 ./synergy/ssp/src/driver/r_cgc/r_cgc.o
                0x00002880                R_CGC_OscStopDetect
 .text.r_cgc_subclock_drive_set.constprop.16
                0x00002998       0x34 ./synergy/ssp/src/driver/r_cgc/r_cgc.o
 .text.R_CGC_SDADCClockCfg
                0x000029cc        0x4 ./synergy/ssp/src/driver/r_cgc/r_cgc.o
                0x000029cc                R_CGC_SDADCClockCfg
 .text.R_CGC_LCDClockDisable
                0x000029d0        0x4 ./synergy/ssp/src/driver/r_cgc/r_cgc.o
                0x000029d0                R_CGC_LCDClockDisable
 .text.R_CGC_SDADCClockEnable
                0x000029d4        0x4 ./synergy/ssp/src/driver/r_cgc/r_cgc.o
                0x000029d4                R_CGC_SDADCClockEnable
 .text.R_CGC_SDADCClockDisable
                0x000029d8        0x4 ./synergy/ssp/src/driver/r_cgc/r_cgc.o
                0x000029d8                R_CGC_SDADCClockDisable
 .text.R_CGC_SystemClockGet
                0x000029dc       0x58 ./synergy/ssp/src/driver/r_cgc/r_cgc.o
                0x000029dc                R_CGC_SystemClockGet
 .text.r_cgc_clock_run_state_get
                0x00002a34       0x68 ./synergy/ssp/src/driver/r_cgc/r_cgc.o
                0x00002a34                r_cgc_clock_run_state_get
 .text.r_cgc_wait_to_complete
                0x00002a9c       0x44 ./synergy/ssp/src/driver/r_cgc/r_cgc.o
 .text.R_CGC_Init
                0x00002ae0       0xe0 ./synergy/ssp/src/driver/r_cgc/r_cgc.o
                0x00002ae0                R_CGC_Init
 .text.R_CGC_ClockStop
                0x00002bc0      0x154 ./synergy/ssp/src/driver/r_cgc/r_cgc.o
                0x00002bc0                R_CGC_ClockStop
 .text.R_CGC_ClockCheck
                0x00002d14       0x8c ./synergy/ssp/src/driver/r_cgc/r_cgc.o
                0x00002d14                R_CGC_ClockCheck
 .text.r_cgc_stabilization_wait
                0x00002da0       0x30 ./synergy/ssp/src/driver/r_cgc/r_cgc.o
 .text.r_cgc_operating_hw_modeset
                0x00002dd0       0xfc ./synergy/ssp/src/driver/r_cgc/r_cgc.o
                0x00002dd0                r_cgc_operating_hw_modeset
 .text.r_cgc_operating_mode_set
                0x00002ecc       0x50 ./synergy/ssp/src/driver/r_cgc/r_cgc.o
 .text.R_CGC_ClockStart
                0x00002f1c      0x358 ./synergy/ssp/src/driver/r_cgc/r_cgc.o
                0x00002f1c                R_CGC_ClockStart
 .text.r_cgc_clock_start_stop
                0x00003274       0x54 ./synergy/ssp/src/driver/r_cgc/r_cgc.o
 .text.R_CGC_SystemClockSet
                0x000032c8      0x1b8 ./synergy/ssp/src/driver/r_cgc/r_cgc.o
                0x000032c8                R_CGC_SystemClockSet
 .text.R_CGC_ClocksCfg
                0x00003480      0x14c ./synergy/ssp/src/driver/r_cgc/r_cgc.o
                0x00003480                R_CGC_ClocksCfg
 .text.R_ADC_VersionGet
                0x000035cc       0x14 ./synergy/ssp/src/driver/r_adc/r_adc.o
                0x000035cc                R_ADC_VersionGet
 .text.R_ADC_OffsetSet
                0x000035e0        0x4 ./synergy/ssp/src/driver/r_adc/r_adc.o
                0x000035e0                R_ADC_OffsetSet
 .text.R_ADC_ScanStart
                0x000035e4       0x44 ./synergy/ssp/src/driver/r_adc/r_adc.o
                0x000035e4                R_ADC_ScanStart
 .text.R_ADC_ScanStop
                0x00003628       0x34 ./synergy/ssp/src/driver/r_adc/r_adc.o
                0x00003628                R_ADC_ScanStop
 .text.R_ADC_CheckScanDone
                0x0000365c       0x28 ./synergy/ssp/src/driver/r_adc/r_adc.o
                0x0000365c                R_ADC_CheckScanDone
 .text.R_ADC_Read
                0x00003684       0x68 ./synergy/ssp/src/driver/r_adc/r_adc.o
                0x00003684                R_ADC_Read
 .text.R_ADC_Read32
                0x000036ec       0x38 ./synergy/ssp/src/driver/r_adc/r_adc.o
                0x000036ec                R_ADC_Read32
 .text.R_ADC_SetSampleStateCount
                0x00003724       0x78 ./synergy/ssp/src/driver/r_adc/r_adc.o
                0x00003724                R_ADC_SetSampleStateCount
 .text.R_ADC_InfoGet
                0x0000379c       0xe4 ./synergy/ssp/src/driver/r_adc/r_adc.o
                0x0000379c                R_ADC_InfoGet
 .text.R_ADC_Calibrate
                0x00003880       0x48 ./synergy/ssp/src/driver/r_adc/r_adc.o
                0x00003880                R_ADC_Calibrate
 .text.r_adc_close_sub
                0x000038c8       0x68 ./synergy/ssp/src/driver/r_adc/r_adc.o
 .text.r_adc_open_configure_pga_settings.part.31
                0x00003930      0x1f0 ./synergy/ssp/src/driver/r_adc/r_adc.o
 .text.R_ADC_Close
                0x00003b20      0x104 ./synergy/ssp/src/driver/r_adc/r_adc.o
                0x00003b20                R_ADC_Close
 .text.R_ADC_Open
                0x00003c24      0x4c8 ./synergy/ssp/src/driver/r_adc/r_adc.o
                0x00003c24                R_ADC_Open
 .text.R_ADC_ScanConfigure
                0x000040ec      0x434 ./synergy/ssp/src/driver/r_adc/r_adc.o
                0x000040ec                R_ADC_ScanConfigure
 .text.adc_scan_end_isr
                0x00004520       0x58 ./synergy/ssp/src/driver/r_adc/r_adc.o
                0x00004520                adc_scan_end_isr
 .text.R_BSP_CacheOff
                0x00004578       0x28 ./synergy/ssp/src/bsp/mcu/s5d9/bsp_cache.o
                0x00004578                R_BSP_CacheOff
 .text.R_BSP_CacheSet
                0x000045a0       0x48 ./synergy/ssp/src/bsp/mcu/s5d9/bsp_cache.o
                0x000045a0                R_BSP_CacheSet
 .text.bsp_clock_init
                0x000045e8       0xac ./synergy/ssp/src/bsp/mcu/s5d9/bsp_clocks.o
                0x000045e8                bsp_clock_init
 .text.bsp_cpu_clock_get
                0x00004694       0x20 ./synergy/ssp/src/bsp/mcu/s5d9/bsp_clocks.o
                0x00004694                bsp_cpu_clock_get
 .text.bsp_clock_set_callback
                0x000046b4       0xdc ./synergy/ssp/src/bsp/mcu/s5d9/bsp_clocks.o
                0x000046b4                bsp_clock_set_callback
 .text.R_BSP_FeatureAdcGet
                0x00004790       0x34 ./synergy/ssp/src/bsp/mcu/s5d9/bsp_feature.o
                0x00004790                R_BSP_FeatureAdcGet
 .text.R_BSP_FeatureIoportGet
                0x000047c4        0xc ./synergy/ssp/src/bsp/mcu/s5d9/bsp_feature.o
                0x000047c4                R_BSP_FeatureIoportGet
 .text.R_BSP_FeatureCgcGet
                0x000047d0        0xc ./synergy/ssp/src/bsp/mcu/s5d9/bsp_feature.o
                0x000047d0                R_BSP_FeatureCgcGet
 .text.bsp_group_interrupt_open
                0x000047dc       0x18 ./synergy/ssp/src/bsp/mcu/s5d9/bsp_group_irq.o
                0x000047dc                bsp_group_interrupt_open
 .text.R_BSP_GroupIrqWrite
                0x000047f4       0x10 ./synergy/ssp/src/bsp/mcu/s5d9/bsp_group_irq.o
                0x000047f4                R_BSP_GroupIrqWrite
 .text.NMI_Handler
                0x00004804      0x1c8 ./synergy/ssp/src/bsp/mcu/s5d9/bsp_group_irq.o
                0x00004804                NMI_Handler
 .text.r_bsp_get_mstp_mask
                0x000049cc       0x4c ./synergy/ssp/src/bsp/mcu/s5d9/bsp_module_stop.o
 .text.r_bsp_module_start_stop
                0x00004a18       0x6c ./synergy/ssp/src/bsp/mcu/s5d9/bsp_module_stop.o
 .text.R_BSP_ModuleStop
                0x00004a84        0x8 ./synergy/ssp/src/bsp/mcu/s5d9/bsp_module_stop.o
                0x00004a84                R_BSP_ModuleStop
 .text.R_BSP_ModuleStart
                0x00004a8c        0x8 ./synergy/ssp/src/bsp/mcu/s5d9/bsp_module_stop.o
                0x00004a8c                R_BSP_ModuleStart
 .text.R_BSP_LedsGet
                0x00004a94       0x20 ./synergy/ssp/src/bsp/mcu/all/bsp_common_leds.o
                0x00004a94                R_BSP_LedsGet
 .text.software_delay_loop
                0x00004ab4        0xc ./synergy/ssp/src/bsp/mcu/all/bsp_delay.o
 .text.R_BSP_SoftwareDelay
                0x00004ac0       0x60 ./synergy/ssp/src/bsp/mcu/all/bsp_delay.o
                0x00004ac0                R_BSP_SoftwareDelay
 .text.R_BSP_IrqStatusClear
                0x00004b20       0x18 ./synergy/ssp/src/bsp/mcu/all/bsp_irq.o
                0x00004b20                R_BSP_IrqStatusClear
 .text.bsp_irq_cfg
                0x00004b38       0x40 ./synergy/ssp/src/bsp/mcu/all/bsp_irq.o
                0x00004b38                bsp_irq_cfg
 .text.R_BSP_HardwareLock
                0x00004b78       0x68 ./synergy/ssp/src/bsp/mcu/all/bsp_locking.o
                0x00004b78                R_BSP_HardwareLock
 .text.R_BSP_HardwareUnlock
                0x00004be0       0x4c ./synergy/ssp/src/bsp/mcu/all/bsp_locking.o
                0x00004be0                R_BSP_HardwareUnlock
 .text.bsp_init_hardware_locks
                0x00004c2c       0x68 ./synergy/ssp/src/bsp/mcu/all/bsp_locking.o
                0x00004c2c                bsp_init_hardware_locks
 .text.R_BSP_RegisterProtectEnable
                0x00004c94       0x60 ./synergy/ssp/src/bsp/mcu/all/bsp_register_protection.o
                0x00004c94                R_BSP_RegisterProtectEnable
 .text.R_BSP_RegisterProtectDisable
                0x00004cf4       0x4c ./synergy/ssp/src/bsp/mcu/all/bsp_register_protection.o
                0x00004cf4                R_BSP_RegisterProtectDisable
 .text.bsp_register_protect_open
                0x00004d40       0x10 ./synergy/ssp/src/bsp/mcu/all/bsp_register_protection.o
                0x00004d40                bsp_register_protect_open
 .text._sbrk    0x00004d50       0x40 ./synergy/ssp/src/bsp/mcu/all/bsp_sbrk.o
                0x00004d50                _sbrk
 .text.Default_Handler
                0x00004d90        0x4 ./synergy/ssp/src/bsp/cmsis/Device/RENESAS/S5D9/Source/startup_S5D9.o
                0x00004d90                HardFault_Handler
                0x00004d90                UsageFault_Handler
                0x00004d90                Default_Handler
                0x00004d90                MemManage_Handler
                0x00004d90                SVC_Handler
                0x00004d90                BusFault_Handler
                0x00004d90                DebugMon_Handler
 .text.Reset_Handler
                0x00004d94        0xc ./synergy/ssp/src/bsp/cmsis/Device/RENESAS/S5D9/Source/startup_S5D9.o
                0x00004d94                Reset_Handler
 .text.R_BSP_WarmStart
                0x00004da0        0x4 ./synergy/ssp/src/bsp/cmsis/Device/RENESAS/S5D9/Source/system_S5D9.o
                0x00004da0                R_BSP_WarmStart
 *fill*         0x00004da4        0x4 ff
 .text.SystemInit
                0x00004da8      0x160 ./synergy/ssp/src/bsp/cmsis/Device/RENESAS/S5D9/Source/system_S5D9.o
                0x00004da8                SystemInit
 .text.bsp_init
                0x00004f08        0x4 ./synergy/board/s5d9_pk/bsp_init.o
                0x00004f08                bsp_init
 .text.bsp_qspi_xip_mode
                0x00004f0c       0x80 ./synergy/board/s5d9_pk/bsp_qspi.o
 .text.bsp_qspi_init
                0x00004f8c      0x138 ./synergy/board/s5d9_pk/bsp_qspi.o
                0x00004f8c                bsp_qspi_init
 .text.adc_thread_func
                0x000050c4       0x10 ./src/synergy_gen/adc_thread.o
 .text.adc_thread_create
                0x000050d4       0x78 ./src/synergy_gen/adc_thread.o
                0x000050d4                adc_thread_create
 .text.g_common_init
                0x0000514c        0x4 ./src/synergy_gen/common_data.o
                0x0000514c                g_common_init
 .text.g_hal_init
                0x00005150        0x4 ./src/synergy_gen/hal_data.o
                0x00005150                g_hal_init
 .text.tx_application_define_internal
                0x00005154        0x4 ./src/synergy_gen/main.o
                0x00005154                tx_application_define_user
                0x00005154                tx_application_define_internal
 .text.tx_startup_err_callback_internal
                0x00005158        0x4 ./src/synergy_gen/main.o
                0x00005158                tx_startup_err_callback_internal
                0x00005158                tx_startup_err_callback
 .text.tx_application_define
                0x0000515c       0x40 ./src/synergy_gen/main.o
                0x0000515c                tx_application_define
 .text.tx_startup_common_init
                0x0000519c       0x64 ./src/synergy_gen/main.o
                0x0000519c                tx_startup_common_init
 .text.startup.main
                0x00005200        0xc ./src/synergy_gen/main.o
                0x00005200                main
 .text.adc_thread_entry
                0x0000520c       0xb8 ./src/adc_thread_entry.o
                0x0000520c                adc_thread_entry
 .text.g_adc_framework_user_callback
                0x000052c4       0x20 ./src/adc_thread_entry.o
                0x000052c4                g_adc_framework_user_callback
 .text._txe_event_flags_create
                0x000052e4       0x9c C:\Users\cjg19\Documents\GitHub\adc_s5d9\synergy\ssp\src\framework\el\tx\cm4_gcc\libtx.a(txe_event_flags_create.o)
                0x000052e4                _txe_event_flags_create
 .text._txe_event_flags_get
                0x00005380       0x44 C:\Users\cjg19\Documents\GitHub\adc_s5d9\synergy\ssp\src\framework\el\tx\cm4_gcc\libtx.a(txe_event_flags_get.o)
                0x00005380                _txe_event_flags_get
 .text._txe_event_flags_set
                0x000053c4       0x2c C:\Users\cjg19\Documents\GitHub\adc_s5d9\synergy\ssp\src\framework\el\tx\cm4_gcc\libtx.a(txe_event_flags_set.o)
                0x000053c4                _txe_event_flags_set
 .text._txe_mutex_create
                0x000053f0       0xac C:\Users\cjg19\Documents\GitHub\adc_s5d9\synergy\ssp\src\framework\el\tx\cm4_gcc\libtx.a(txe_mutex_create.o)
                0x000053f0                _txe_mutex_create
 .text._txe_mutex_delete
                0x0000549c       0x2c C:\Users\cjg19\Documents\GitHub\adc_s5d9\synergy\ssp\src\framework\el\tx\cm4_gcc\libtx.a(txe_mutex_delete.o)
                0x0000549c                _txe_mutex_delete
 .text._txe_mutex_get
                0x000054c8       0x54 C:\Users\cjg19\Documents\GitHub\adc_s5d9\synergy\ssp\src\framework\el\tx\cm4_gcc\libtx.a(txe_mutex_get.o)
                0x000054c8                _txe_mutex_get
 .text._txe_mutex_put
                0x0000551c       0x38 C:\Users\cjg19\Documents\GitHub\adc_s5d9\synergy\ssp\src\framework\el\tx\cm4_gcc\libtx.a(txe_mutex_put.o)
                0x0000551c                _txe_mutex_put
 .text._txe_semaphore_create
                0x00005554       0xa4 C:\Users\cjg19\Documents\GitHub\adc_s5d9\synergy\ssp\src\framework\el\tx\cm4_gcc\libtx.a(txe_semaphore_create.o)
                0x00005554                _txe_semaphore_create
 .text._txe_semaphore_get
                0x000055f8       0x2c C:\Users\cjg19\Documents\GitHub\adc_s5d9\synergy\ssp\src\framework\el\tx\cm4_gcc\libtx.a(txe_semaphore_get.o)
                0x000055f8                _txe_semaphore_get
 .text._txe_semaphore_put
                0x00005624       0x18 C:\Users\cjg19\Documents\GitHub\adc_s5d9\synergy\ssp\src\framework\el\tx\cm4_gcc\libtx.a(txe_semaphore_put.o)
                0x00005624                _txe_semaphore_put
 .text._txe_thread_create
                0x0000563c      0x150 C:\Users\cjg19\Documents\GitHub\adc_s5d9\synergy\ssp\src\framework\el\tx\cm4_gcc\libtx.a(txe_thread_create.o)
                0x0000563c                _txe_thread_create
 .text._tx_event_flags_create
                0x0000578c       0x50 C:\Users\cjg19\Documents\GitHub\adc_s5d9\synergy\ssp\src\framework\el\tx\cm4_gcc\libtx.a(tx_event_flags_create.o)
                0x0000578c                _tx_event_flags_create
 .text._tx_event_flags_get
                0x000057dc       0xe0 C:\Users\cjg19\Documents\GitHub\adc_s5d9\synergy\ssp\src\framework\el\tx\cm4_gcc\libtx.a(tx_event_flags_get.o)
                0x000057dc                _tx_event_flags_get
 .text._tx_event_flags_set
                0x000058bc      0x1f0 C:\Users\cjg19\Documents\GitHub\adc_s5d9\synergy\ssp\src\framework\el\tx\cm4_gcc\libtx.a(tx_event_flags_set.o)
                0x000058bc                _tx_event_flags_set
 .text._tx_initialize_high_level
                0x00005aac       0x70 C:\Users\cjg19\Documents\GitHub\adc_s5d9\synergy\ssp\src\framework\el\tx\cm4_gcc\libtx.a(tx_initialize_high_level.o)
                0x00005aac                _tx_initialize_high_level
 .text._tx_initialize_kernel_enter
                0x00005b1c       0x48 C:\Users\cjg19\Documents\GitHub\adc_s5d9\synergy\ssp\src\framework\el\tx\cm4_gcc\libtx.a(tx_initialize_kernel_enter.o)
                0x00005b1c                _tx_initialize_kernel_enter
 .text.tx_isr_end
                0x00005b64        0x4 C:\Users\cjg19\Documents\GitHub\adc_s5d9\synergy\ssp\src\framework\el\tx\cm4_gcc\libtx.a(tx_isr_end.o)
                0x00005b64                tx_isr_end
 .text.tx_isr_start
                0x00005b68        0x4 C:\Users\cjg19\Documents\GitHub\adc_s5d9\synergy\ssp\src\framework\el\tx\cm4_gcc\libtx.a(tx_isr_start.o)
                0x00005b68                tx_isr_start
 .text._tx_mutex_create
                0x00005b6c       0x60 C:\Users\cjg19\Documents\GitHub\adc_s5d9\synergy\ssp\src\framework\el\tx\cm4_gcc\libtx.a(tx_mutex_create.o)
                0x00005b6c                _tx_mutex_create
 .text._tx_mutex_delete
                0x00005bcc       0xc0 C:\Users\cjg19\Documents\GitHub\adc_s5d9\synergy\ssp\src\framework\el\tx\cm4_gcc\libtx.a(tx_mutex_delete.o)
                0x00005bcc                _tx_mutex_delete
 .text._tx_mutex_get
                0x00005c8c      0x104 C:\Users\cjg19\Documents\GitHub\adc_s5d9\synergy\ssp\src\framework\el\tx\cm4_gcc\libtx.a(tx_mutex_get.o)
                0x00005c8c                _tx_mutex_get
 .text._tx_mutex_priority_change
                0x00005d90       0xbc C:\Users\cjg19\Documents\GitHub\adc_s5d9\synergy\ssp\src\framework\el\tx\cm4_gcc\libtx.a(tx_mutex_priority_change.o)
                0x00005d90                _tx_mutex_priority_change
 .text._tx_mutex_put
                0x00005e4c      0x214 C:\Users\cjg19\Documents\GitHub\adc_s5d9\synergy\ssp\src\framework\el\tx\cm4_gcc\libtx.a(tx_mutex_put.o)
                0x00005e4c                _tx_mutex_put
 .text._tx_semaphore_create
                0x00006060       0x54 C:\Users\cjg19\Documents\GitHub\adc_s5d9\synergy\ssp\src\framework\el\tx\cm4_gcc\libtx.a(tx_semaphore_create.o)
                0x00006060                _tx_semaphore_create
 .text._tx_semaphore_get
                0x000060b4       0x84 C:\Users\cjg19\Documents\GitHub\adc_s5d9\synergy\ssp\src\framework\el\tx\cm4_gcc\libtx.a(tx_semaphore_get.o)
                0x000060b4                _tx_semaphore_get
 .text._tx_semaphore_put
                0x00006138       0x54 C:\Users\cjg19\Documents\GitHub\adc_s5d9\synergy\ssp\src\framework\el\tx\cm4_gcc\libtx.a(tx_semaphore_put.o)
                0x00006138                _tx_semaphore_put
 .text._tx_thread_create
                0x0000618c      0x138 C:\Users\cjg19\Documents\GitHub\adc_s5d9\synergy\ssp\src\framework\el\tx\cm4_gcc\libtx.a(tx_thread_create.o)
                0x0000618c                _tx_thread_create
 .text._tx_thread_initialize
                0x000062c4       0x64 C:\Users\cjg19\Documents\GitHub\adc_s5d9\synergy\ssp\src\framework\el\tx\cm4_gcc\libtx.a(tx_thread_initialize.o)
                0x000062c4                _tx_thread_initialize
 .text._tx_thread_shell_entry
                0x00006328       0x48 C:\Users\cjg19\Documents\GitHub\adc_s5d9\synergy\ssp\src\framework\el\tx\cm4_gcc\libtx.a(tx_thread_shell_entry.o)
                0x00006328                _tx_thread_shell_entry
 .text._tx_thread_system_preempt_check
                0x00006370       0x3c C:\Users\cjg19\Documents\GitHub\adc_s5d9\synergy\ssp\src\framework\el\tx\cm4_gcc\libtx.a(tx_thread_system_preempt_check.o)
                0x00006370                _tx_thread_system_preempt_check
 .text._tx_thread_system_resume
                0x000063ac       0xec C:\Users\cjg19\Documents\GitHub\adc_s5d9\synergy\ssp\src\framework\el\tx\cm4_gcc\libtx.a(tx_thread_system_resume.o)
                0x000063ac                _tx_thread_system_resume
 .text._tx_thread_system_suspend
                0x00006498      0x104 C:\Users\cjg19\Documents\GitHub\adc_s5d9\synergy\ssp\src\framework\el\tx\cm4_gcc\libtx.a(tx_thread_system_suspend.o)
                0x00006498                _tx_thread_system_suspend
 .text._tx_thread_timeout
                0x0000659c       0x40 C:\Users\cjg19\Documents\GitHub\adc_s5d9\synergy\ssp\src\framework\el\tx\cm4_gcc\libtx.a(tx_thread_timeout.o)
                0x0000659c                _tx_thread_timeout
 .text._tx_timer_initialize
                0x000065dc       0x74 C:\Users\cjg19\Documents\GitHub\adc_s5d9\synergy\ssp\src\framework\el\tx\cm4_gcc\libtx.a(tx_timer_initialize.o)
                0x000065dc                _tx_timer_initialize
 .text._tx_timer_system_activate
                0x00006650       0x54 C:\Users\cjg19\Documents\GitHub\adc_s5d9\synergy\ssp\src\framework\el\tx\cm4_gcc\libtx.a(tx_timer_system_activate.o)
                0x00006650                _tx_timer_system_activate
 .text._tx_timer_system_deactivate
                0x000066a4       0x2c C:\Users\cjg19\Documents\GitHub\adc_s5d9\synergy\ssp\src\framework\el\tx\cm4_gcc\libtx.a(tx_timer_system_deactivate.o)
                0x000066a4                _tx_timer_system_deactivate
 .text._tx_initialize_low_level
                0x000066d0       0x8c C:\Users\cjg19\Documents\GitHub\adc_s5d9\synergy\ssp\src\framework\el\tx\cm4_gcc\libtx.a(tx_initialize_low_level.o)
                0x000066d0                _tx_initialize_low_level
 .text._tx_thread_schedule
                0x0000675c       0x5c C:\Users\cjg19\Documents\GitHub\adc_s5d9\synergy\ssp\src\framework\el\tx\cm4_gcc\libtx.a(tx_thread_schedule.o)
                0x0000675c                _tx_thread_schedule
 .text._tx_port_wait_thread_ready
                0x000067b8       0xa8 C:\Users\cjg19\Documents\GitHub\adc_s5d9\synergy\ssp\src\framework\el\tx\cm4_gcc\libtx.a(tx_thread_schedule.o)
                0x000067b8                _tx_port_wait_thread_ready
 .text.PendSV_Handler
                0x00006860       0xb4 C:\Users\cjg19\Documents\GitHub\adc_s5d9\synergy\ssp\src\framework\el\tx\cm4_gcc\libtx.a(tx_thread_schedule.o)
                0x00006860                PendSV_Handler
 .text.SysTick_Handler
                0x00006914        0x4 C:\Users\cjg19\Documents\GitHub\adc_s5d9\synergy\ssp\src\framework\el\tx\cm4_gcc\libtx.a(tx_thread_schedule.o)
                0x00006914                SysTick_Handler
 .text._tx_thread_stack_build
                0x00006918       0x48 C:\Users\cjg19\Documents\GitHub\adc_s5d9\synergy\ssp\src\framework\el\tx\cm4_gcc\libtx.a(tx_thread_stack_build.o)
                0x00006918                _tx_thread_stack_build
 .text._tx_timer_interrupt
                0x00006960       0xc0 C:\Users\cjg19\Documents\GitHub\adc_s5d9\synergy\ssp\src\framework\el\tx\cm4_gcc\libtx.a(tx_timer_interrupt.o)
                0x00006960                _tx_timer_interrupt
 .text._tx_event_flags_cleanup
                0x00006a20       0x84 C:\Users\cjg19\Documents\GitHub\adc_s5d9\synergy\ssp\src\framework\el\tx\cm4_gcc\libtx.a(tx_event_flags_cleanup.o)
                0x00006a20                _tx_event_flags_cleanup
 .text._tx_mutex_cleanup
                0x00006aa4       0x80 C:\Users\cjg19\Documents\GitHub\adc_s5d9\synergy\ssp\src\framework\el\tx\cm4_gcc\libtx.a(tx_mutex_cleanup.o)
                0x00006aa4                _tx_mutex_cleanup
 .text._tx_mutex_thread_release
                0x00006b24       0x44 C:\Users\cjg19\Documents\GitHub\adc_s5d9\synergy\ssp\src\framework\el\tx\cm4_gcc\libtx.a(tx_mutex_cleanup.o)
                0x00006b24                _tx_mutex_thread_release
 .text._tx_mutex_prioritize
                0x00006b68       0xa4 C:\Users\cjg19\Documents\GitHub\adc_s5d9\synergy\ssp\src\framework\el\tx\cm4_gcc\libtx.a(tx_mutex_prioritize.o)
                0x00006b68                _tx_mutex_prioritize
 .text._tx_semaphore_cleanup
                0x00006c0c       0x80 C:\Users\cjg19\Documents\GitHub\adc_s5d9\synergy\ssp\src\framework\el\tx\cm4_gcc\libtx.a(tx_semaphore_cleanup.o)
                0x00006c0c                _tx_semaphore_cleanup
 .text._tx_thread_time_slice
                0x00006c8c       0x74 C:\Users\cjg19\Documents\GitHub\adc_s5d9\synergy\ssp\src\framework\el\tx\cm4_gcc\libtx.a(tx_thread_time_slice.o)
                0x00006c8c                _tx_thread_time_slice
 .text._tx_timer_expiration_process
                0x00006d00      0x104 C:\Users\cjg19\Documents\GitHub\adc_s5d9\synergy\ssp\src\framework\el\tx\cm4_gcc\libtx.a(tx_timer_expiration_process.o)
                0x00006d00                _tx_timer_expiration_process
 .text          0x00006e04       0x30 c:/program files (x86)/gnu tools arm embedded/7 2017-q4-major/bin/../lib/gcc/arm-none-eabi/7.2.1/thumb/v7e-m/fpv4-sp/hard\libgcc.a(_aeabi_uldivmod.o)
                0x00006e04                __aeabi_uldivmod
 .text          0x00006e34      0x2cc c:/program files (x86)/gnu tools arm embedded/7 2017-q4-major/bin/../lib/gcc/arm-none-eabi/7.2.1/thumb/v7e-m/fpv4-sp/hard\libgcc.a(_udivmoddi4.o)
                0x00006e34                __udivmoddi4
 .text          0x00007100        0x4 c:/program files (x86)/gnu tools arm embedded/7 2017-q4-major/bin/../lib/gcc/arm-none-eabi/7.2.1/thumb/v7e-m/fpv4-sp/hard\libgcc.a(_dvmd_tls.o)
                0x00007100                __aeabi_idiv0
                0x00007100                __aeabi_ldiv0
 .text.__errno  0x00007104        0xc c:/program files (x86)/gnu tools arm embedded/7 2017-q4-major/bin/../lib/gcc/arm-none-eabi/7.2.1/../../../../arm-none-eabi/lib/thumb/v7e-m/fpv4-sp/hard\libg_nano.a(lib_a-errno.o)
                0x00007104                __errno
 .text.memcmp   0x00007110       0x1e c:/program files (x86)/gnu tools arm embedded/7 2017-q4-major/bin/../lib/gcc/arm-none-eabi/7.2.1/../../../../arm-none-eabi/lib/thumb/v7e-m/fpv4-sp/hard\libg_nano.a(lib_a-memcmp.o)
                0x00007110                memcmp
 .text.memset   0x0000712e       0x10 c:/program files (x86)/gnu tools arm embedded/7 2017-q4-major/bin/../lib/gcc/arm-none-eabi/7.2.1/../../../../arm-none-eabi/lib/thumb/v7e-m/fpv4-sp/hard\libg_nano.a(lib_a-memset.o)
                0x0000712e                memset
 *fill*         0x0000713e        0x2 ff
 .text.srand    0x00007140       0x48 c:/program files (x86)/gnu tools arm embedded/7 2017-q4-major/bin/../lib/gcc/arm-none-eabi/7.2.1/../../../../arm-none-eabi/lib/thumb/v7e-m/fpv4-sp/hard\libg_nano.a(lib_a-rand.o)
                0x00007140                srand
 .text.malloc   0x00007188       0x10 c:/program files (x86)/gnu tools arm embedded/7 2017-q4-major/bin/../lib/gcc/arm-none-eabi/7.2.1/../../../../arm-none-eabi/lib/thumb/v7e-m/fpv4-sp/hard\libg_nano.a(lib_a-malloc.o)
                0x00007188                malloc
 .text._malloc_r
                0x00007198       0xb4 c:/program files (x86)/gnu tools arm embedded/7 2017-q4-major/bin/../lib/gcc/arm-none-eabi/7.2.1/../../../../arm-none-eabi/lib/thumb/v7e-m/fpv4-sp/hard\libg_nano.a(lib_a-nano-mallocr.o)
                0x00007198                _malloc_r
 .text._sbrk_r  0x0000724c       0x20 c:/program files (x86)/gnu tools arm embedded/7 2017-q4-major/bin/../lib/gcc/arm-none-eabi/7.2.1/../../../../arm-none-eabi/lib/thumb/v7e-m/fpv4-sp/hard\libg_nano.a(lib_a-sbrkr.o)
                0x0000724c                _sbrk_r
 .text.__malloc_lock
                0x0000726c        0x2 c:/program files (x86)/gnu tools arm embedded/7 2017-q4-major/bin/../lib/gcc/arm-none-eabi/7.2.1/../../../../arm-none-eabi/lib/thumb/v7e-m/fpv4-sp/hard\libg_nano.a(lib_a-mlock.o)
                0x0000726c                __malloc_lock
 .text.__malloc_unlock
                0x0000726e        0x2 c:/program files (x86)/gnu tools arm embedded/7 2017-q4-major/bin/../lib/gcc/arm-none-eabi/7.2.1/../../../../arm-none-eabi/lib/thumb/v7e-m/fpv4-sp/hard\libg_nano.a(lib_a-mlock.o)
                0x0000726e                __malloc_unlock
 *(.version)
 .version       0x00007270       0x60 ./synergy/ssp/src/bsp/mcu/all/bsp_common.o
 *(.init)
 .init          0x000072d0        0x4 c:/program files (x86)/gnu tools arm embedded/7 2017-q4-major/bin/../lib/gcc/arm-none-eabi/7.2.1/thumb/v7e-m/fpv4-sp/hard/crti.o
                0x000072d0                _init
 .init          0x000072d4        0x8 c:/program files (x86)/gnu tools arm embedded/7 2017-q4-major/bin/../lib/gcc/arm-none-eabi/7.2.1/thumb/v7e-m/fpv4-sp/hard/crtn.o
 *(.fini)
 .fini          0x000072dc        0x4 c:/program files (x86)/gnu tools arm embedded/7 2017-q4-major/bin/../lib/gcc/arm-none-eabi/7.2.1/thumb/v7e-m/fpv4-sp/hard/crti.o
                0x000072dc                _fini
 .fini          0x000072e0        0x8 c:/program files (x86)/gnu tools arm embedded/7 2017-q4-major/bin/../lib/gcc/arm-none-eabi/7.2.1/thumb/v7e-m/fpv4-sp/hard/crtn.o
 *crtbegin.o(.ctors)
 *crtbegin?.o(.ctors)
 *(EXCLUDE_FILE(*crtend.o *crtend?.o) .ctors)
 *(SORT_BY_NAME(.ctors.*))
 *(.ctors)
 *crtbegin.o(.dtors)
 *crtbegin?.o(.dtors)
 *(EXCLUDE_FILE(*crtend.o *crtend?.o) .dtors)
 *(SORT_BY_NAME(.dtors.*))
 *(.dtors)
 *(.rodata*)
 .rodata.g_sf_adc_periodic_on_sf_adc_periodic
                0x000072e8       0x14 ./synergy/ssp/src/framework/sf_adc_periodic/sf_adc_periodic.o
                0x000072e8                g_sf_adc_periodic_on_sf_adc_periodic
 .rodata.s_sf_adc_periodic_version
                0x000072fc        0x4 ./synergy/ssp/src/framework/sf_adc_periodic/sf_adc_periodic.o
 .rodata.g_ioport_on_ioport
                0x00007300       0x3c ./synergy/ssp/src/driver/r_ioport/r_ioport.o
                0x00007300                g_ioport_on_ioport
 .rodata.g_vbatt_pins_input
                0x0000733c        0x6 ./synergy/ssp/src/driver/r_ioport/r_ioport.o
 *fill*         0x00007342        0x2 ff
 .rodata.g_gpt_version
                0x00007344        0x4 ./synergy/ssp/src/driver/r_gpt/r_gpt.o
 .rodata.g_timer_on_gpt
                0x00007348       0x28 ./synergy/ssp/src/driver/r_gpt/r_gpt.o
                0x00007348                g_timer_on_gpt
 .rodata.bit_count
                0x00007370       0x80 ./synergy/ssp/src/driver/r_fmi/r_fmi.o
 .rodata.bit_count_mask
                0x000073f0        0x8 ./synergy/ssp/src/driver/r_fmi/r_fmi.o
 .rodata.g_fmi_on_fmi
                0x000073f8       0x18 ./synergy/ssp/src/driver/r_fmi/r_fmi.o
                0x000073f8                g_fmi_on_fmi
 .rodata.g_fmi_version
                0x00007410        0x4 ./synergy/ssp/src/driver/r_fmi/r_fmi.o
 .rodata.g_elc_on_elc
                0x00007414       0x1c ./synergy/ssp/src/driver/r_elc/r_elc.o
                0x00007414                g_elc_on_elc
 .rodata.s_elc_version
                0x00007430        0x4 ./synergy/ssp/src/driver/r_elc/r_elc.o
 .rodata.g_dtc_version
                0x00007434        0x4 ./synergy/ssp/src/driver/r_dtc/r_dtc.o
 .rodata.g_transfer_on_dtc
                0x00007438       0x28 ./synergy/ssp/src/driver/r_dtc/r_dtc.o
                0x00007438                g_transfer_on_dtc
 .rodata.g_cgc_on_cgc
                0x00007460       0x6c ./synergy/ssp/src/driver/r_cgc/r_cgc.o
                0x00007460                g_cgc_on_cgc
 .rodata.g_cgc_version
                0x000074cc        0x4 ./synergy/ssp/src/driver/r_cgc/r_cgc.o
 .rodata.g_pllccr2_div_setting
                0x000074d0        0x8 ./synergy/ssp/src/driver/r_cgc/r_cgc.o
 .rodata.g_pllccr2_div_value
                0x000074d8        0x6 ./synergy/ssp/src/driver/r_cgc/r_cgc.o
 *fill*         0x000074de        0x2 ff
 .rodata.g_pllccr_div_setting
                0x000074e0        0x6 ./synergy/ssp/src/driver/r_cgc/r_cgc.o
 *fill*         0x000074e6        0x2 ff
 .rodata.g_pllccr_div_value
                0x000074e8        0x6 ./synergy/ssp/src/driver/r_cgc/r_cgc.o
 *fill*         0x000074ee        0x2 ff
 .rodata.g_adc_on_adc
                0x000074f0       0x34 ./synergy/ssp/src/driver/r_adc/r_adc.o
                0x000074f0                g_adc_on_adc
 .rodata.s_adc_version
                0x00007524        0x4 ./synergy/ssp/src/driver/r_adc/r_adc.o
 .rodata.g_cgc_feature
                0x00007528       0x2c ./synergy/ssp/src/bsp/mcu/s5d9/bsp_feature.o
 .rodata.g_fmi_data
                0x00007554      0x400 ./synergy/ssp/src/bsp/mcu/s5d9/bsp_fmi_R7FS5D97E3A01CFC.o
                0x00007554                g_fmi_data
 .rodata.g_bsp_module_stop
                0x00007954       0x46 ./synergy/ssp/src/bsp/mcu/s5d9/bsp_module_stop.o
 *fill*         0x0000799a        0x2 ff
 .rodata.gp_mstp
                0x0000799c       0x10 ./synergy/ssp/src/bsp/mcu/s5d9/bsp_module_stop.o
 .rodata.gp_vector_information
                0x000079ac        0x4 ./synergy/ssp/src/bsp/mcu/all/bsp_irq.o
                0x000079ac                gp_vector_information
 .rodata.g_prcr_masks
                0x000079b0        0x6 ./synergy/ssp/src/bsp/mcu/all/bsp_register_protection.o
 *fill*         0x000079b6        0x2 ff
 .rodata.g_elc_cfg
                0x000079b8        0xc ./synergy/ssp/src/bsp/cmsis/Device/RENESAS/S5D9/Source/system_S5D9.o
 .rodata.g_bsp_leds
                0x000079c4        0x8 ./synergy/board/s5d9_pk/bsp_leds.o
                0x000079c4                g_bsp_leds
 .rodata.g_bsp_prv_leds
                0x000079cc        0x6 ./synergy/board/s5d9_pk/bsp_leds.o
 *fill*         0x000079d2        0x2 ff
 .rodata.adc_thread_create.str1.4
                0x000079d4       0x13 ./src/synergy_gen/adc_thread.o
 *fill*         0x000079e7        0x1 ff
 .rodata.g_adc0
                0x000079e8       0x10 ./src/synergy_gen/adc_thread.o
                0x000079e8                g_adc0
 .rodata.g_adc0_cfg
                0x000079f8       0x24 ./src/synergy_gen/adc_thread.o
                0x000079f8                g_adc0_cfg
 .rodata.g_adc0_channel_cfg
                0x00007a1c       0x14 ./src/synergy_gen/adc_thread.o
                0x00007a1c                g_adc0_channel_cfg
 .rodata.g_timer0
                0x00007a30        0xc ./src/synergy_gen/adc_thread.o
                0x00007a30                g_timer0
 .rodata.g_timer0_cfg
                0x00007a3c       0x20 ./src/synergy_gen/adc_thread.o
 .rodata.g_timer0_extend
                0x00007a5c        0x5 ./src/synergy_gen/adc_thread.o
 *fill*         0x00007a61        0x3 ff
 .rodata.g_transfer0
                0x00007a64        0xc ./src/synergy_gen/adc_thread.o
                0x00007a64                g_transfer0
 .rodata.g_transfer0_cfg
                0x00007a70       0x14 ./src/synergy_gen/adc_thread.o
                0x00007a70                g_transfer0_cfg
 .rodata.g_ioport
                0x00007a84        0x8 ./src/synergy_gen/common_data.o
                0x00007a84                g_ioport
 .rodata.tx_application_define.str1.4
                0x00007a8c       0x14 ./src/synergy_gen/main.o
 .rodata.g_bsp_pin_cfg
                0x00007aa0        0x8 ./src/synergy_gen/pin_data.o
                0x00007aa0                g_bsp_pin_cfg
 .rodata.g_bsp_pin_cfg_data
                0x00007aa8      0x3a0 ./src/synergy_gen/pin_data.o
                0x00007aa8                g_bsp_pin_cfg_data
 .rodata.g_vfp_offset
                0x00007e48        0x4 C:\Users\cjg19\Documents\GitHub\adc_s5d9\synergy\ssp\src\framework\el\tx\cm4_gcc\libtx.a(tx_thread_schedule.o)
                0x00007e48                g_vfp_offset
 .rodata.__sf_fake_stderr
                0x00007e4c       0x20 c:/program files (x86)/gnu tools arm embedded/7 2017-q4-major/bin/../lib/gcc/arm-none-eabi/7.2.1/../../../../arm-none-eabi/lib/thumb/v7e-m/fpv4-sp/hard\libc_nano.a(lib_a-findfp.o)
                0x00007e4c                __sf_fake_stderr
 .rodata.__sf_fake_stdin
                0x00007e6c       0x20 c:/program files (x86)/gnu tools arm embedded/7 2017-q4-major/bin/../lib/gcc/arm-none-eabi/7.2.1/../../../../arm-none-eabi/lib/thumb/v7e-m/fpv4-sp/hard\libc_nano.a(lib_a-findfp.o)
                0x00007e6c                __sf_fake_stdin
 .rodata.__sf_fake_stdout
                0x00007e8c       0x20 c:/program files (x86)/gnu tools arm embedded/7 2017-q4-major/bin/../lib/gcc/arm-none-eabi/7.2.1/../../../../arm-none-eabi/lib/thumb/v7e-m/fpv4-sp/hard\libc_nano.a(lib_a-findfp.o)
                0x00007e8c                __sf_fake_stdout
                0x00007eac                __usb_dev_descriptor_start_fs = .
 *(.usb_device_desc_fs*)
                0x00007eac                __usb_cfg_descriptor_start_fs = .
 *(.usb_config_desc_fs*)
                0x00007eac                __usb_interface_descriptor_start_fs = .
 *(.usb_interface_desc_fs*)
                0x00007eac                __usb_descriptor_end_fs = .
                0x00007eac                __usb_dev_descriptor_start_hs = .
 *(.usb_device_desc_hs*)
                0x00007eac                __usb_cfg_descriptor_start_hs = .
 *(.usb_config_desc_hs*)
                0x00007eac                __usb_interface_descriptor_start_hs = .
 *(.usb_interface_desc_hs*)
                0x00007eac                __usb_descriptor_end_hs = .
 *(.eh_frame*)
 .eh_frame      0x00007eac        0x0 c:/program files (x86)/gnu tools arm embedded/7 2017-q4-major/bin/../lib/gcc/arm-none-eabi/7.2.1/thumb/v7e-m/fpv4-sp/hard/crtbegin.o
 .eh_frame      0x00007eac        0x4 c:/program files (x86)/gnu tools arm embedded/7 2017-q4-major/bin/../lib/gcc/arm-none-eabi/7.2.1/thumb/v7e-m/fpv4-sp/hard/crtend.o
                0x00007eb0                __ROM_End = .
                0x00000044                __Vectors_Size = (__Vectors_End - __Vectors)
                0x00000008                __Vector_Info_Size = (__Vector_Info_End - __Vector_Info_Start)
                0x000001b0                __Lock_Lookup_Size = (__Lock_Lookup_End - __Lock_Lookup_Start)

.glue_7         0x00007eb0        0x0
 .glue_7        0x00007eb0        0x0 linker stubs

.glue_7t        0x00007eb0        0x0
 .glue_7t       0x00007eb0        0x0 linker stubs

.vfp11_veneer   0x00007eb0        0x0
 .vfp11_veneer  0x00007eb0        0x0 linker stubs

.v4_bx          0x00007eb0        0x0
 .v4_bx         0x00007eb0        0x0 linker stubs

.iplt           0x00007eb0        0x0
 .iplt          0x00007eb0        0x0 c:/program files (x86)/gnu tools arm embedded/7 2017-q4-major/bin/../lib/gcc/arm-none-eabi/7.2.1/thumb/v7e-m/fpv4-sp/hard/crtbegin.o

.ARM.extab
 *(.ARM.extab* .gnu.linkonce.armextab.*)
                0x00007eb0                __exidx_start = .

.ARM.exidx      0x00007eb0        0x8
 *(.ARM.exidx* .gnu.linkonce.armexidx.*)
 .ARM.exidx     0x00007eb0        0x8 c:/program files (x86)/gnu tools arm embedded/7 2017-q4-major/bin/../lib/gcc/arm-none-eabi/7.2.1/thumb/v7e-m/fpv4-sp/hard\libgcc.a(_udivmoddi4.o)
                0x00007eb8                __exidx_end = .
                0x00007eb8                __etext = .

.ssp_dtc_vector_table
                0x1ffe0000      0x1c0
                0x1ffe0000                . = ORIGIN (RAM)
 *(.ssp_dtc_vector_table)
 .ssp_dtc_vector_table
                0x1ffe0000      0x1c0 ./synergy/ssp/src/driver/r_dtc/r_dtc.o

.data           0x1ffe01c0      0x124 load address 0x00007eb8
                0x1ffe01c0                __data_start__ = .
 *(.r_flash_hp_config_set_area)
                0x1ffe01c0                . = ALIGN (0x4)
                0x1ffe01c0                __Code_In_RAM_Start = .
 *(.code_in_ram*)
                0x1ffe01c0                __Code_In_RAM_End = .
 *(vtable)
 *(.data.*)
 .data.g_sf_adc_periodic0
                0x1ffe01c0        0xc ./src/synergy_gen/adc_thread.o
                0x1ffe01c0                g_sf_adc_periodic0
 .data.g_sf_adc_periodic0_cfg
                0x1ffe01cc       0x2c ./src/synergy_gen/adc_thread.o
                0x1ffe01cc                g_sf_adc_periodic0_cfg
 .data.g_transfer0_info
                0x1ffe01f8       0x10 ./src/synergy_gen/adc_thread.o
                0x1ffe01f8                g_transfer0_info
 .data._tx_thread_system_state
                0x1ffe0208        0x4 C:\Users\cjg19\Documents\GitHub\adc_s5d9\synergy\ssp\src\framework\el\tx\cm4_gcc\libtx.a(tx_thread_initialize.o)
                0x1ffe0208                _tx_thread_system_state
 .data._impure_ptr
                0x1ffe020c        0x4 c:/program files (x86)/gnu tools arm embedded/7 2017-q4-major/bin/../lib/gcc/arm-none-eabi/7.2.1/../../../../arm-none-eabi/lib/thumb/v7e-m/fpv4-sp/hard\libg_nano.a(lib_a-impure.o)
                0x1ffe020c                _impure_ptr
 .data.impure_data
                0x1ffe0210       0x60 c:/program files (x86)/gnu tools arm embedded/7 2017-q4-major/bin/../lib/gcc/arm-none-eabi/7.2.1/../../../../arm-none-eabi/lib/thumb/v7e-m/fpv4-sp/hard\libg_nano.a(lib_a-impure.o)
                0x1ffe0270                . = ALIGN (0x4)
                0x1ffe0270                PROVIDE (__preinit_array_start, .)
 *(.preinit_array)
                0x1ffe0270                PROVIDE (__preinit_array_end, .)
                0x1ffe0270                . = ALIGN (0x4)
                0x1ffe0270                PROVIDE (__init_array_start, .)
 *(SORT_BY_NAME(.init_array.*))
 *(.init_array)
 .init_array    0x1ffe0270        0x4 c:/program files (x86)/gnu tools arm embedded/7 2017-q4-major/bin/../lib/gcc/arm-none-eabi/7.2.1/thumb/v7e-m/fpv4-sp/hard/crtbegin.o
                0x1ffe0274                PROVIDE (__init_array_end, .)
                0x1ffe0274                . = ALIGN (0x4)
                [!provide]                PROVIDE (__fini_array_start, .)
 *(SORT_BY_NAME(.fini_array.*))
 *(.fini_array)
 .fini_array    0x1ffe0274        0x4 c:/program files (x86)/gnu tools arm embedded/7 2017-q4-major/bin/../lib/gcc/arm-none-eabi/7.2.1/thumb/v7e-m/fpv4-sp/hard/crtbegin.o
                [!provide]                PROVIDE (__fini_array_end, .)
 *(.jcr*)
                0x1ffe0278                __Lock_Start = .
 *(SORT_BY_NAME(.hw_lock*))
 .hw_lock.ADC_0U_0U
                0x1ffe0278        0x1 ./synergy/ssp/src/bsp/mcu/s5d9/bsp_hw_locks.o
                0x1ffe0278                g_hw_lock_ADC_0U_0U
 .hw_lock.ADC_0U_1U
                0x1ffe0279        0x1 ./synergy/ssp/src/bsp/mcu/s5d9/bsp_hw_locks.o
                0x1ffe0279                g_hw_lock_ADC_0U_1U
 .hw_lock.AGT_0U_0U
                0x1ffe027a        0x1 ./synergy/ssp/src/bsp/mcu/s5d9/bsp_hw_locks.o
                0x1ffe027a                g_hw_lock_AGT_0U_0U
 .hw_lock.AGT_0U_1U
                0x1ffe027b        0x1 ./synergy/ssp/src/bsp/mcu/s5d9/bsp_hw_locks.o
                0x1ffe027b                g_hw_lock_AGT_0U_1U
 .hw_lock.BSC_0U_1U
                0x1ffe027c        0x1 ./synergy/ssp/src/bsp/mcu/s5d9/bsp_hw_locks.o
                0x1ffe027c                g_hw_lock_BSC_0U_1U
 .hw_lock.CAC_0U_0U
                0x1ffe027d        0x1 ./synergy/ssp/src/bsp/mcu/s5d9/bsp_hw_locks.o
                0x1ffe027d                g_hw_lock_CAC_0U_0U
 .hw_lock.CAN_0U_0U
                0x1ffe027e        0x1 ./synergy/ssp/src/bsp/mcu/s5d9/bsp_hw_locks.o
                0x1ffe027e                g_hw_lock_CAN_0U_0U
 .hw_lock.CAN_0U_1U
                0x1ffe027f        0x1 ./synergy/ssp/src/bsp/mcu/s5d9/bsp_hw_locks.o
                0x1ffe027f                g_hw_lock_CAN_0U_1U
 .hw_lock.COMP_HS_0U_0U
                0x1ffe0280        0x1 ./synergy/ssp/src/bsp/mcu/s5d9/bsp_hw_locks.o
                0x1ffe0280                g_hw_lock_COMP_HS_0U_0U
 .hw_lock.COMP_HS_0U_1U
                0x1ffe0281        0x1 ./synergy/ssp/src/bsp/mcu/s5d9/bsp_hw_locks.o
                0x1ffe0281                g_hw_lock_COMP_HS_0U_1U
 .hw_lock.COMP_HS_0U_2U
                0x1ffe0282        0x1 ./synergy/ssp/src/bsp/mcu/s5d9/bsp_hw_locks.o
                0x1ffe0282                g_hw_lock_COMP_HS_0U_2U
 .hw_lock.COMP_HS_0U_3U
                0x1ffe0283        0x1 ./synergy/ssp/src/bsp/mcu/s5d9/bsp_hw_locks.o
                0x1ffe0283                g_hw_lock_COMP_HS_0U_3U
 .hw_lock.COMP_HS_0U_4U
                0x1ffe0284        0x1 ./synergy/ssp/src/bsp/mcu/s5d9/bsp_hw_locks.o
                0x1ffe0284                g_hw_lock_COMP_HS_0U_4U
 .hw_lock.COMP_HS_0U_5U
                0x1ffe0285        0x1 ./synergy/ssp/src/bsp/mcu/s5d9/bsp_hw_locks.o
                0x1ffe0285                g_hw_lock_COMP_HS_0U_5U
 .hw_lock.CRC_0U_0U
                0x1ffe0286        0x1 ./synergy/ssp/src/bsp/mcu/s5d9/bsp_hw_locks.o
                0x1ffe0286                g_hw_lock_CRC_0U_0U
 .hw_lock.CTSU_0U_0U
                0x1ffe0287        0x1 ./synergy/ssp/src/bsp/mcu/s5d9/bsp_hw_locks.o
                0x1ffe0287                g_hw_lock_CTSU_0U_0U
 .hw_lock.DAAD_0U_0U
                0x1ffe0288        0x1 ./synergy/ssp/src/bsp/mcu/s5d9/bsp_hw_locks.o
                0x1ffe0288                g_hw_lock_DAAD_0U_0U
 .hw_lock.DAC_0U_0U
                0x1ffe0289        0x1 ./synergy/ssp/src/bsp/mcu/s5d9/bsp_hw_locks.o
                0x1ffe0289                g_hw_lock_DAC_0U_0U
 .hw_lock.DAC_0U_1U
                0x1ffe028a        0x1 ./synergy/ssp/src/bsp/mcu/s5d9/bsp_hw_locks.o
                0x1ffe028a                g_hw_lock_DAC_0U_1U
 .hw_lock.DMAC_0U_0U
                0x1ffe028b        0x1 ./synergy/ssp/src/bsp/mcu/s5d9/bsp_hw_locks.o
                0x1ffe028b                g_hw_lock_DMAC_0U_0U
 .hw_lock.DMAC_0U_1U
                0x1ffe028c        0x1 ./synergy/ssp/src/bsp/mcu/s5d9/bsp_hw_locks.o
                0x1ffe028c                g_hw_lock_DMAC_0U_1U
 .hw_lock.DMAC_0U_2U
                0x1ffe028d        0x1 ./synergy/ssp/src/bsp/mcu/s5d9/bsp_hw_locks.o
                0x1ffe028d                g_hw_lock_DMAC_0U_2U
 .hw_lock.DMAC_0U_3U
                0x1ffe028e        0x1 ./synergy/ssp/src/bsp/mcu/s5d9/bsp_hw_locks.o
                0x1ffe028e                g_hw_lock_DMAC_0U_3U
 .hw_lock.DMAC_0U_4U
                0x1ffe028f        0x1 ./synergy/ssp/src/bsp/mcu/s5d9/bsp_hw_locks.o
                0x1ffe028f                g_hw_lock_DMAC_0U_4U
 .hw_lock.DMAC_0U_5U
                0x1ffe0290        0x1 ./synergy/ssp/src/bsp/mcu/s5d9/bsp_hw_locks.o
                0x1ffe0290                g_hw_lock_DMAC_0U_5U
 .hw_lock.DMAC_0U_6U
                0x1ffe0291        0x1 ./synergy/ssp/src/bsp/mcu/s5d9/bsp_hw_locks.o
                0x1ffe0291                g_hw_lock_DMAC_0U_6U
 .hw_lock.DMAC_0U_7U
                0x1ffe0292        0x1 ./synergy/ssp/src/bsp/mcu/s5d9/bsp_hw_locks.o
                0x1ffe0292                g_hw_lock_DMAC_0U_7U
 .hw_lock.DOC_0U_0U
                0x1ffe0293        0x1 ./synergy/ssp/src/bsp/mcu/s5d9/bsp_hw_locks.o
                0x1ffe0293                g_hw_lock_DOC_0U_0U
 .hw_lock.DRW_0U_0U
                0x1ffe0294        0x1 ./synergy/ssp/src/bsp/mcu/s5d9/bsp_hw_locks.o
                0x1ffe0294                g_hw_lock_DRW_0U_0U
 .hw_lock.DTC_0U_0U
                0x1ffe0295        0x1 ./synergy/ssp/src/bsp/mcu/s5d9/bsp_hw_locks.o
                0x1ffe0295                g_hw_lock_DTC_0U_0U
 .hw_lock.ELC_0U_0U
                0x1ffe0296        0x1 ./synergy/ssp/src/bsp/mcu/s5d9/bsp_hw_locks.o
                0x1ffe0296                g_hw_lock_ELC_0U_0U
 .hw_lock.EPTPC_0U_0U
                0x1ffe0297        0x1 ./synergy/ssp/src/bsp/mcu/s5d9/bsp_hw_locks.o
                0x1ffe0297                g_hw_lock_EPTPC_0U_0U
 .hw_lock.ETHER_0U_0U
                0x1ffe0298        0x1 ./synergy/ssp/src/bsp/mcu/s5d9/bsp_hw_locks.o
                0x1ffe0298                g_hw_lock_ETHER_0U_0U
 .hw_lock.ETHER_0U_1U
                0x1ffe0299        0x1 ./synergy/ssp/src/bsp/mcu/s5d9/bsp_hw_locks.o
                0x1ffe0299                g_hw_lock_ETHER_0U_1U
 .hw_lock.FCU_0U_0U
                0x1ffe029a        0x1 ./synergy/ssp/src/bsp/mcu/s5d9/bsp_hw_locks.o
                0x1ffe029a                g_hw_lock_FCU_0U_0U
 .hw_lock.GLCDC_0U_0U
                0x1ffe029b        0x1 ./synergy/ssp/src/bsp/mcu/s5d9/bsp_hw_locks.o
                0x1ffe029b                g_hw_lock_GLCDC_0U_0U
 .hw_lock.GPT_0U_0U
                0x1ffe029c        0x1 ./synergy/ssp/src/bsp/mcu/s5d9/bsp_hw_locks.o
                0x1ffe029c                g_hw_lock_GPT_0U_0U
 .hw_lock.GPT_0U_10U
                0x1ffe029d        0x1 ./synergy/ssp/src/bsp/mcu/s5d9/bsp_hw_locks.o
                0x1ffe029d                g_hw_lock_GPT_0U_10U
 .hw_lock.GPT_0U_11U
                0x1ffe029e        0x1 ./synergy/ssp/src/bsp/mcu/s5d9/bsp_hw_locks.o
                0x1ffe029e                g_hw_lock_GPT_0U_11U
 .hw_lock.GPT_0U_12U
                0x1ffe029f        0x1 ./synergy/ssp/src/bsp/mcu/s5d9/bsp_hw_locks.o
                0x1ffe029f                g_hw_lock_GPT_0U_12U
 .hw_lock.GPT_0U_13U
                0x1ffe02a0        0x1 ./synergy/ssp/src/bsp/mcu/s5d9/bsp_hw_locks.o
                0x1ffe02a0                g_hw_lock_GPT_0U_13U
 .hw_lock.GPT_0U_1U
                0x1ffe02a1        0x1 ./synergy/ssp/src/bsp/mcu/s5d9/bsp_hw_locks.o
                0x1ffe02a1                g_hw_lock_GPT_0U_1U
 .hw_lock.GPT_0U_2U
                0x1ffe02a2        0x1 ./synergy/ssp/src/bsp/mcu/s5d9/bsp_hw_locks.o
                0x1ffe02a2                g_hw_lock_GPT_0U_2U
 .hw_lock.GPT_0U_3U
                0x1ffe02a3        0x1 ./synergy/ssp/src/bsp/mcu/s5d9/bsp_hw_locks.o
                0x1ffe02a3                g_hw_lock_GPT_0U_3U
 .hw_lock.GPT_0U_4U
                0x1ffe02a4        0x1 ./synergy/ssp/src/bsp/mcu/s5d9/bsp_hw_locks.o
                0x1ffe02a4                g_hw_lock_GPT_0U_4U
 .hw_lock.GPT_0U_5U
                0x1ffe02a5        0x1 ./synergy/ssp/src/bsp/mcu/s5d9/bsp_hw_locks.o
                0x1ffe02a5                g_hw_lock_GPT_0U_5U
 .hw_lock.GPT_0U_6U
                0x1ffe02a6        0x1 ./synergy/ssp/src/bsp/mcu/s5d9/bsp_hw_locks.o
                0x1ffe02a6                g_hw_lock_GPT_0U_6U
 .hw_lock.GPT_0U_7U
                0x1ffe02a7        0x1 ./synergy/ssp/src/bsp/mcu/s5d9/bsp_hw_locks.o
                0x1ffe02a7                g_hw_lock_GPT_0U_7U
 .hw_lock.GPT_0U_8U
                0x1ffe02a8        0x1 ./synergy/ssp/src/bsp/mcu/s5d9/bsp_hw_locks.o
                0x1ffe02a8                g_hw_lock_GPT_0U_8U
 .hw_lock.GPT_0U_9U
                0x1ffe02a9        0x1 ./synergy/ssp/src/bsp/mcu/s5d9/bsp_hw_locks.o
                0x1ffe02a9                g_hw_lock_GPT_0U_9U
 .hw_lock.ICU_0U_0U
                0x1ffe02aa        0x1 ./synergy/ssp/src/bsp/mcu/s5d9/bsp_hw_locks.o
                0x1ffe02aa                g_hw_lock_ICU_0U_0U
 .hw_lock.ICU_0U_10U
                0x1ffe02ab        0x1 ./synergy/ssp/src/bsp/mcu/s5d9/bsp_hw_locks.o
                0x1ffe02ab                g_hw_lock_ICU_0U_10U
 .hw_lock.ICU_0U_11U
                0x1ffe02ac        0x1 ./synergy/ssp/src/bsp/mcu/s5d9/bsp_hw_locks.o
                0x1ffe02ac                g_hw_lock_ICU_0U_11U
 .hw_lock.ICU_0U_12U
                0x1ffe02ad        0x1 ./synergy/ssp/src/bsp/mcu/s5d9/bsp_hw_locks.o
                0x1ffe02ad                g_hw_lock_ICU_0U_12U
 .hw_lock.ICU_0U_13U
                0x1ffe02ae        0x1 ./synergy/ssp/src/bsp/mcu/s5d9/bsp_hw_locks.o
                0x1ffe02ae                g_hw_lock_ICU_0U_13U
 .hw_lock.ICU_0U_14U
                0x1ffe02af        0x1 ./synergy/ssp/src/bsp/mcu/s5d9/bsp_hw_locks.o
                0x1ffe02af                g_hw_lock_ICU_0U_14U
 .hw_lock.ICU_0U_15U
                0x1ffe02b0        0x1 ./synergy/ssp/src/bsp/mcu/s5d9/bsp_hw_locks.o
                0x1ffe02b0                g_hw_lock_ICU_0U_15U
 .hw_lock.ICU_0U_1U
                0x1ffe02b1        0x1 ./synergy/ssp/src/bsp/mcu/s5d9/bsp_hw_locks.o
                0x1ffe02b1                g_hw_lock_ICU_0U_1U
 .hw_lock.ICU_0U_2U
                0x1ffe02b2        0x1 ./synergy/ssp/src/bsp/mcu/s5d9/bsp_hw_locks.o
                0x1ffe02b2                g_hw_lock_ICU_0U_2U
 .hw_lock.ICU_0U_3U
                0x1ffe02b3        0x1 ./synergy/ssp/src/bsp/mcu/s5d9/bsp_hw_locks.o
                0x1ffe02b3                g_hw_lock_ICU_0U_3U
 .hw_lock.ICU_0U_4U
                0x1ffe02b4        0x1 ./synergy/ssp/src/bsp/mcu/s5d9/bsp_hw_locks.o
                0x1ffe02b4                g_hw_lock_ICU_0U_4U
 .hw_lock.ICU_0U_5U
                0x1ffe02b5        0x1 ./synergy/ssp/src/bsp/mcu/s5d9/bsp_hw_locks.o
                0x1ffe02b5                g_hw_lock_ICU_0U_5U
 .hw_lock.ICU_0U_6U
                0x1ffe02b6        0x1 ./synergy/ssp/src/bsp/mcu/s5d9/bsp_hw_locks.o
                0x1ffe02b6                g_hw_lock_ICU_0U_6U
 .hw_lock.ICU_0U_7U
                0x1ffe02b7        0x1 ./synergy/ssp/src/bsp/mcu/s5d9/bsp_hw_locks.o
                0x1ffe02b7                g_hw_lock_ICU_0U_7U
 .hw_lock.ICU_0U_8U
                0x1ffe02b8        0x1 ./synergy/ssp/src/bsp/mcu/s5d9/bsp_hw_locks.o
                0x1ffe02b8                g_hw_lock_ICU_0U_8U
 .hw_lock.ICU_0U_9U
                0x1ffe02b9        0x1 ./synergy/ssp/src/bsp/mcu/s5d9/bsp_hw_locks.o
                0x1ffe02b9                g_hw_lock_ICU_0U_9U
 .hw_lock.IIC_0U_0U
                0x1ffe02ba        0x1 ./synergy/ssp/src/bsp/mcu/s5d9/bsp_hw_locks.o
                0x1ffe02ba                g_hw_lock_IIC_0U_0U
 .hw_lock.IIC_0U_1U
                0x1ffe02bb        0x1 ./synergy/ssp/src/bsp/mcu/s5d9/bsp_hw_locks.o
                0x1ffe02bb                g_hw_lock_IIC_0U_1U
 .hw_lock.IIC_0U_2U
                0x1ffe02bc        0x1 ./synergy/ssp/src/bsp/mcu/s5d9/bsp_hw_locks.o
                0x1ffe02bc                g_hw_lock_IIC_0U_2U
 .hw_lock.IRDA_0U_0U
                0x1ffe02bd        0x1 ./synergy/ssp/src/bsp/mcu/s5d9/bsp_hw_locks.o
                0x1ffe02bd                g_hw_lock_IRDA_0U_0U
 .hw_lock.IWDT_0U_0U
                0x1ffe02be        0x1 ./synergy/ssp/src/bsp/mcu/s5d9/bsp_hw_locks.o
                0x1ffe02be                g_hw_lock_IWDT_0U_0U
 .hw_lock.JPEG_0U_0U
                0x1ffe02bf        0x1 ./synergy/ssp/src/bsp/mcu/s5d9/bsp_hw_locks.o
                0x1ffe02bf                g_hw_lock_JPEG_0U_0U
 .hw_lock.KEY_0U_0U
                0x1ffe02c0        0x1 ./synergy/ssp/src/bsp/mcu/s5d9/bsp_hw_locks.o
                0x1ffe02c0                g_hw_lock_KEY_0U_0U
 .hw_lock.LPM_1U_0U
                0x1ffe02c1        0x1 ./synergy/ssp/src/bsp/mcu/s5d9/bsp_hw_locks.o
                0x1ffe02c1                g_hw_lock_LPM_1U_0U
 .hw_lock.LVD_0U_0U
                0x1ffe02c2        0x1 ./synergy/ssp/src/bsp/mcu/s5d9/bsp_hw_locks.o
                0x1ffe02c2                g_hw_lock_LVD_0U_0U
 .hw_lock.LVD_0U_1U
                0x1ffe02c3        0x1 ./synergy/ssp/src/bsp/mcu/s5d9/bsp_hw_locks.o
                0x1ffe02c3                g_hw_lock_LVD_0U_1U
 .hw_lock.MMF_0U_0U
                0x1ffe02c4        0x1 ./synergy/ssp/src/bsp/mcu/s5d9/bsp_hw_locks.o
                0x1ffe02c4                g_hw_lock_MMF_0U_0U
 .hw_lock.MPU_0U_0U
                0x1ffe02c5        0x1 ./synergy/ssp/src/bsp/mcu/s5d9/bsp_hw_locks.o
                0x1ffe02c5                g_hw_lock_MPU_0U_0U
 .hw_lock.OPS_0U_0U
                0x1ffe02c6        0x1 ./synergy/ssp/src/bsp/mcu/s5d9/bsp_hw_locks.o
                0x1ffe02c6                g_hw_lock_OPS_0U_0U
 .hw_lock.PDC_0U_0U
                0x1ffe02c7        0x1 ./synergy/ssp/src/bsp/mcu/s5d9/bsp_hw_locks.o
                0x1ffe02c7                g_hw_lock_PDC_0U_0U
 .hw_lock.POEG_0U_0U
                0x1ffe02c8        0x1 ./synergy/ssp/src/bsp/mcu/s5d9/bsp_hw_locks.o
                0x1ffe02c8                g_hw_lock_POEG_0U_0U
 .hw_lock.POEG_0U_1U
                0x1ffe02c9        0x1 ./synergy/ssp/src/bsp/mcu/s5d9/bsp_hw_locks.o
                0x1ffe02c9                g_hw_lock_POEG_0U_1U
 .hw_lock.POEG_0U_2U
                0x1ffe02ca        0x1 ./synergy/ssp/src/bsp/mcu/s5d9/bsp_hw_locks.o
                0x1ffe02ca                g_hw_lock_POEG_0U_2U
 .hw_lock.POEG_0U_3U
                0x1ffe02cb        0x1 ./synergy/ssp/src/bsp/mcu/s5d9/bsp_hw_locks.o
                0x1ffe02cb                g_hw_lock_POEG_0U_3U
 .hw_lock.QSPI_0U_0U
                0x1ffe02cc        0x1 ./synergy/ssp/src/bsp/mcu/s5d9/bsp_hw_locks.o
                0x1ffe02cc                g_hw_lock_QSPI_0U_0U
 .hw_lock.RTC_0U_0U
                0x1ffe02cd        0x1 ./synergy/ssp/src/bsp/mcu/s5d9/bsp_hw_locks.o
                0x1ffe02cd                g_hw_lock_RTC_0U_0U
 .hw_lock.SCE_0U_0U
                0x1ffe02ce        0x1 ./synergy/ssp/src/bsp/mcu/s5d9/bsp_hw_locks.o
                0x1ffe02ce                g_hw_lock_SCE_0U_0U
 .hw_lock.SCI_0U_0U
                0x1ffe02cf        0x1 ./synergy/ssp/src/bsp/mcu/s5d9/bsp_hw_locks.o