Archive member included to satisfy reference by file (symbol)

K:\GitHub\adc_s5d9\EMS\synergy\ssp\src\framework\el\tx\cm4_gcc\libtx.a(txe_mutex_create.o)
                              ./synergy/ssp/src/framework/sf_thread_monitor/sf_thread_monitor.o (_txe_mutex_create)
K:\GitHub\adc_s5d9\EMS\synergy\ssp\src\framework\el\tx\cm4_gcc\libtx.a(txe_mutex_delete.o)
                              ./synergy/ssp/src/framework/sf_thread_monitor/sf_thread_monitor.o (_txe_mutex_delete)
K:\GitHub\adc_s5d9\EMS\synergy\ssp\src\framework\el\tx\cm4_gcc\libtx.a(txe_mutex_get.o)
                              ./synergy/ssp/src/framework/sf_thread_monitor/sf_thread_monitor.o (_txe_mutex_get)
K:\GitHub\adc_s5d9\EMS\synergy\ssp\src\framework\el\tx\cm4_gcc\libtx.a(txe_mutex_put.o)
                              ./synergy/ssp/src/framework/sf_thread_monitor/sf_thread_monitor.o (_txe_mutex_put)
K:\GitHub\adc_s5d9\EMS\synergy\ssp\src\framework\el\tx\cm4_gcc\libtx.a(txe_queue_create.o)
                              ./src/synergy_gen/thread0.o (_txe_queue_create)
K:\GitHub\adc_s5d9\EMS\synergy\ssp\src\framework\el\tx\cm4_gcc\libtx.a(txe_queue_receive.o)
                              ./src/freemb/demo/port/portserial.o (_txe_queue_receive)
K:\GitHub\adc_s5d9\EMS\synergy\ssp\src\framework\el\tx\cm4_gcc\libtx.a(txe_queue_send.o)
                              ./src/freemb/demo/port/portserial.o (_txe_queue_send)
K:\GitHub\adc_s5d9\EMS\synergy\ssp\src\framework\el\tx\cm4_gcc\libtx.a(txe_semaphore_ceiling_put.o)
                              ./src/freemb/demo/port/portserial.o (_txe_semaphore_ceiling_put)
K:\GitHub\adc_s5d9\EMS\synergy\ssp\src\framework\el\tx\cm4_gcc\libtx.a(txe_semaphore_create.o)
                              ./src/synergy_gen/main.o (_txe_semaphore_create)
K:\GitHub\adc_s5d9\EMS\synergy\ssp\src\framework\el\tx\cm4_gcc\libtx.a(txe_semaphore_get.o)
                              ./src/synergy_gen/main.o (_txe_semaphore_get)
K:\GitHub\adc_s5d9\EMS\synergy\ssp\src\framework\el\tx\cm4_gcc\libtx.a(txe_semaphore_put.o)
                              ./src/synergy_gen/main.o (_txe_semaphore_put)
K:\GitHub\adc_s5d9\EMS\synergy\ssp\src\framework\el\tx\cm4_gcc\libtx.a(txe_thread_create.o)
                              ./synergy/ssp/src/framework/sf_thread_monitor/sf_thread_monitor.o (_txe_thread_create)
K:\GitHub\adc_s5d9\EMS\synergy\ssp\src\framework\el\tx\cm4_gcc\libtx.a(txe_thread_delete.o)
                              ./synergy/ssp/src/framework/sf_thread_monitor/sf_thread_monitor.o (_txe_thread_delete)
K:\GitHub\adc_s5d9\EMS\synergy\ssp\src\framework\el\tx\cm4_gcc\libtx.a(txe_thread_terminate.o)
                              ./synergy/ssp/src/framework/sf_thread_monitor/sf_thread_monitor.o (_txe_thread_terminate)
K:\GitHub\adc_s5d9\EMS\synergy\ssp\src\framework\el\tx\cm4_gcc\libtx.a(tx_initialize_high_level.o)
                              K:\GitHub\adc_s5d9\EMS\synergy\ssp\src\framework\el\tx\cm4_gcc\libtx.a(txe_queue_create.o) (_tx_queue_created_ptr)
K:\GitHub\adc_s5d9\EMS\synergy\ssp\src\framework\el\tx\cm4_gcc\libtx.a(tx_initialize_kernel_enter.o)
                              ./src/synergy_gen/main.o (_tx_initialize_kernel_enter)
K:\GitHub\adc_s5d9\EMS\synergy\ssp\src\framework\el\tx\cm4_gcc\libtx.a(tx_isr_end.o)
                              ./synergy/ssp/src/driver/r_sci_uart/r_sci_uart.o (tx_isr_end)
K:\GitHub\adc_s5d9\EMS\synergy\ssp\src\framework\el\tx\cm4_gcc\libtx.a(tx_isr_start.o)
                              ./synergy/ssp/src/driver/r_sci_uart/r_sci_uart.o (tx_isr_start)
K:\GitHub\adc_s5d9\EMS\synergy\ssp\src\framework\el\tx\cm4_gcc\libtx.a(tx_mutex_create.o)
                              K:\GitHub\adc_s5d9\EMS\synergy\ssp\src\framework\el\tx\cm4_gcc\libtx.a(txe_mutex_create.o) (_tx_mutex_create)
K:\GitHub\adc_s5d9\EMS\synergy\ssp\src\framework\el\tx\cm4_gcc\libtx.a(tx_mutex_delete.o)
                              K:\GitHub\adc_s5d9\EMS\synergy\ssp\src\framework\el\tx\cm4_gcc\libtx.a(txe_mutex_delete.o) (_tx_mutex_delete)
K:\GitHub\adc_s5d9\EMS\synergy\ssp\src\framework\el\tx\cm4_gcc\libtx.a(tx_mutex_get.o)
                              K:\GitHub\adc_s5d9\EMS\synergy\ssp\src\framework\el\tx\cm4_gcc\libtx.a(txe_mutex_get.o) (_tx_mutex_get)
K:\GitHub\adc_s5d9\EMS\synergy\ssp\src\framework\el\tx\cm4_gcc\libtx.a(tx_mutex_priority_change.o)
                              K:\GitHub\adc_s5d9\EMS\synergy\ssp\src\framework\el\tx\cm4_gcc\libtx.a(tx_mutex_get.o) (_tx_mutex_priority_change)
K:\GitHub\adc_s5d9\EMS\synergy\ssp\src\framework\el\tx\cm4_gcc\libtx.a(tx_mutex_put.o)
                              K:\GitHub\adc_s5d9\EMS\synergy\ssp\src\framework\el\tx\cm4_gcc\libtx.a(txe_mutex_put.o) (_tx_mutex_put)
K:\GitHub\adc_s5d9\EMS\synergy\ssp\src\framework\el\tx\cm4_gcc\libtx.a(tx_queue_create.o)
                              K:\GitHub\adc_s5d9\EMS\synergy\ssp\src\framework\el\tx\cm4_gcc\libtx.a(txe_queue_create.o) (_tx_queue_create)
K:\GitHub\adc_s5d9\EMS\synergy\ssp\src\framework\el\tx\cm4_gcc\libtx.a(tx_queue_receive.o)
[...]
Memory Configuration

Name             Origin             Length             Attributes
FLASH            0x00000000         0x00200000         xr
RAM              0x1ffe0000         0x000a0000         xrw
DATA_FLASH       0x40100000         0x00010000         xr
QSPI_FLASH       0x60000000         0x04000000         xr
SDRAM            0x90000000         0x02000000         xrw
ID_CODES         0x0100a150         0x00000010         xr
*default*        0x00000000         0xffffffff

Linker script and memory map

LOAD c:/program files (x86)/gnu tools arm embedded/7 2017-q4-major/bin/../lib/gcc/arm-none-eabi/7.2.1/thumb/v7e-m/fpv4-sp/hard/crti.o
LOAD c:/program files (x86)/gnu tools arm embedded/7 2017-q4-major/bin/../lib/gcc/arm-none-eabi/7.2.1/thumb/v7e-m/fpv4-sp/hard/crtbegin.o
LOAD c:/program files (x86)/gnu tools arm embedded/7 2017-q4-major/bin/../lib/gcc/arm-none-eabi/7.2.1/../../../../arm-none-eabi/lib/thumb/v7e-m/fpv4-sp/hard/rdimon-crt0.o
START GROUP
LOAD ./synergy/ssp/src/framework/sf_thread_monitor/sf_thread_monitor.o
LOAD ./synergy/ssp/src/driver/r_wdt/r_wdt.o
LOAD ./synergy/ssp/src/driver/r_sci_uart/r_sci_uart.o
LOAD ./synergy/ssp/src/driver/r_ioport/r_ioport.o
LOAD ./synergy/ssp/src/driver/r_gpt/r_gpt.o
LOAD ./synergy/ssp/src/driver/r_fmi/r_fmi.o
LOAD ./synergy/ssp/src/driver/r_elc/r_elc.o
LOAD ./synergy/ssp/src/driver/r_dtc/r_dtc.o
LOAD ./synergy/ssp/src/driver/r_cgc/r_cgc.o
LOAD ./synergy/ssp/src/driver/r_adc/r_adc.o
LOAD ./synergy/ssp/src/bsp/mcu/s5d9/bsp_cache.o
LOAD ./synergy/ssp/src/bsp/mcu/s5d9/bsp_clocks.o
LOAD ./synergy/ssp/src/bsp/mcu/s5d9/bsp_feature.o
LOAD ./synergy/ssp/src/bsp/mcu/s5d9/bsp_fmi_R7FS5D97E3A01CFC.o
LOAD ./synergy/ssp/src/bsp/mcu/s5d9/bsp_group_irq.o
LOAD ./synergy/ssp/src/bsp/mcu/s5d9/bsp_hw_locks.o
LOAD ./synergy/ssp/src/bsp/mcu/s5d9/bsp_module_stop.o
LOAD ./synergy/ssp/src/bsp/mcu/s5d9/bsp_rom_registers.o
LOAD ./synergy/ssp/src/bsp/mcu/all/bsp_common.o
LOAD ./synergy/ssp/src/bsp/mcu/all/bsp_common_leds.o
LOAD ./synergy/ssp/src/bsp/mcu/all/bsp_delay.o
LOAD ./synergy/ssp/src/bsp/mcu/all/bsp_irq.o
LOAD ./synergy/ssp/src/bsp/mcu/all/bsp_locking.o
LOAD ./synergy/ssp/src/bsp/mcu/all/bsp_register_protection.o
LOAD ./synergy/ssp/src/bsp/mcu/all/bsp_sbrk.o
LOAD ./synergy/ssp/src/bsp/cmsis/Device/RENESAS/S5D9/Source/startup_S5D9.o
LOAD ./synergy/ssp/src/bsp/cmsis/Device/RENESAS/S5D9/Source/system_S5D9.o
LOAD ./synergy/board/s5d9_pk/bsp_init.o
LOAD ./synergy/board/s5d9_pk/bsp_leds.o
LOAD ./synergy/board/s5d9_pk/bsp_qspi.o
LOAD ./src/synergy_gen/Leds.o
LOAD ./src/synergy_gen/adc_thread.o
LOAD ./src/synergy_gen/common_data.o
LOAD ./src/synergy_gen/hal_data.o
LOAD ./src/synergy_gen/main.o
LOAD ./src/synergy_gen/pin_data.o
LOAD ./src/synergy_gen/thread0.o
LOAD ./src/synergy_gen/watchdog.o
LOAD ./src/freemb/modbus/rtu/mbcrc.o
LOAD ./src/freemb/modbus/rtu/mbrtu.o
LOAD ./src/freemb/modbus/functions/mbfunccoils.o
LOAD ./src/freemb/modbus/functions/mbfuncdiag.o
LOAD ./src/freemb/modbus/functions/mbfuncdisc.o
LOAD ./src/freemb/modbus/functions/mbfuncholding.o
LOAD ./src/freemb/modbus/functions/mbfuncinput.o
LOAD ./src/freemb/modbus/functions/mbfuncother.o
LOAD ./src/freemb/modbus/functions/mbutils.o
LOAD ./src/freemb/modbus/mb.o
LOAD ./src/freemb/demo/port/portevent.o
LOAD ./src/freemb/demo/port/portother.o
LOAD ./src/freemb/demo/port/portserial.o
LOAD ./src/freemb/demo/port/porttimer.o
LOAD ./src/freemb/demo/demo.o
LOAD ./src/Leds_entry.o
LOAD ./src/adc_interface.o
LOAD ./src/adc_thread_entry.o
LOAD ./src/hal_entry.o
LOAD ./src/thread0_entry.o
LOAD ./src/watchdog_entry.o
LOAD K:\GitHub\adc_s5d9\EMS\synergy\ssp\src\bsp\cmsis\DSP_Lib\cm4_gcc\libDSP_Lib.a
LOAD K:\GitHub\adc_s5d9\EMS\synergy\ssp\src\framework\el\tx\cm4_gcc\libtx.a
END GROUP
START GROUP
LOAD c:/program files (x86)/gnu tools arm embedded/7 2017-q4-major/bin/../lib/gcc/arm-none-eabi/7.2.1/thumb/v7e-m/fpv4-sp/hard\libgcc.a
LOAD c:/program files (x86)/gnu tools arm embedded/7 2017-q4-major/bin/../lib/gcc/arm-none-eabi/7.2.1/../../../../arm-none-eabi/lib/thumb/v7e-m/fpv4-sp/hard\libg_nano.a
LOAD c:/program files (x86)/gnu tools arm embedded/7 2017-q4-major/bin/../lib/gcc/arm-none-eabi/7.2.1/../../../../arm-none-eabi/lib/thumb/v7e-m/fpv4-sp/hard\libc_nano.a
END GROUP
START GROUP
LOAD c:/program files (x86)/gnu tools arm embedded/7 2017-q4-major/bin/../lib/gcc/arm-none-eabi/7.2.1/thumb/v7e-m/fpv4-sp/hard\libgcc.a
LOAD c:/program files (x86)/gnu tools arm embedded/7 2017-q4-major/bin/../lib/gcc/arm-none-eabi/7.2.1/../../../../arm-none-eabi/lib/thumb/v7e-m/fpv4-sp/hard\libc_nano.a
LOAD c:/program files (x86)/gnu tools arm embedded/7 2017-q4-major/bin/../lib/gcc/arm-none-eabi/7.2.1/../../../../arm-none-eabi/lib/thumb/v7e-m/fpv4-sp/hard\librdimon_nano.a
END GROUP
START GROUP
LOAD c:/program files (x86)/gnu tools arm embedded/7 2017-q4-major/bin/../lib/gcc/arm-none-eabi/7.2.1/thumb/v7e-m/fpv4-sp/hard\libgcc.a
LOAD c:/program files (x86)/gnu tools arm embedded/7 2017-q4-major/bin/../lib/gcc/arm-none-eabi/7.2.1/../../../../arm-none-eabi/lib/thumb/v7e-m/fpv4-sp/hard\libc_nano.a
LOAD c:/program files (x86)/gnu tools arm embedded/7 2017-q4-major/bin/../lib/gcc/arm-none-eabi/7.2.1/../../../../arm-none-eabi/lib/thumb/v7e-m/fpv4-sp/hard\librdimon_nano.a
END GROUP
LOAD c:/program files (x86)/gnu tools arm embedded/7 2017-q4-major/bin/../lib/gcc/arm-none-eabi/7.2.1/thumb/v7e-m/fpv4-sp/hard/crtend.o
LOAD c:/program files (x86)/gnu tools arm embedded/7 2017-q4-major/bin/../lib/gcc/arm-none-eabi/7.2.1/thumb/v7e-m/fpv4-sp/hard/crtn.o
START GROUP
LOAD c:/program files (x86)/gnu tools arm embedded/7 2017-q4-major/bin/../lib/gcc/arm-none-eabi/7.2.1/thumb/v7e-m/fpv4-sp/hard\libgcc.a
LOAD c:/program files (x86)/gnu tools arm embedded/7 2017-q4-major/bin/../lib/gcc/arm-none-eabi/7.2.1/../../../../arm-none-eabi/lib/thumb/v7e-m/fpv4-sp/hard\libc.a
LOAD c:/program files (x86)/gnu tools arm embedded/7 2017-q4-major/bin/../lib/gcc/arm-none-eabi/7.2.1/../../../../arm-none-eabi/lib/thumb/v7e-m/fpv4-sp/hard\libm.a
LOAD c:/program files (x86)/gnu tools arm embedded/7 2017-q4-major/bin/../lib/gcc/arm-none-eabi/7.2.1/../../../../arm-none-eabi/lib/thumb/v7e-m/fpv4-sp/hard\libnosys.a
END GROUP

.text           0x00000000     0xb204
                0x00000000                __ROM_Start = .
 *(.vectors)
 .vectors       0x00000000       0x40 ./synergy/ssp/src/bsp/cmsis/Device/RENESAS/S5D9/Source/startup_S5D9.o
                0x00000000                __Vectors
 *(SORT_BY_NAME(.vector.*))
 .vector.ADC_0_SCAN_END
                0x00000040        0x4 ./src/synergy_gen/thread0.o
                0x00000040                g_vector_ADC_0_SCAN_END
 .vector.GPT_0_COUNTER_OVERFLOW
                0x00000044        0x4 ./src/synergy_gen/thread0.o
                0x00000044                g_vector_GPT_0_COUNTER_OVERFLOW
 .vector.SCI_3_RXI
                0x00000048        0x4 ./src/synergy_gen/thread0.o
                0x00000048                g_vector_SCI_3_RXI
 .vector.SCI_3_TEI
                0x0000004c        0x4 ./src/synergy_gen/thread0.o
                0x0000004c                g_vector_SCI_3_TEI
 .vector.SCI_3_TXI
                0x00000050        0x4 ./src/synergy_gen/thread0.o
                0x00000050                g_vector_SCI_3_TXI
                0x00000054                __Vectors_End = .
                0x00000054                __end__ = .
                0x00000400                . = (__ROM_Start + 0x400)
 *fill*         0x00000054      0x3ac ff
 *(.rom_registers*)
 .rom_registers
                0x00000400       0x3c ./synergy/ssp/src/bsp/mcu/s5d9/bsp_rom_registers.o
                0x00000500                . = (__ROM_Start + 0x500)
 *fill*         0x0000043c       0xc4 ff
                0x00000500                __Vector_Info_Start = .
 *(SORT_BY_NAME(.vector_info.*))
 .vector_info.ADC_0_SCAN_END
                0x00000500        0x8 ./src/synergy_gen/thread0.o
                0x00000500                g_vector_info_ADC_0_SCAN_END
 .vector_info.GPT_0_COUNTER_OVERFLOW
                0x00000508        0x8 ./src/synergy_gen/thread0.o
                0x00000508                g_vector_info_GPT_0_COUNTER_OVERFLOW
 .vector_info.SCI_3_RXI
                0x00000510        0x8 ./src/synergy_gen/thread0.o
                0x00000510                g_vector_info_SCI_3_RXI
 .vector_info.SCI_3_TEI
                0x00000518        0x8 ./src/synergy_gen/thread0.o
                0x00000518                g_vector_info_SCI_3_TEI
 .vector_info.SCI_3_TXI
                0x00000520        0x8 ./src/synergy_gen/thread0.o
                0x00000520                g_vector_info_SCI_3_TXI
                0x00000528                __Vector_Info_End = .
                0x00000528                __Lock_Lookup_Start = .
 *(SORT_BY_NAME(.hw_lock_lookup.*))
 .hw_lock_lookup.ADC_0U_0U
                0x00000528        0x4 ./synergy/ssp/src/bsp/mcu/s5d9/bsp_hw_locks.o
                0x00000528                g_lock_lookup_ADC_0U_0U
 .hw_lock_lookup.ADC_0U_1U
                0x0000052c        0x4 ./synergy/ssp/src/bsp/mcu/s5d9/bsp_hw_locks.o
                0x0000052c                g_lock_lookup_ADC_0U_1U
 .hw_lock_lookup.AGT_0U_0U
                0x00000530        0x4 ./synergy/ssp/src/bsp/mcu/s5d9/bsp_hw_locks.o
                0x00000530                g_lock_lookup_AGT_0U_0U
 .hw_lock_lookup.AGT_0U_1U
                0x00000534        0x4 ./synergy/ssp/src/bsp/mcu/s5d9/bsp_hw_locks.o
                0x00000534                g_lock_lookup_AGT_0U_1U
 .hw_lock_lookup.BSC_0U_1U
                0x00000538        0x4 ./synergy/ssp/src/bsp/mcu/s5d9/bsp_hw_locks.o
                0x00000538                g_lock_lookup_BSC_0U_1U
 .hw_lock_lookup.CAC_0U_0U
                0x0000053c        0x4 ./synergy/ssp/src/bsp/mcu/s5d9/bsp_hw_locks.o
                0x0000053c                g_lock_lookup_CAC_0U_0U
 .hw_lock_lookup.CAN_0U_0U
                0x00000540        0x4 ./synergy/ssp/src/bsp/mcu/s5d9/bsp_hw_locks.o
                0x00000540                g_lock_lookup_CAN_0U_0U
 .hw_lock_lookup.CAN_0U_1U
                0x00000544        0x4 ./synergy/ssp/src/bsp/mcu/s5d9/bsp_hw_locks.o
                0x00000544                g_lock_lookup_CAN_0U_1U
 .hw_lock_lookup.COMP_HS_0U_0U
                0x00000548        0x4 ./synergy/ssp/src/bsp/mcu/s5d9/bsp_hw_locks.o
                0x00000548                g_lock_lookup_COMP_HS_0U_0U
 .hw_lock_lookup.COMP_HS_0U_1U
                0x0000054c        0x4 ./synergy/ssp/src/bsp/mcu/s5d9/bsp_hw_locks.o
                0x0000054c                g_lock_lookup_COMP_HS_0U_1U
 .hw_lock_lookup.COMP_HS_0U_2U
                0x00000550        0x4 ./synergy/ssp/src/bsp/mcu/s5d9/bsp_hw_locks.o
                0x00000550                g_lock_lookup_COMP_HS_0U_2U
 .hw_lock_lookup.COMP_HS_0U_3U
                0x00000554        0x4 ./synergy/ssp/src/bsp/mcu/s5d9/bsp_hw_locks.o
                0x00000554                g_lock_lookup_COMP_HS_0U_3U
 .hw_lock_lookup.COMP_HS_0U_4U
                0x00000558        0x4 ./synergy/ssp/src/bsp/mcu/s5d9/bsp_hw_locks.o
                0x00000558                g_lock_lookup_COMP_HS_0U_4U
 .hw_lock_lookup.COMP_HS_0U_5U
                0x0000055c        0x4 ./synergy/ssp/src/bsp/mcu/s5d9/bsp_hw_locks.o
                0x0000055c                g_lock_lookup_COMP_HS_0U_5U
 .hw_lock_lookup.CRC_0U_0U
                0x00000560        0x4 ./synergy/ssp/src/bsp/mcu/s5d9/bsp_hw_locks.o
                0x00000560                g_lock_lookup_CRC_0U_0U
 .hw_lock_lookup.CTSU_0U_0U
                0x00000564        0x4 ./synergy/ssp/src/bsp/mcu/s5d9/bsp_hw_locks.o
                0x00000564                g_lock_lookup_CTSU_0U_0U
 .hw_lock_lookup.DAAD_0U_0U
                0x00000568        0x4 ./synergy/ssp/src/bsp/mcu/s5d9/bsp_hw_locks.o
                0x00000568                g_lock_lookup_DAAD_0U_0U
 .hw_lock_lookup.DAC_0U_0U
                0x0000056c        0x4 ./synergy/ssp/src/bsp/mcu/s5d9/bsp_hw_locks.o
                0x0000056c                g_lock_lookup_DAC_0U_0U
 .hw_lock_lookup.DAC_0U_1U
                0x00000570        0x4 ./synergy/ssp/src/bsp/mcu/s5d9/bsp_hw_locks.o
                0x00000570                g_lock_lookup_DAC_0U_1U
 .hw_lock_lookup.DMAC_0U_0U
                0x00000574        0x4 ./synergy/ssp/src/bsp/mcu/s5d9/bsp_hw_locks.o
                0x00000574                g_lock_lookup_DMAC_0U_0U
 .hw_lock_lookup.DMAC_0U_1U
                0x00000578        0x4 ./synergy/ssp/src/bsp/mcu/s5d9/bsp_hw_locks.o
                0x00000578                g_lock_lookup_DMAC_0U_1U
 .hw_lock_lookup.DMAC_0U_2U
                0x0000057c        0x4 ./synergy/ssp/src/bsp/mcu/s5d9/bsp_hw_locks.o
                0x0000057c                g_lock_lookup_DMAC_0U_2U
 .hw_lock_lookup.DMAC_0U_3U
                0x00000580        0x4 ./synergy/ssp/src/bsp/mcu/s5d9/bsp_hw_locks.o
                0x00000580                g_lock_lookup_DMAC_0U_3U
 .hw_lock_lookup.DMAC_0U_4U
                0x00000584        0x4 ./synergy/ssp/src/bsp/mcu/s5d9/bsp_hw_locks.o
                0x00000584                g_lock_lookup_DMAC_0U_4U
 .hw_lock_lookup.DMAC_0U_5U
                0x00000588        0x4 ./synergy/ssp/src/bsp/mcu/s5d9/bsp_hw_locks.o
                0x00000588                g_lock_lookup_DMAC_0U_5U
 .hw_lock_lookup.DMAC_0U_6U
                0x0000058c        0x4 ./synergy/ssp/src/bsp/mcu/s5d9/bsp_hw_locks.o
                0x0000058c                g_lock_lookup_DMAC_0U_6U
 .hw_lock_lookup.DMAC_0U_7U
                0x00000590        0x4 ./synergy/ssp/src/bsp/mcu/s5d9/bsp_hw_locks.o
                0x00000590                g_lock_lookup_DMAC_0U_7U
 .hw_lock_lookup.DOC_0U_0U
                0x00000594        0x4 ./synergy/ssp/src/bsp/mcu/s5d9/bsp_hw_locks.o
                0x00000594                g_lock_lookup_DOC_0U_0U
 .hw_lock_lookup.DRW_0U_0U
                0x00000598        0x4 ./synergy/ssp/src/bsp/mcu/s5d9/bsp_hw_locks.o
                0x00000598                g_lock_lookup_DRW_0U_0U
 .hw_lock_lookup.DTC_0U_0U
                0x0000059c        0x4 ./synergy/ssp/src/bsp/mcu/s5d9/bsp_hw_locks.o
                0x0000059c                g_lock_lookup_DTC_0U_0U
 .hw_lock_lookup.ELC_0U_0U
                0x000005a0        0x4 ./synergy/ssp/src/bsp/mcu/s5d9/bsp_hw_locks.o
                0x000005a0                g_lock_lookup_ELC_0U_0U
 .hw_lock_lookup.EPTPC_0U_0U
                0x000005a4        0x4 ./synergy/ssp/src/bsp/mcu/s5d9/bsp_hw_locks.o
                0x000005a4                g_lock_lookup_EPTPC_0U_0U
 .hw_lock_lookup.ETHER_0U_0U
                0x000005a8        0x4 ./synergy/ssp/src/bsp/mcu/s5d9/bsp_hw_locks.o
                0x000005a8                g_lock_lookup_ETHER_0U_0U
 .hw_lock_lookup.ETHER_0U_1U
                0x000005ac        0x4 ./synergy/ssp/src/bsp/mcu/s5d9/bsp_hw_locks.o
                0x000005ac                g_lock_lookup_ETHER_0U_1U
 .hw_lock_lookup.FCU_0U_0U
                0x000005b0        0x4 ./synergy/ssp/src/bsp/mcu/s5d9/bsp_hw_locks.o
                0x000005b0                g_lock_lookup_FCU_0U_0U
 .hw_lock_lookup.GLCDC_0U_0U
                0x000005b4        0x4 ./synergy/ssp/src/bsp/mcu/s5d9/bsp_hw_locks.o
                0x000005b4                g_lock_lookup_GLCDC_0U_0U
 .hw_lock_lookup.GPT_0U_0U
                0x000005b8        0x4 ./synergy/ssp/src/bsp/mcu/s5d9/bsp_hw_locks.o
                0x000005b8                g_lock_lookup_GPT_0U_0U
 .hw_lock_lookup.GPT_0U_10U
                0x000005bc        0x4 ./synergy/ssp/src/bsp/mcu/s5d9/bsp_hw_locks.o
                0x000005bc                g_lock_lookup_GPT_0U_10U
 .hw_lock_lookup.GPT_0U_11U
                0x000005c0        0x4 ./synergy/ssp/src/bsp/mcu/s5d9/bsp_hw_locks.o
                0x000005c0                g_lock_lookup_GPT_0U_11U
 .hw_lock_lookup.GPT_0U_12U
                0x000005c4        0x4 ./synergy/ssp/src/bsp/mcu/s5d9/bsp_hw_locks.o
                0x000005c4                g_lock_lookup_GPT_0U_12U
 .hw_lock_lookup.GPT_0U_13U
                0x000005c8        0x4 ./synergy/ssp/src/bsp/mcu/s5d9/bsp_hw_locks.o
                0x000005c8                g_lock_lookup_GPT_0U_13U
 .hw_lock_lookup.GPT_0U_1U
                0x000005cc        0x4 ./synergy/ssp/src/bsp/mcu/s5d9/bsp_hw_locks.o
                0x000005cc                g_lock_lookup_GPT_0U_1U
 .hw_lock_lookup.GPT_0U_2U
                0x000005d0        0x4 ./synergy/ssp/src/bsp/mcu/s5d9/bsp_hw_locks.o
                0x000005d0                g_lock_lookup_GPT_0U_2U
 .hw_lock_lookup.GPT_0U_3U
                0x000005d4        0x4 ./synergy/ssp/src/bsp/mcu/s5d9/bsp_hw_locks.o
                0x000005d4                g_lock_lookup_GPT_0U_3U
 .hw_lock_lookup.GPT_0U_4U
                0x000005d8        0x4 ./synergy/ssp/src/bsp/mcu/s5d9/bsp_hw_locks.o
                0x000005d8                g_lock_lookup_GPT_0U_4U
 .hw_lock_lookup.GPT_0U_5U
                0x000005dc        0x4 ./synergy/ssp/src/bsp/mcu/s5d9/bsp_hw_locks.o
                0x000005dc                g_lock_lookup_GPT_0U_5U
 .hw_lock_lookup.GPT_0U_6U
                0x000005e0        0x4 ./synergy/ssp/src/bsp/mcu/s5d9/bsp_hw_locks.o
                0x000005e0                g_lock_lookup_GPT_0U_6U
 .hw_lock_lookup.GPT_0U_7U
                0x000005e4        0x4 ./synergy/ssp/src/bsp/mcu/s5d9/bsp_hw_locks.o
                0x000005e4                g_lock_lookup_GPT_0U_7U
 .hw_lock_lookup.GPT_0U_8U
                0x000005e8        0x4 ./synergy/ssp/src/bsp/mcu/s5d9/bsp_hw_locks.o
                0x000005e8                g_lock_lookup_GPT_0U_8U
 .hw_lock_lookup.GPT_0U_9U
                0x000005ec        0x4 ./synergy/ssp/src/bsp/mcu/s5d9/bsp_hw_locks.o
                0x000005ec                g_lock_lookup_GPT_0U_9U
 .hw_lock_lookup.ICU_0U_0U
                0x000005f0        0x4 ./synergy/ssp/src/bsp/mcu/s5d9/bsp_hw_locks.o
                0x000005f0                g_lock_lookup_ICU_0U_0U
 .hw_lock_lookup.ICU_0U_10U
                0x000005f4        0x4 ./synergy/ssp/src/bsp/mcu/s5d9/bsp_hw_locks.o
                0x000005f4                g_lock_lookup_ICU_0U_10U
 .hw_lock_lookup.ICU_0U_11U
                0x000005f8        0x4 ./synergy/ssp/src/bsp/mcu/s5d9/bsp_hw_locks.o
                0x000005f8                g_lock_lookup_ICU_0U_11U
 .hw_lock_lookup.ICU_0U_12U
                0x000005fc        0x4 ./synergy/ssp/src/bsp/mcu/s5d9/bsp_hw_locks.o
                0x000005fc                g_lock_lookup_ICU_0U_12U
 .hw_lock_lookup.ICU_0U_13U
                0x00000600        0x4 ./synergy/ssp/src/bsp/mcu/s5d9/bsp_hw_locks.o
                0x00000600                g_lock_lookup_ICU_0U_13U
 .hw_lock_lookup.ICU_0U_14U
                0x00000604        0x4 ./synergy/ssp/src/bsp/mcu/s5d9/bsp_hw_locks.o
                0x00000604                g_lock_lookup_ICU_0U_14U
 .hw_lock_lookup.ICU_0U_15U
                0x00000608        0x4 ./synergy/ssp/src/bsp/mcu/s5d9/bsp_hw_locks.o
                0x00000608                g_lock_lookup_ICU_0U_15U
 .hw_lock_lookup.ICU_0U_1U
                0x0000060c        0x4 ./synergy/ssp/src/bsp/mcu/s5d9/bsp_hw_locks.o
                0x0000060c                g_lock_lookup_ICU_0U_1U
 .hw_lock_lookup.ICU_0U_2U
                0x00000610        0x4 ./synergy/ssp/src/bsp/mcu/s5d9/bsp_hw_locks.o
                0x00000610                g_lock_lookup_ICU_0U_2U
 .hw_lock_lookup.ICU_0U_3U
                0x00000614        0x4 ./synergy/ssp/src/bsp/mcu/s5d9/bsp_hw_locks.o
                0x00000614                g_lock_lookup_ICU_0U_3U
 .hw_lock_lookup.ICU_0U_4U
                0x00000618        0x4 ./synergy/ssp/src/bsp/mcu/s5d9/bsp_hw_locks.o
                0x00000618                g_lock_lookup_ICU_0U_4U
 .hw_lock_lookup.ICU_0U_5U
                0x0000061c        0x4 ./synergy/ssp/src/bsp/mcu/s5d9/bsp_hw_locks.o
                0x0000061c                g_lock_lookup_ICU_0U_5U
 .hw_lock_lookup.ICU_0U_6U
                0x00000620        0x4 ./synergy/ssp/src/bsp/mcu/s5d9/bsp_hw_locks.o
                0x00000620                g_lock_lookup_ICU_0U_6U
 .hw_lock_lookup.ICU_0U_7U
                0x00000624        0x4 ./synergy/ssp/src/bsp/mcu/s5d9/bsp_hw_locks.o
                0x00000624                g_lock_lookup_ICU_0U_7U
 .hw_lock_lookup.ICU_0U_8U
                0x00000628        0x4 ./synergy/ssp/src/bsp/mcu/s5d9/bsp_hw_locks.o
                0x00000628                g_lock_lookup_ICU_0U_8U
 .hw_lock_lookup.ICU_0U_9U
                0x0000062c        0x4 ./synergy/ssp/src/bsp/mcu/s5d9/bsp_hw_locks.o
                0x0000062c                g_lock_lookup_ICU_0U_9U
 .hw_lock_lookup.IIC_0U_0U
                0x00000630        0x4 ./synergy/ssp/src/bsp/mcu/s5d9/bsp_hw_locks.o
                0x00000630                g_lock_lookup_IIC_0U_0U
 .hw_lock_lookup.IIC_0U_1U
                0x00000634        0x4 ./synergy/ssp/src/bsp/mcu/s5d9/bsp_hw_locks.o
                0x00000634                g_lock_lookup_IIC_0U_1U
 .hw_lock_lookup.IIC_0U_2U
                0x00000638        0x4 ./synergy/ssp/src/bsp/mcu/s5d9/bsp_hw_locks.o
                0x00000638                g_lock_lookup_IIC_0U_2U
 .hw_lock_lookup.IRDA_0U_0U
                0x0000063c        0x4 ./synergy/ssp/src/bsp/mcu/s5d9/bsp_hw_locks.o
                0x0000063c                g_lock_lookup_IRDA_0U_0U
 .hw_lock_lookup.IWDT_0U_0U
                0x00000640        0x4 ./synergy/ssp/src/bsp/mcu/s5d9/bsp_hw_locks.o
                0x00000640                g_lock_lookup_IWDT_0U_0U
 .hw_lock_lookup.JPEG_0U_0U
                0x00000644        0x4 ./synergy/ssp/src/bsp/mcu/s5d9/bsp_hw_locks.o
                0x00000644                g_lock_lookup_JPEG_0U_0U
 .hw_lock_lookup.KEY_0U_0U
                0x00000648        0x4 ./synergy/ssp/src/bsp/mcu/s5d9/bsp_hw_locks.o
                0x00000648                g_lock_lookup_KEY_0U_0U
 .hw_lock_lookup.LPM_1U_0U
                0x0000064c        0x4 ./synergy/ssp/src/bsp/mcu/s5d9/bsp_hw_locks.o
                0x0000064c                g_lock_lookup_LPM_1U_0U
 .hw_lock_lookup.LVD_0U_0U
                0x00000650        0x4 ./synergy/ssp/src/bsp/mcu/s5d9/bsp_hw_locks.o
                0x00000650                g_lock_lookup_LVD_0U_0U
 .hw_lock_lookup.LVD_0U_1U
                0x00000654        0x4 ./synergy/ssp/src/bsp/mcu/s5d9/bsp_hw_locks.o
                0x00000654                g_lock_lookup_LVD_0U_1U
 .hw_lock_lookup.MMF_0U_0U
                0x00000658        0x4 ./synergy/ssp/src/bsp/mcu/s5d9/bsp_hw_locks.o
                0x00000658                g_lock_lookup_MMF_0U_0U
 .hw_lock_lookup.MPU_0U_0U
                0x0000065c        0x4 ./synergy/ssp/src/bsp/mcu/s5d9/bsp_hw_locks.o
                0x0000065c                g_lock_lookup_MPU_0U_0U
 .hw_lock_lookup.OPS_0U_0U
                0x00000660        0x4 ./synergy/ssp/src/bsp/mcu/s5d9/bsp_hw_locks.o
                0x00000660                g_lock_lookup_OPS_0U_0U
 .hw_lock_lookup.PDC_0U_0U
                0x00000664        0x4 ./synergy/ssp/src/bsp/mcu/s5d9/bsp_hw_locks.o
                0x00000664                g_lock_lookup_PDC_0U_0U
 .hw_lock_lookup.POEG_0U_0U
                0x00000668        0x4 ./synergy/ssp/src/bsp/mcu/s5d9/bsp_hw_locks.o
                0x00000668                g_lock_lookup_POEG_0U_0U
 .hw_lock_lookup.POEG_0U_1U
                0x0000066c        0x4 ./synergy/ssp/src/bsp/mcu/s5d9/bsp_hw_locks.o
                0x0000066c                g_lock_lookup_POEG_0U_1U
 .hw_lock_lookup.POEG_0U_2U
                0x00000670        0x4 ./synergy/ssp/src/bsp/mcu/s5d9/bsp_hw_locks.o
                0x00000670                g_lock_lookup_POEG_0U_2U
 .hw_lock_lookup.POEG_0U_3U
                0x00000674        0x4 ./synergy/ssp/src/bsp/mcu/s5d9/bsp_hw_locks.o
                0x00000674                g_lock_lookup_POEG_0U_3U
 .hw_lock_lookup.QSPI_0U_0U
                0x00000678        0x4 ./synergy/ssp/src/bsp/mcu/s5d9/bsp_hw_locks.o
                0x00000678                g_lock_lookup_QSPI_0U_0U
 .hw_lock_lookup.RTC_0U_0U
                0x0000067c        0x4 ./synergy/ssp/src/bsp/mcu/s5d9/bsp_hw_locks.o
                0x0000067c                g_lock_lookup_RTC_0U_0U
 .hw_lock_lookup.SCE_0U_0U
                0x00000680        0x4 ./synergy/ssp/src/bsp/mcu/s5d9/bsp_hw_locks.o
                0x00000680                g_lock_lookup_SCE_0U_0U
 .hw_lock_lookup.SCI_0U_0U
                0x00000684        0x4 ./synergy/ssp/src/bsp/mcu/s5d9/bsp_hw_locks.o
                0x00000684                g_lock_lookup_SCI_0U_0U
 .hw_lock_lookup.SCI_0U_1U
                0x00000688        0x4 ./synergy/ssp/src/bsp/mcu/s5d9/bsp_hw_locks.o
                0x00000688                g_lock_lookup_SCI_0U_1U
 .hw_lock_lookup.SCI_0U_2U
                0x0000068c        0x4 ./synergy/ssp/src/bsp/mcu/s5d9/bsp_hw_locks.o
                0x0000068c                g_lock_lookup_SCI_0U_2U
 .hw_lock_lookup.SCI_0U_3U
                0x00000690        0x4 ./synergy/ssp/src/bsp/mcu/s5d9/bsp_hw_locks.o
                0x00000690                g_lock_lookup_SCI_0U_3U
 .hw_lock_lookup.SCI_0U_4U
                0x00000694        0x4 ./synergy/ssp/src/bsp/mcu/s5d9/bsp_hw_locks.o
                0x00000694                g_lock_lookup_SCI_0U_4U
 .hw_lock_lookup.SCI_0U_5U
                0x00000698        0x4 ./synergy/ssp/src/bsp/mcu/s5d9/bsp_hw_locks.o
                0x00000698                g_lock_lookup_SCI_0U_5U
 .hw_lock_lookup.SCI_0U_6U
                0x0000069c        0x4 ./synergy/ssp/src/bsp/mcu/s5d9/bsp_hw_locks.o
                0x0000069c                g_lock_lookup_SCI_0U_6U
 .hw_lock_lookup.SCI_0U_7U
                0x000006a0        0x4 ./synergy/ssp/src/bsp/mcu/s5d9/bsp_hw_locks.o
                0x000006a0                g_lock_lookup_SCI_0U_7U
 .hw_lock_lookup.SCI_0U_8U
                0x000006a4        0x4 ./synergy/ssp/src/bsp/mcu/s5d9/bsp_hw_locks.o
                0x000006a4                g_lock_lookup_SCI_0U_8U
 .hw_lock_lookup.SCI_0U_9U
                0x000006a8        0x4 ./synergy/ssp/src/bsp/mcu/s5d9/bsp_hw_locks.o
                0x000006a8                g_lock_lookup_SCI_0U_9U
 .hw_lock_lookup.SDHIMMC_0U_0U
                0x000006ac        0x4 ./synergy/ssp/src/bsp/mcu/s5d9/bsp_hw_locks.o
                0x000006ac                g_lock_lookup_SDHIMMC_0U_0U
 .hw_lock_lookup.SDHIMMC_0U_1U
                0x000006b0        0x4 ./synergy/ssp/src/bsp/mcu/s5d9/bsp_hw_locks.o
                0x000006b0                g_lock_lookup_SDHIMMC_0U_1U
 .hw_lock_lookup.SPI_0U_0U
                0x000006b4        0x4 ./synergy/ssp/src/bsp/mcu/s5d9/bsp_hw_locks.o
                0x000006b4                g_lock_lookup_SPI_0U_0U
 .hw_lock_lookup.SPI_0U_1U
                0x000006b8        0x4 ./synergy/ssp/src/bsp/mcu/s5d9/bsp_hw_locks.o
                0x000006b8                g_lock_lookup_SPI_0U_1U
 .hw_lock_lookup.SRC_0U_0U
                0x000006bc        0x4 ./synergy/ssp/src/bsp/mcu/s5d9/bsp_hw_locks.o
                0x000006bc                g_lock_lookup_SRC_0U_0U
 .hw_lock_lookup.SSI_0U_0U
                0x000006c0        0x4 ./synergy/ssp/src/bsp/mcu/s5d9/bsp_hw_locks.o
                0x000006c0                g_lock_lookup_SSI_0U_0U
 .hw_lock_lookup.SSI_0U_1U
                0x000006c4        0x4 ./synergy/ssp/src/bsp/mcu/s5d9/bsp_hw_locks.o
                0x000006c4                g_lock_lookup_SSI_0U_1U
 .hw_lock_lookup.TSN_0U_0U
                0x000006c8        0x4 ./synergy/ssp/src/bsp/mcu/s5d9/bsp_hw_locks.o
                0x000006c8                g_lock_lookup_TSN_0U_0U
 .hw_lock_lookup.USB_0U_0U
                0x000006cc        0x4 ./synergy/ssp/src/bsp/mcu/s5d9/bsp_hw_locks.o
                0x000006cc                g_lock_lookup_USB_0U_0U
 .hw_lock_lookup.USB_1U_0U
                0x000006d0        0x4 ./synergy/ssp/src/bsp/mcu/s5d9/bsp_hw_locks.o
                0x000006d0                g_lock_lookup_USB_1U_0U
 .hw_lock_lookup.WDT_0U_0U
                0x000006d4        0x4 ./synergy/ssp/src/bsp/mcu/s5d9/bsp_hw_locks.o
                0x000006d4                g_lock_lookup_WDT_0U_0U
                0x000006d8                __Lock_Lookup_End = .
 *(.text*)
 .text          0x000006d8       0x40 c:/program files (x86)/gnu tools arm embedded/7 2017-q4-major/bin/../lib/gcc/arm-none-eabi/7.2.1/thumb/v7e-m/fpv4-sp/hard/crtbegin.o
 .text.SF_THREAD_MONITOR_VersionGet
                0x00000718       0x14 ./synergy/ssp/src/framework/sf_thread_monitor/sf_thread_monitor.o
                0x00000718                SF_THREAD_MONITOR_VersionGet
 .text.SF_THREAD_MONITOR_Thread
                0x0000072c      0x158 ./synergy/ssp/src/framework/sf_thread_monitor/sf_thread_monitor.o
                0x0000072c                SF_THREAD_MONITOR_Thread
 .text.SF_THREAD_MONITOR_Open
                0x00000884       0xdc ./synergy/ssp/src/framework/sf_thread_monitor/sf_thread_monitor.o
                0x00000884                SF_THREAD_MONITOR_Open
 .text.SF_THREAD_MONITOR_Close
                0x00000960       0x50 ./synergy/ssp/src/framework/sf_thread_monitor/sf_thread_monitor.o
                0x00000960                SF_THREAD_MONITOR_Close
 .text.SF_THREAD_MONITOR_ThreadRegister
                0x000009b0       0x78 ./synergy/ssp/src/framework/sf_thread_monitor/sf_thread_monitor.o
                0x000009b0                SF_THREAD_MONITOR_ThreadRegister
 .text.SF_THREAD_MONITOR_ThreadUnregister
                0x00000a28       0x6c ./synergy/ssp/src/framework/sf_thread_monitor/sf_thread_monitor.o
                0x00000a28                SF_THREAD_MONITOR_ThreadUnregister
 .text.SF_THREAD_MONITOR_CountIncrement
                0x00000a94       0x6c ./synergy/ssp/src/framework/sf_thread_monitor/sf_thread_monitor.o
                0x00000a94                SF_THREAD_MONITOR_CountIncrement
 .text.R_WDT_Refresh
                0x00000b00       0x24 ./synergy/ssp/src/driver/r_wdt/r_wdt.o
                0x00000b00                R_WDT_Refresh
 .text.R_WDT_VersionGet
                0x00000b24       0x14 ./synergy/ssp/src/driver/r_wdt/r_wdt.o
                0x00000b24                R_WDT_VersionGet
 .text.wdt_nmi_internal_callback
                0x00000b38       0x24 ./synergy/ssp/src/driver/r_wdt/r_wdt.o
 .text.R_WDT_CfgGet.part.0
                0x00000b5c       0x64 ./synergy/ssp/src/driver/r_wdt/r_wdt.o
 .text.R_WDT_CfgGet
                0x00000bc0       0x1c ./synergy/ssp/src/driver/r_wdt/r_wdt.o
                0x00000bc0                R_WDT_CfgGet
 .text.R_WDT_StatusGet
                0x00000bdc       0x24 ./synergy/ssp/src/driver/r_wdt/r_wdt.o
                0x00000bdc                R_WDT_StatusGet
 .text.R_WDT_StatusClear
                0x00000c00       0x3c ./synergy/ssp/src/driver/r_wdt/r_wdt.o
                0x00000c00                R_WDT_StatusClear
 .text.R_WDT_CounterGet
                0x00000c3c       0x28 ./synergy/ssp/src/driver/r_wdt/r_wdt.o
                0x00000c3c                R_WDT_CounterGet
 .text.R_WDT_TimeoutGet
                0x00000c64       0xac ./synergy/ssp/src/driver/r_wdt/r_wdt.o
                0x00000c64                R_WDT_TimeoutGet
 .text.R_WDT_Open
                0x00000d10       0xfc ./synergy/ssp/src/driver/r_wdt/r_wdt.o
                0x00000d10                R_WDT_Open
 .text.R_SCI_UartVersionGet
                0x00000e0c       0x14 ./synergy/ssp/src/driver/r_sci_uart/r_sci_uart.o
                0x00000e0c                R_SCI_UartVersionGet
 .text.r_sci_uart_transfer_close
                0x00000e20       0x28 ./synergy/ssp/src/driver/r_sci_uart/r_sci_uart.o
 .text.r_sci_uart_brr_mddr_calculate
                0x00000e48       0xe8 ./synergy/ssp/src/driver/r_sci_uart/r_sci_uart.o
 .text.R_SCI_UartInfoGet
                0x00000f30       0x84 ./synergy/ssp/src/driver/r_sci_uart/r_sci_uart.o
                0x00000f30                R_SCI_UartInfoGet
 .text.r_sci_read_write_param_check
                0x00000fb4       0x40 ./synergy/ssp/src/driver/r_sci_uart/r_sci_uart.o
 .text.R_SCI_UartRead
                0x00000ff4       0x78 ./synergy/ssp/src/driver/r_sci_uart/r_sci_uart.o
                0x00000ff4                R_SCI_UartRead
 .text.r_sci_uart_transfer_configure.isra.7
                0x0000106c       0x88 ./synergy/ssp/src/driver/r_sci_uart/r_sci_uart.o
 .text.r_sci_uart_rs485_de_pin_cfg
                0x000010f4       0x38 ./synergy/ssp/src/driver/r_sci_uart/r_sci_uart.o
 .text.r_sci_uart_baud_calculate.part.12
                0x0000112c       0x74 ./synergy/ssp/src/driver/r_sci_uart/r_sci_uart.o
 .text.R_SCI_UartBaudSet
                0x000011a0       0xcc ./synergy/ssp/src/driver/r_sci_uart/r_sci_uart.o
                0x000011a0                R_SCI_UartBaudSet
 .text.R_SCI_UartClose
                0x0000126c      0x100 ./synergy/ssp/src/driver/r_sci_uart/r_sci_uart.o
                0x0000126c                R_SCI_UartClose
 .text.r_sci_irq_cfg
                0x0000136c       0x90 ./synergy/ssp/src/driver/r_sci_uart/r_sci_uart.o
 .text.R_SCI_UartOpen
                0x000013fc      0x52c ./synergy/ssp/src/driver/r_sci_uart/r_sci_uart.o
                0x000013fc                R_SCI_UartOpen
 .text.R_SCI_UartAbort
                0x00001928      0x150 ./synergy/ssp/src/driver/r_sci_uart/r_sci_uart.o
                0x00001928                R_SCI_UartAbort
 .text.r_sci_uart_write_no_transfer
                0x00001a78       0x50 ./synergy/ssp/src/driver/r_sci_uart/r_sci_uart.o
                0x00001a78                r_sci_uart_write_no_transfer
 .text.R_SCI_UartWrite
                0x00001ac8      0x120 ./synergy/ssp/src/driver/r_sci_uart/r_sci_uart.o
                0x00001ac8                R_SCI_UartWrite
 .text.r_sci_uart_read_data
                0x00001be8       0x30 ./synergy/ssp/src/driver/r_sci_uart/r_sci_uart.o
                0x00001be8                r_sci_uart_read_data
 .text.r_sci_uart_rxi_read_no_transfer_eventset
                0x00001c18       0x74 ./synergy/ssp/src/driver/r_sci_uart/r_sci_uart.o
                0x00001c18                r_sci_uart_rxi_read_no_transfer_eventset
 .text.r_sci_uart_rxi_read_no_transfer
                0x00001c8c       0x74 ./synergy/ssp/src/driver/r_sci_uart/r_sci_uart.o
                0x00001c8c                r_sci_uart_rxi_read_no_transfer
 .text.sci_uart_txi_isr
                0x00001d00      0x12c ./synergy/ssp/src/driver/r_sci_uart/r_sci_uart.o
                0x00001d00                sci_uart_txi_isr
 .text.sci_uart_rxi_isr
                0x00001e2c       0x74 ./synergy/ssp/src/driver/r_sci_uart/r_sci_uart.o
                0x00001e2c                sci_uart_rxi_isr
 .text.sci_uart_tei_isr
                0x00001ea0       0x98 ./synergy/ssp/src/driver/r_sci_uart/r_sci_uart.o
                0x00001ea0                sci_uart_tei_isr
 .text.R_IOPORT_PinRead
                0x00001f38       0x4c ./synergy/ssp/src/driver/r_ioport/r_ioport.o
                0x00001f38                R_IOPORT_PinRead
 .text.R_IOPORT_PortRead
                0x00001f84       0x28 ./synergy/ssp/src/driver/r_ioport/r_ioport.o
                0x00001f84                R_IOPORT_PortRead
 .text.R_IOPORT_PortEventInputRead
                0x00001fac       0x28 ./synergy/ssp/src/driver/r_ioport/r_ioport.o
                0x00001fac                R_IOPORT_PortEventInputRead
 .text.R_IOPORT_PinEventInputRead
                0x00001fd4       0x54 ./synergy/ssp/src/driver/r_ioport/r_ioport.o
                0x00001fd4                R_IOPORT_PinEventInputRead
 .text.R_IOPORT_PortEventOutputWrite
                0x00002028       0x38 ./synergy/ssp/src/driver/r_ioport/r_ioport.o
                0x00002028                R_IOPORT_PortEventOutputWrite
 .text.R_IOPORT_PinEventOutputWrite
                0x00002060       0x58 ./synergy/ssp/src/driver/r_ioport/r_ioport.o
                0x00002060                R_IOPORT_PinEventOutputWrite
 .text.R_IOPORT_VersionGet
                0x000020b8       0x14 ./synergy/ssp/src/driver/r_ioport/r_ioport.o
                0x000020b8                R_IOPORT_VersionGet
 .text.R_IOPORT_PinWrite
                0x000020cc       0x54 ./synergy/ssp/src/driver/r_ioport/r_ioport.o
                0x000020cc                R_IOPORT_PinWrite
 .text.R_IOPORT_PinDirectionSet
                0x00002120       0xd0 ./synergy/ssp/src/driver/r_ioport/r_ioport.o
                0x00002120                R_IOPORT_PinDirectionSet
 .text.R_IOPORT_PortWrite
                0x000021f0       0x38 ./synergy/ssp/src/driver/r_ioport/r_ioport.o
                0x000021f0                R_IOPORT_PortWrite
 .text.R_IOPORT_PortDirectionSet
                0x00002228       0x40 ./synergy/ssp/src/driver/r_ioport/r_ioport.o
                0x00002228                R_IOPORT_PortDirectionSet
 .text.bsp_vbatt_init.isra.4
                0x00002268       0x8c ./synergy/ssp/src/driver/r_ioport/r_ioport.o
 .text.R_IOPORT_EthernetModeCfg
                0x000022f4       0x54 ./synergy/ssp/src/driver/r_ioport/r_ioport.o
                0x000022f4                R_IOPORT_EthernetModeCfg
 .text.R_IOPORT_PinsCfg.part.5
                0x00002348       0xc0 ./synergy/ssp/src/driver/r_ioport/r_ioport.o
 .text.R_IOPORT_PinsCfg
                0x00002408       0x10 ./synergy/ssp/src/driver/r_ioport/r_ioport.o
                0x00002408                R_IOPORT_PinsCfg
 .text.R_IOPORT_Init
                0x00002418       0x88 ./synergy/ssp/src/driver/r_ioport/r_ioport.o
                0x00002418                R_IOPORT_Init
 .text.R_IOPORT_PinCfg
                0x000024a0       0xcc ./synergy/ssp/src/driver/r_ioport/r_ioport.o
                0x000024a0                R_IOPORT_PinCfg
 .text.R_GPT_Stop
                0x0000256c       0x28 ./synergy/ssp/src/driver/r_gpt/r_gpt.o
                0x0000256c                R_GPT_Stop
 .text.R_GPT_Start
                0x00002594       0x28 ./synergy/ssp/src/driver/r_gpt/r_gpt.o
                0x00002594                R_GPT_Start
 .text.R_GPT_VersionGet
                0x000025bc       0x14 ./synergy/ssp/src/driver/r_gpt/r_gpt.o
                0x000025bc                R_GPT_VersionGet
 .text.gpt_period_to_pclk
                0x000025d0      0x108 ./synergy/ssp/src/driver/r_gpt/r_gpt.o
 .text.gpt_duty_cycle_to_pclk
                0x000026d8       0x80 ./synergy/ssp/src/driver/r_gpt/r_gpt.o
 .text.R_GPT_Close
                0x00002758       0xa0 ./synergy/ssp/src/driver/r_gpt/r_gpt.o
                0x00002758                R_GPT_Close
 .text.R_GPT_CounterGet
                0x000027f8       0x24 ./synergy/ssp/src/driver/r_gpt/r_gpt.o
                0x000027f8                R_GPT_CounterGet
 .text.R_GPT_Reset
                0x0000281c       0x5c ./synergy/ssp/src/driver/r_gpt/r_gpt.o
                0x0000281c                R_GPT_Reset
 .text.R_GPT_PeriodSet
                0x00002878       0x74 ./synergy/ssp/src/driver/r_gpt/r_gpt.o
                0x00002878                R_GPT_PeriodSet
 .text.R_GPT_DutyCycleSet
                0x000028ec       0x98 ./synergy/ssp/src/driver/r_gpt/r_gpt.o
                0x000028ec                R_GPT_DutyCycleSet
 .text.R_GPT_InfoGet
                0x00002984       0x98 ./synergy/ssp/src/driver/r_gpt/r_gpt.o
                0x00002984                R_GPT_InfoGet
 .text.R_GPT_TimerOpen
                0x00002a1c      0x464 ./synergy/ssp/src/driver/r_gpt/r_gpt.o
                0x00002a1c                R_GPT_TimerOpen
 .text.gpt_counter_overflow_isr
                0x00002e80       0x7c ./synergy/ssp/src/driver/r_gpt/r_gpt.o
                0x00002e80                gpt_counter_overflow_isr
 .text.R_FMI_ProductInfoGet
                0x00002efc       0x30 ./synergy/ssp/src/driver/r_fmi/r_fmi.o
 .text.R_FMI_VersionGet
                0x00002f2c       0x14 ./synergy/ssp/src/driver/r_fmi/r_fmi.o
 .text.R_FMI_Init
                0x00002f40       0x6c ./synergy/ssp/src/driver/r_fmi/r_fmi.o
 .text.R_FMI_UniqueIdGet
                0x00002fac       0x40 ./synergy/ssp/src/driver/r_fmi/r_fmi.o
 .text.R_FMI_EventInfoGet
                0x00002fec       0x84 ./synergy/ssp/src/driver/r_fmi/r_fmi.o
 .text.R_FMI_FeatureGet
                0x00003070      0x244 ./synergy/ssp/src/driver/r_fmi/r_fmi.o
 .text.R_ELC_LinkSet
                0x000032b4       0x14 ./synergy/ssp/src/driver/r_elc/r_elc.o
                0x000032b4                R_ELC_LinkSet
 .text.R_ELC_LinkBreak
                0x000032c8       0x14 ./synergy/ssp/src/driver/r_elc/r_elc.o
                0x000032c8                R_ELC_LinkBreak
 .text.R_ELC_Enable
                0x000032dc       0x14 ./synergy/ssp/src/driver/r_elc/r_elc.o
                0x000032dc                R_ELC_Enable
 .text.R_ELC_Disable
                0x000032f0       0x14 ./synergy/ssp/src/driver/r_elc/r_elc.o
                0x000032f0                R_ELC_Disable
 .text.R_ELC_VersionGet
                0x00003304       0x14 ./synergy/ssp/src/driver/r_elc/r_elc.o
                0x00003304                R_ELC_VersionGet
 .text.R_ELC_SoftwareEventGenerate
                0x00003318       0x30 ./synergy/ssp/src/driver/r_elc/r_elc.o
                0x00003318                R_ELC_SoftwareEventGenerate
 .text.R_ELC_Init
                0x00003348       0x7c ./synergy/ssp/src/driver/r_elc/r_elc.o
                0x00003348                R_ELC_Init
 .text.R_DTC_Start
                0x000033c4        0x4 ./synergy/ssp/src/driver/r_dtc/r_dtc.o
                0x000033c4                R_DTC_Start
 .text.R_DTC_Stop
                0x000033c8        0x4 ./synergy/ssp/src/driver/r_dtc/r_dtc.o
                0x000033c8                R_DTC_Stop
 .text.R_DTC_Disable
                0x000033cc       0x34 ./synergy/ssp/src/driver/r_dtc/r_dtc.o
                0x000033cc                R_DTC_Disable
 .text.R_DTC_VersionGet
                0x00003400       0x14 ./synergy/ssp/src/driver/r_dtc/r_dtc.o
                0x00003400                R_DTC_VersionGet
 .text.R_DTC_InfoGet
                0x00003414       0x78 ./synergy/ssp/src/driver/r_dtc/r_dtc.o
                0x00003414                R_DTC_InfoGet
 .text.R_DTC_Close
                0x0000348c       0x54 ./synergy/ssp/src/driver/r_dtc/r_dtc.o
                0x0000348c                R_DTC_Close
 .text.R_DTC_Enable
                0x000034e0       0x84 ./synergy/ssp/src/driver/r_dtc/r_dtc.o
                0x000034e0                R_DTC_Enable
 .text.R_DTC_Reset
                0x00003564       0xa4 ./synergy/ssp/src/driver/r_dtc/r_dtc.o
                0x00003564                R_DTC_Reset
 .text.R_DTC_BlockReset
                0x00003608       0xac ./synergy/ssp/src/driver/r_dtc/r_dtc.o
                0x00003608                R_DTC_BlockReset
 .text.R_DTC_Open
                0x000036b4      0x178 ./synergy/ssp/src/driver/r_dtc/r_dtc.o
                0x000036b4                R_DTC_Open
 .text.R_CGC_LCDClockCfg
                0x0000382c        0x4 ./synergy/ssp/src/driver/r_cgc/r_cgc.o
                0x0000382c                R_CGC_LCDClockCfg
 .text.R_CGC_LCDClockEnable
                0x00003830        0x4 ./synergy/ssp/src/driver/r_cgc/r_cgc.o
                0x00003830                R_CGC_LCDClockEnable
 .text.R_CGC_VersionGet
                0x00003834       0x14 ./synergy/ssp/src/driver/r_cgc/r_cgc.o
                0x00003834                R_CGC_VersionGet
 .text.r_cgc_init_pllfreq
                0x00003848       0xd8 ./synergy/ssp/src/driver/r_cgc/r_cgc.o
 .text.R_CGC_SystemClockFreqGet
                0x00003920       0xb4 ./synergy/ssp/src/driver/r_cgc/r_cgc.o
                0x00003920                R_CGC_SystemClockFreqGet
 .text.r_cgc_system_dividers_set
                0x000039d4       0x44 ./synergy/ssp/src/driver/r_cgc/r_cgc.o
 .text.R_CGC_OscStopStatusClear
                0x00003a18       0x64 ./synergy/ssp/src/driver/r_cgc/r_cgc.o
                0x00003a18                R_CGC_OscStopStatusClear
 .text.R_CGC_BusClockOutCfg
                0x00003a7c       0x28 ./synergy/ssp/src/driver/r_cgc/r_cgc.o
                0x00003a7c                R_CGC_BusClockOutCfg
 .text.R_CGC_BusClockOutEnable
                0x00003aa4       0x28 ./synergy/ssp/src/driver/r_cgc/r_cgc.o
                0x00003aa4                R_CGC_BusClockOutEnable
 .text.R_CGC_BusClockOutDisable
                0x00003acc       0x28 ./synergy/ssp/src/driver/r_cgc/r_cgc.o
                0x00003acc                R_CGC_BusClockOutDisable
 .text.R_CGC_ClockOutEnable
                0x00003af4       0x28 ./synergy/ssp/src/driver/r_cgc/r_cgc.o
                0x00003af4                R_CGC_ClockOutEnable
 .text.R_CGC_ClockOutDisable
                0x00003b1c       0x28 ./synergy/ssp/src/driver/r_cgc/r_cgc.o
                0x00003b1c                R_CGC_ClockOutDisable
 .text.R_CGC_SDRAMClockOutEnable
                0x00003b44       0x28 ./synergy/ssp/src/driver/r_cgc/r_cgc.o
                0x00003b44                R_CGC_SDRAMClockOutEnable
 .text.R_CGC_SDRAMClockOutDisable
                0x00003b6c       0x28 ./synergy/ssp/src/driver/r_cgc/r_cgc.o
                0x00003b6c                R_CGC_SDRAMClockOutDisable
 .text.R_CGC_USBClockCfg
                0x00003b94       0x28 ./synergy/ssp/src/driver/r_cgc/r_cgc.o
                0x00003b94                R_CGC_USBClockCfg
 .text.r_cgc_check_dividers
                0x00003bbc       0x34 ./synergy/ssp/src/driver/r_cgc/r_cgc.o
 .text.R_CGC_SystickUpdate.part.6
                0x00003bf0       0x84 ./synergy/ssp/src/driver/r_cgc/r_cgc.o
 .text.R_CGC_SystickUpdate
                0x00003c74        0xc ./synergy/ssp/src/driver/r_cgc/r_cgc.o
                0x00003c74                R_CGC_SystickUpdate
 .text.R_CGC_ClockOutCfg
                0x00003c80       0x5c ./synergy/ssp/src/driver/r_cgc/r_cgc.o
                0x00003c80                R_CGC_ClockOutCfg
 .text.R_CGC_OscStopDetect
                0x00003cdc      0x118 ./synergy/ssp/src/driver/r_cgc/r_cgc.o
                0x00003cdc                R_CGC_OscStopDetect
 .text.r_cgc_subclock_drive_set.constprop.16
                0x00003df4       0x34 ./synergy/ssp/src/driver/r_cgc/r_cgc.o
 .text.R_CGC_SDADCClockCfg
                0x00003e28        0x4 ./synergy/ssp/src/driver/r_cgc/r_cgc.o
                0x00003e28                R_CGC_SDADCClockCfg
 .text.R_CGC_LCDClockDisable
                0x00003e2c        0x4 ./synergy/ssp/src/driver/r_cgc/r_cgc.o
                0x00003e2c                R_CGC_LCDClockDisable
 .text.R_CGC_SDADCClockEnable
                0x00003e30        0x4 ./synergy/ssp/src/driver/r_cgc/r_cgc.o
                0x00003e30                R_CGC_SDADCClockEnable
 .text.R_CGC_SDADCClockDisable
                0x00003e34        0x4 ./synergy/ssp/src/driver/r_cgc/r_cgc.o
                0x00003e34                R_CGC_SDADCClockDisable
 .text.R_CGC_SystemClockGet
                0x00003e38       0x58 ./synergy/ssp/src/driver/r_cgc/r_cgc.o
                0x00003e38                R_CGC_SystemClockGet
 .text.r_cgc_clock_run_state_get
                0x00003e90       0x68 ./synergy/ssp/src/driver/r_cgc/r_cgc.o
                0x00003e90                r_cgc_clock_run_state_get
 .text.r_cgc_wait_to_complete
                0x00003ef8       0x44 ./synergy/ssp/src/driver/r_cgc/r_cgc.o
 .text.R_CGC_Init
                0x00003f3c       0xe0 ./synergy/ssp/src/driver/r_cgc/r_cgc.o
                0x00003f3c                R_CGC_Init
 .text.R_CGC_ClockStop
                0x0000401c      0x154 ./synergy/ssp/src/driver/r_cgc/r_cgc.o
                0x0000401c                R_CGC_ClockStop
 .text.R_CGC_ClockCheck
                0x00004170       0x8c ./synergy/ssp/src/driver/r_cgc/r_cgc.o
                0x00004170                R_CGC_ClockCheck
 .text.r_cgc_stabilization_wait
                0x000041fc       0x30 ./synergy/ssp/src/driver/r_cgc/r_cgc.o
 .text.r_cgc_operating_hw_modeset
                0x0000422c       0xfc ./synergy/ssp/src/driver/r_cgc/r_cgc.o
                0x0000422c                r_cgc_operating_hw_modeset
 .text.r_cgc_operating_mode_set
                0x00004328       0x50 ./synergy/ssp/src/driver/r_cgc/r_cgc.o
 .text.R_CGC_ClockStart
                0x00004378      0x358 ./synergy/ssp/src/driver/r_cgc/r_cgc.o
                0x00004378                R_CGC_ClockStart
 .text.r_cgc_clock_start_stop
                0x000046d0       0x54 ./synergy/ssp/src/driver/r_cgc/r_cgc.o
 .text.R_CGC_SystemClockSet
                0x00004724      0x1b8 ./synergy/ssp/src/driver/r_cgc/r_cgc.o
                0x00004724                R_CGC_SystemClockSet
 .text.R_CGC_ClocksCfg
                0x000048dc      0x14c ./synergy/ssp/src/driver/r_cgc/r_cgc.o
                0x000048dc                R_CGC_ClocksCfg
 .text.adc_scan_end_isr
                0x00004a28       0x58 ./synergy/ssp/src/driver/r_adc/r_adc.o
                0x00004a28                adc_scan_end_isr
 .text.R_BSP_CacheOff
                0x00004a80       0x28 ./synergy/ssp/src/bsp/mcu/s5d9/bsp_cache.o
                0x00004a80                R_BSP_CacheOff
 .text.R_BSP_CacheSet
                0x00004aa8       0x48 ./synergy/ssp/src/bsp/mcu/s5d9/bsp_cache.o
                0x00004aa8                R_BSP_CacheSet
 .text.bsp_clock_init
                0x00004af0       0xac ./synergy/ssp/src/bsp/mcu/s5d9/bsp_clocks.o
                0x00004af0                bsp_clock_init
 .text.bsp_cpu_clock_get
                0x00004b9c       0x20 ./synergy/ssp/src/bsp/mcu/s5d9/bsp_clocks.o
                0x00004b9c                bsp_cpu_clock_get
 .text.bsp_clock_set_callback
                0x00004bbc       0xdc ./synergy/ssp/src/bsp/mcu/s5d9/bsp_clocks.o
                0x00004bbc                bsp_clock_set_callback
 .text.R_BSP_FeatureSciGet
                0x00004c98        0x8 ./synergy/ssp/src/bsp/mcu/s5d9/bsp_feature.o
                0x00004c98                R_BSP_FeatureSciGet
 .text.R_BSP_FeatureIoportGet
                0x00004ca0        0xc ./synergy/ssp/src/bsp/mcu/s5d9/bsp_feature.o
                0x00004ca0                R_BSP_FeatureIoportGet
 .text.R_BSP_FeatureCgcGet
                0x00004cac        0xc ./synergy/ssp/src/bsp/mcu/s5d9/bsp_feature.o
                0x00004cac                R_BSP_FeatureCgcGet
 .text.bsp_group_interrupt_open
                0x00004cb8       0x18 ./synergy/ssp/src/bsp/mcu/s5d9/bsp_group_irq.o
                0x00004cb8                bsp_group_interrupt_open
 .text.R_BSP_GroupIrqWrite
                0x00004cd0       0x10 ./synergy/ssp/src/bsp/mcu/s5d9/bsp_group_irq.o
                0x00004cd0                R_BSP_GroupIrqWrite
 .text.NMI_Handler
                0x00004ce0      0x1c8 ./synergy/ssp/src/bsp/mcu/s5d9/bsp_group_irq.o
                0x00004ce0                NMI_Handler
 .text.r_bsp_get_mstp_mask
                0x00004ea8       0x4c ./synergy/ssp/src/bsp/mcu/s5d9/bsp_module_stop.o
 .text.r_bsp_module_start_stop
                0x00004ef4       0x6c ./synergy/ssp/src/bsp/mcu/s5d9/bsp_module_stop.o
 .text.R_BSP_ModuleStop
                0x00004f60        0x8 ./synergy/ssp/src/bsp/mcu/s5d9/bsp_module_stop.o
                0x00004f60                R_BSP_ModuleStop
 .text.R_BSP_ModuleStart
                0x00004f68        0x8 ./synergy/ssp/src/bsp/mcu/s5d9/bsp_module_stop.o
                0x00004f68                R_BSP_ModuleStart
 .text.R_BSP_LedsGet
                0x00004f70       0x20 ./synergy/ssp/src/bsp/mcu/all/bsp_common_leds.o
                0x00004f70                R_BSP_LedsGet
 .text.software_delay_loop
                0x00004f90        0xc ./synergy/ssp/src/bsp/mcu/all/bsp_delay.o
 .text.R_BSP_SoftwareDelay
                0x00004f9c       0x60 ./synergy/ssp/src/bsp/mcu/all/bsp_delay.o
                0x00004f9c                R_BSP_SoftwareDelay
 .text.R_BSP_IrqStatusClear
                0x00004ffc       0x18 ./synergy/ssp/src/bsp/mcu/all/bsp_irq.o
                0x00004ffc                R_BSP_IrqStatusClear
 .text.bsp_irq_cfg
                0x00005014       0x40 ./synergy/ssp/src/bsp/mcu/all/bsp_irq.o
                0x00005014                bsp_irq_cfg
 .text.R_BSP_HardwareLock
                0x00005054       0x68 ./synergy/ssp/src/bsp/mcu/all/bsp_locking.o
                0x00005054                R_BSP_HardwareLock
 .text.R_BSP_HardwareUnlock
                0x000050bc       0x4c ./synergy/ssp/src/bsp/mcu/all/bsp_locking.o
                0x000050bc                R_BSP_HardwareUnlock
 .text.bsp_init_hardware_locks
                0x00005108       0x68 ./synergy/ssp/src/bsp/mcu/all/bsp_locking.o
                0x00005108                bsp_init_hardware_locks
 .text.R_BSP_RegisterProtectEnable
                0x00005170       0x60 ./synergy/ssp/src/bsp/mcu/all/bsp_register_protection.o
                0x00005170                R_BSP_RegisterProtectEnable
 .text.R_BSP_RegisterProtectDisable
                0x000051d0       0x4c ./synergy/ssp/src/bsp/mcu/all/bsp_register_protection.o
                0x000051d0                R_BSP_RegisterProtectDisable
 .text.bsp_register_protect_open
                0x0000521c       0x10 ./synergy/ssp/src/bsp/mcu/all/bsp_register_protection.o
                0x0000521c                bsp_register_protect_open
 .text._sbrk    0x0000522c       0x40 ./synergy/ssp/src/bsp/mcu/all/bsp_sbrk.o
                0x0000522c                _sbrk
 .text.Default_Handler
                0x0000526c        0x4 ./synergy/ssp/src/bsp/cmsis/Device/RENESAS/S5D9/Source/startup_S5D9.o
                0x0000526c                HardFault_Handler
                0x0000526c                UsageFault_Handler
                0x0000526c                Default_Handler
                0x0000526c                MemManage_Handler
                0x0000526c                SVC_Handler
                0x0000526c                BusFault_Handler
                0x0000526c                DebugMon_Handler
 .text.Reset_Handler
                0x00005270        0xc ./synergy/ssp/src/bsp/cmsis/Device/RENESAS/S5D9/Source/startup_S5D9.o
                0x00005270                Reset_Handler
 .text.R_BSP_WarmStart
                0x0000527c        0x4 ./synergy/ssp/src/bsp/cmsis/Device/RENESAS/S5D9/Source/system_S5D9.o
                0x0000527c                R_BSP_WarmStart
 .text.SystemInit
                0x00005280      0x160 ./synergy/ssp/src/bsp/cmsis/Device/RENESAS/S5D9/Source/system_S5D9.o
                0x00005280                SystemInit
 .text.bsp_init
                0x000053e0        0x4 ./synergy/board/s5d9_pk/bsp_init.o
                0x000053e0                bsp_init
 .text.bsp_qspi_xip_mode
                0x000053e4       0x80 ./synergy/board/s5d9_pk/bsp_qspi.o
 .text.bsp_qspi_init
                0x00005464      0x138 ./synergy/board/s5d9_pk/bsp_qspi.o
                0x00005464                bsp_qspi_init
 .text.Leds_func
                0x0000559c       0x10 ./src/synergy_gen/Leds.o
 .text.Leds_create
                0x000055ac       0x5c ./src/synergy_gen/Leds.o
                0x000055ac                Leds_create
 .text.adc_thread_func
                0x00005608       0x10 ./src/synergy_gen/adc_thread.o
 .text.adc_thread_create
                0x00005618       0x5c ./src/synergy_gen/adc_thread.o
                0x00005618                adc_thread_create
 .text.g_common_init
                0x00005674        0x4 ./src/synergy_gen/common_data.o
                0x00005674                g_common_init
 .text.g_hal_init
                0x00005678        0x4 ./src/synergy_gen/hal_data.o
                0x00005678                g_hal_init
 .text.tx_application_define_internal
                0x0000567c        0x4 ./src/synergy_gen/main.o
                0x0000567c                tx_application_define_user
                0x0000567c                tx_application_define_internal
 .text.tx_startup_err_callback_internal
                0x00005680        0x4 ./src/synergy_gen/main.o
                0x00005680                tx_startup_err_callback_internal
                0x00005680                tx_startup_err_callback
 .text.tx_application_define
                0x00005684       0x4c ./src/synergy_gen/main.o
                0x00005684                tx_application_define
 .text.tx_startup_common_init
                0x000056d0       0x64 ./src/synergy_gen/main.o
                0x000056d0                tx_startup_common_init
 .text.startup.main
                0x00005734        0xc ./src/synergy_gen/main.o
                0x00005734                main
 .text.thread0_func
                0x00005740       0x10 ./src/synergy_gen/thread0.o
 .text.thread0_create
                0x00005750       0xd4 ./src/synergy_gen/thread0.o
                0x00005750                thread0_create
 .text.g_sf_thread_monitor0_err_callback_internal
                0x00005824        0x4 ./src/synergy_gen/watchdog.o
                0x00005824                g_sf_thread_monitor0_err_callback
                0x00005824                g_sf_thread_monitor0_err_callback_internal
 .text.sf_thread_monitor_init0
                0x00005828       0x30 ./src/synergy_gen/watchdog.o
                0x00005828                sf_thread_monitor_init0
 .text.watchdog_func
                0x00005858       0x14 ./src/synergy_gen/watchdog.o
 .text.watchdog_create
                0x0000586c       0x58 ./src/synergy_gen/watchdog.o
                0x0000586c                watchdog_create
 .text.usMBCRC16
                0x000058c4       0x3c ./src/freemb/modbus/rtu/mbcrc.o
                0x000058c4                usMBCRC16
 .text.eMBRTUInit
                0x00005900       0x48 ./src/freemb/modbus/rtu/mbrtu.o
                0x00005900                eMBRTUInit
 .text.eMBRTUStart
                0x00005948       0x28 ./src/freemb/modbus/rtu/mbrtu.o
                0x00005948                eMBRTUStart
 .text.eMBRTUStop
                0x00005970       0x20 ./src/freemb/modbus/rtu/mbrtu.o
                0x00005970                eMBRTUStop
 .text.eMBRTUReceive
                0x00005990       0x74 ./src/freemb/modbus/rtu/mbrtu.o
                0x00005990                eMBRTUReceive
 .text.eMBRTUSend
                0x00005a04       0x8c ./src/freemb/modbus/rtu/mbrtu.o
                0x00005a04                eMBRTUSend
 .text.xMBRTUReceiveFSM
                0x00005a90       0x9c ./src/freemb/modbus/rtu/mbrtu.o
                0x00005a90                xMBRTUReceiveFSM
 .text.xMBRTUTransmitFSM
                0x00005b2c       0x94 ./src/freemb/modbus/rtu/mbrtu.o
                0x00005b2c                xMBRTUTransmitFSM
 .text.xMBRTUTimerT35Expired
                0x00005bc0       0x68 ./src/freemb/modbus/rtu/mbrtu.o
                0x00005bc0                xMBRTUTimerT35Expired
 .text.eMBFuncReadCoils
                0x00005c28       0x6c ./src/freemb/modbus/functions/mbfunccoils.o
                0x00005c28                eMBFuncReadCoils
 .text.eMBFuncWriteCoil
                0x00005c94       0x50 ./src/freemb/modbus/functions/mbfunccoils.o
                0x00005c94                eMBFuncWriteCoil
 .text.eMBFuncWriteMultipleCoils
                0x00005ce4       0x5c ./src/freemb/modbus/functions/mbfunccoils.o
                0x00005ce4                eMBFuncWriteMultipleCoils
 .text.eMBFuncReadDiscreteInputs
                0x00005d40       0x6c ./src/freemb/modbus/functions/mbfuncdisc.o
                0x00005d40                eMBFuncReadDiscreteInputs
 .text.eMBFuncWriteHoldingRegister
                0x00005dac       0x3c ./src/freemb/modbus/functions/mbfuncholding.o
                0x00005dac                eMBFuncWriteHoldingRegister
 .text.eMBFuncWriteMultipleHoldingRegister
                0x00005de8       0x58 ./src/freemb/modbus/functions/mbfuncholding.o
                0x00005de8                eMBFuncWriteMultipleHoldingRegister
 .text.eMBFuncReadHoldingRegister
                0x00005e40       0x68 ./src/freemb/modbus/functions/mbfuncholding.o
                0x00005e40                eMBFuncReadHoldingRegister
 .text.eMBFuncReadWriteMultipleHoldingRegister
                0x00005ea8       0x94 ./src/freemb/modbus/functions/mbfuncholding.o
                0x00005ea8                eMBFuncReadWriteMultipleHoldingRegister
 .text.eMBFuncReadInputRegister
                0x00005f3c       0x58 ./src/freemb/modbus/functions/mbfuncinput.o
                0x00005f3c                eMBFuncReadInputRegister
 .text.eMBSetSlaveID
                0x00005f94       0x3c ./src/freemb/modbus/functions/mbfuncother.o
                0x00005f94                eMBSetSlaveID
 .text.eMBFuncReportSlaveID
                0x00005fd0       0x24 ./src/freemb/modbus/functions/mbfuncother.o
                0x00005fd0                eMBFuncReportSlaveID
 .text.prveMBError2Exception
                0x00005ff4       0x10 ./src/freemb/modbus/functions/mbutils.o
                0x00005ff4                prveMBError2Exception
 .text.eMBInit  0x00006004       0xbc ./src/freemb/modbus/mb.o
                0x00006004                eMBInit
 .text.eMBClose
                0x000060c0       0x24 ./src/freemb/modbus/mb.o
                0x000060c0                eMBClose
 .text.eMBEnable
                0x000060e4       0x24 ./src/freemb/modbus/mb.o
                0x000060e4                eMBEnable
 .text.eMBDisable
                0x00006108       0x28 ./src/freemb/modbus/mb.o
                0x00006108                eMBDisable
 .text.eMBPoll  0x00006130      0x120 ./src/freemb/modbus/mb.o
                0x00006130                eMBPoll
 .text.xMBPortEventInit
                0x00006250       0x10 ./src/freemb/demo/port/portevent.o
                0x00006250                xMBPortEventInit
 .text.xMBPortEventPost
                0x00006260       0x14 ./src/freemb/demo/port/portevent.o
                0x00006260                xMBPortEventPost
 .text.xMBPortEventGet
                0x00006274       0x20 ./src/freemb/demo/port/portevent.o
                0x00006274                xMBPortEventGet
 .text.vMBPortSerialEnable
                0x00006294       0x2c ./src/freemb/demo/port/portserial.o
                0x00006294                vMBPortSerialEnable
 .text.xMBPortSerialInit
                0x000062c0       0xb0 ./src/freemb/demo/port/portserial.o
                0x000062c0                xMBPortSerialInit
 .text.xMBPortSerialPutByte
                0x00006370       0x40 ./src/freemb/demo/port/portserial.o
                0x00006370                xMBPortSerialPutByte
 .text.xMBPortSerialGetByte
                0x000063b0       0x28 ./src/freemb/demo/port/portserial.o
                0x000063b0                xMBPortSerialGetByte
 .text.user_uart_callback
                0x000063d8       0x50 ./src/freemb/demo/port/portserial.o
                0x000063d8                user_uart_callback
 .text.xMBPortTimersInit
                0x00006428       0x34 ./src/freemb/demo/port/porttimer.o
                0x00006428                xMBPortTimersInit
 .text.vMBPortTimersEnable
                0x0000645c       0x18 ./src/freemb/demo/port/porttimer.o
                0x0000645c                vMBPortTimersEnable
 .text.vMBPortTimersDisable
                0x00006474       0x18 ./src/freemb/demo/port/porttimer.o
                0x00006474                vMBPortTimersDisable
 .text.timer_user_callback
                0x0000648c       0x10 ./src/freemb/demo/port/porttimer.o
                0x0000648c                timer_user_callback
 .text.vTaskMODBUS
                0x0000649c       0xbc ./src/freemb/demo/demo.o
                0x0000649c                vTaskMODBUS
 .text.eMBRegInputCB
                0x00006558       0x7c ./src/freemb/demo/demo.o
                0x00006558                eMBRegInputCB
 .text.eMBRegHoldingCB
                0x000065d4       0x9c ./src/freemb/demo/demo.o
                0x000065d4                eMBRegHoldingCB
 .text.eMBRegCoilsCB
                0x00006670        0x4 ./src/freemb/demo/demo.o
                0x00006670                eMBRegCoilsCB
 .text.eMBRegDiscreteCB
                0x00006674        0x4 ./src/freemb/demo/demo.o
                0x00006674                eMBRegDiscreteCB
 .text.Leds_entry
                0x00006678       0xa4 ./src/Leds_entry.o
                0x00006678                Leds_entry
 .text.get_adc_arr
                0x0000671c        0x8 ./src/adc_interface.o
                0x0000671c                get_adc_arr
 .text.adc_thread_entry
                0x00006724        0x4 ./src/adc_thread_entry.o
                0x00006724                adc_thread_entry
 .text.thread0_entry
                0x00006728       0x30 ./src/thread0_entry.o
                0x00006728                thread0_entry
 .text.watchdog_entry
                0x00006758       0x18 ./src/watchdog_entry.o
                0x00006758                watchdog_entry
 .text._txe_mutex_create
                0x00006770       0xac K:\GitHub\adc_s5d9\EMS\synergy\ssp\src\framework\el\tx\cm4_gcc\libtx.a(txe_mutex_create.o)
                0x00006770                _txe_mutex_create
 .text._txe_mutex_delete
                0x0000681c       0x2c K:\GitHub\adc_s5d9\EMS\synergy\ssp\src\framework\el\tx\cm4_gcc\libtx.a(txe_mutex_delete.o)
                0x0000681c                _txe_mutex_delete
 .text._txe_mutex_get
                0x00006848       0x54 K:\GitHub\adc_s5d9\EMS\synergy\ssp\src\framework\el\tx\cm4_gcc\libtx.a(txe_mutex_get.o)
                0x00006848                _txe_mutex_get
 .text._txe_mutex_put
                0x0000689c       0x38 K:\GitHub\adc_s5d9\EMS\synergy\ssp\src\framework\el\tx\cm4_gcc\libtx.a(txe_mutex_put.o)
                0x0000689c                _txe_mutex_put
 .text._txe_queue_create
                0x000068d4       0xd0 K:\GitHub\adc_s5d9\EMS\synergy\ssp\src\framework\el\tx\cm4_gcc\libtx.a(txe_queue_create.o)
                0x000068d4                _txe_queue_create
 .text._txe_queue_receive
                0x000069a4       0x40 K:\GitHub\adc_s5d9\EMS\synergy\ssp\src\framework\el\tx\cm4_gcc\libtx.a(txe_queue_receive.o)
                0x000069a4                _txe_queue_receive
 .text._txe_queue_send
                0x000069e4       0x40 K:\GitHub\adc_s5d9\EMS\synergy\ssp\src\framework\el\tx\cm4_gcc\libtx.a(txe_queue_send.o)
                0x000069e4                _txe_queue_send
 .text._txe_semaphore_ceiling_put
                0x00006a24       0x28 K:\GitHub\adc_s5d9\EMS\synergy\ssp\src\framework\el\tx\cm4_gcc\libtx.a(txe_semaphore_ceiling_put.o)
                0x00006a24                _txe_semaphore_ceiling_put
 .text._txe_semaphore_create
                0x00006a4c       0xa4 K:\GitHub\adc_s5d9\EMS\synergy\ssp\src\framework\el\tx\cm4_gcc\libtx.a(txe_semaphore_create.o)
                0x00006a4c                _txe_semaphore_create
 .text._txe_semaphore_get
                0x00006af0       0x2c K:\GitHub\adc_s5d9\EMS\synergy\ssp\src\framework\el\tx\cm4_gcc\libtx.a(txe_semaphore_get.o)
                0x00006af0                _txe_semaphore_get
 .text._txe_semaphore_put
                0x00006b1c       0x18 K:\GitHub\adc_s5d9\EMS\synergy\ssp\src\framework\el\tx\cm4_gcc\libtx.a(txe_semaphore_put.o)
                0x00006b1c                _txe_semaphore_put
 .text._txe_thread_create
                0x00006b34      0x150 K:\GitHub\adc_s5d9\EMS\synergy\ssp\src\framework\el\tx\cm4_gcc\libtx.a(txe_thread_create.o)
                0x00006b34                _txe_thread_create
 .text._txe_thread_delete
                0x00006c84       0x2c K:\GitHub\adc_s5d9\EMS\synergy\ssp\src\framework\el\tx\cm4_gcc\libtx.a(txe_thread_delete.o)
                0x00006c84                _txe_thread_delete
 .text._txe_thread_terminate
                0x00006cb0       0x2c K:\GitHub\adc_s5d9\EMS\synergy\ssp\src\framework\el\tx\cm4_gcc\libtx.a(txe_thread_terminate.o)
                0x00006cb0                _txe_thread_terminate
 .text._tx_initialize_high_level
                0x00006cdc       0x70 K:\GitHub\adc_s5d9\EMS\synergy\ssp\src\framework\el\tx\cm4_gcc\libtx.a(tx_initialize_high_level.o)
                0x00006cdc                _tx_initialize_high_level
 .text._tx_initialize_kernel_enter
                0x00006d4c       0x48 K:\GitHub\adc_s5d9\EMS\synergy\ssp\src\framework\el\tx\cm4_gcc\libtx.a(tx_initialize_kernel_enter.o)
                0x00006d4c                _tx_initialize_kernel_enter
 .text.tx_isr_end
                0x00006d94        0x4 K:\GitHub\adc_s5d9\EMS\synergy\ssp\src\framework\el\tx\cm4_gcc\libtx.a(tx_isr_end.o)
                0x00006d94                tx_isr_end
 .text.tx_isr_start
                0x00006d98        0x4 K:\GitHub\adc_s5d9\EMS\synergy\ssp\src\framework\el\tx\cm4_gcc\libtx.a(tx_isr_start.o)
                0x00006d98                tx_isr_start
 .text._tx_mutex_create
                0x00006d9c       0x60 K:\GitHub\adc_s5d9\EMS\synergy\ssp\src\framework\el\tx\cm4_gcc\libtx.a(tx_mutex_create.o)
                0x00006d9c                _tx_mutex_create
 .text._tx_mutex_delete
                0x00006dfc       0xc0 K:\GitHub\adc_s5d9\EMS\synergy\ssp\src\framework\el\tx\cm4_gcc\libtx.a(tx_mutex_delete.o)
                0x00006dfc                _tx_mutex_delete
 .text._tx_mutex_get
                0x00006ebc      0x104 K:\GitHub\adc_s5d9\EMS\synergy\ssp\src\framework\el\tx\cm4_gcc\libtx.a(tx_mutex_get.o)
                0x00006ebc                _tx_mutex_get
 .text._tx_mutex_priority_change
                0x00006fc0       0xbc K:\GitHub\adc_s5d9\EMS\synergy\ssp\src\framework\el\tx\cm4_gcc\libtx.a(tx_mutex_priority_change.o)
                0x00006fc0                _tx_mutex_priority_change
 .text._tx_mutex_put
                0x0000707c      0x214 K:\GitHub\adc_s5d9\EMS\synergy\ssp\src\framework\el\tx\cm4_gcc\libtx.a(tx_mutex_put.o)
                0x0000707c                _tx_mutex_put
 .text._tx_queue_create
                0x00007290       0x70 K:\GitHub\adc_s5d9\EMS\synergy\ssp\src\framework\el\tx\cm4_gcc\libtx.a(tx_queue_create.o)
                0x00007290                _tx_queue_create
 .text._tx_queue_receive
                0x00007300      0x1d8 K:\GitHub\adc_s5d9\EMS\synergy\ssp\src\framework\el\tx\cm4_gcc\libtx.a(tx_queue_receive.o)
                0x00007300                _tx_queue_receive
 .text._tx_queue_send
                0x000074d8      0x128 K:\GitHub\adc_s5d9\EMS\synergy\ssp\src\framework\el\tx\cm4_gcc\libtx.a(tx_queue_send.o)
                0x000074d8                _tx_queue_send
 .text._tx_semaphore_ceiling_put
                0x00007600       0x60 K:\GitHub\adc_s5d9\EMS\synergy\ssp\src\framework\el\tx\cm4_gcc\libtx.a(tx_semaphore_ceiling_put.o)
                0x00007600                _tx_semaphore_ceiling_put
 .text._tx_semaphore_create
                0x00007660       0x54 K:\GitHub\adc_s5d9\EMS\synergy\ssp\src\framework\el\tx\cm4_gcc\libtx.a(tx_semaphore_create.o)
                0x00007660                _tx_semaphore_create
 .text._tx_semaphore_get
                0x000076b4       0x84 K:\GitHub\adc_s5d9\EMS\synergy\ssp\src\framework\el\tx\cm4_gcc\libtx.a(tx_semaphore_get.o)
                0x000076b4                _tx_semaphore_get
 .text._tx_semaphore_put
                0x00007738       0x54 K:\GitHub\adc_s5d9\EMS\synergy\ssp\src\framework\el\tx\cm4_gcc\libtx.a(tx_semaphore_put.o)
                0x00007738                _tx_semaphore_put
 .text._tx_thread_create
                0x0000778c      0x138 K:\GitHub\adc_s5d9\EMS\synergy\ssp\src\framework\el\tx\cm4_gcc\libtx.a(tx_thread_create.o)
                0x0000778c                _tx_thread_create
 .text._tx_thread_delete
                0x000078c4       0x5c K:\GitHub\adc_s5d9\EMS\synergy\ssp\src\framework\el\tx\cm4_gcc\libtx.a(tx_thread_delete.o)
                0x000078c4                _tx_thread_delete
 .text._tx_thread_identify
                0x00007920       0x14 K:\GitHub\adc_s5d9\EMS\synergy\ssp\src\framework\el\tx\cm4_gcc\libtx.a(tx_thread_identify.o)
                0x00007920                _tx_thread_identify
 .text._tx_thread_initialize
                0x00007934       0x64 K:\GitHub\adc_s5d9\EMS\synergy\ssp\src\framework\el\tx\cm4_gcc\libtx.a(tx_thread_initialize.o)
                0x00007934                _tx_thread_initialize
 .text._tx_thread_shell_entry
                0x00007998       0x48 K:\GitHub\adc_s5d9\EMS\synergy\ssp\src\framework\el\tx\cm4_gcc\libtx.a(tx_thread_shell_entry.o)
                0x00007998                _tx_thread_shell_entry
 .text._tx_thread_sleep
                0x000079e0       0x60 K:\GitHub\adc_s5d9\EMS\synergy\ssp\src\framework\el\tx\cm4_gcc\libtx.a(tx_thread_sleep.o)
                0x000079e0                _tx_thread_sleep
 .text._tx_thread_system_preempt_check
                0x00007a40       0x3c K:\GitHub\adc_s5d9\EMS\synergy\ssp\src\framework\el\tx\cm4_gcc\libtx.a(tx_thread_system_preempt_check.o)
                0x00007a40                _tx_thread_system_preempt_check
 .text._tx_thread_system_resume
                0x00007a7c       0xec K:\GitHub\adc_s5d9\EMS\synergy\ssp\src\framework\el\tx\cm4_gcc\libtx.a(tx_thread_system_resume.o)
                0x00007a7c                _tx_thread_system_resume
 .text._tx_thread_system_suspend
                0x00007b68      0x104 K:\GitHub\adc_s5d9\EMS\synergy\ssp\src\framework\el\tx\cm4_gcc\libtx.a(tx_thread_system_suspend.o)
                0x00007b68                _tx_thread_system_suspend
 .text._tx_thread_terminate
                0x00007c6c       0xac K:\GitHub\adc_s5d9\EMS\synergy\ssp\src\framework\el\tx\cm4_gcc\libtx.a(tx_thread_terminate.o)
                0x00007c6c                _tx_thread_terminate
 .text._tx_thread_timeout
                0x00007d18       0x40 K:\GitHub\adc_s5d9\EMS\synergy\ssp\src\framework\el\tx\cm4_gcc\libtx.a(tx_thread_timeout.o)
                0x00007d18                _tx_thread_timeout
 .text._tx_timer_initialize
                0x00007d58       0x74 K:\GitHub\adc_s5d9\EMS\synergy\ssp\src\framework\el\tx\cm4_gcc\libtx.a(tx_timer_initialize.o)
                0x00007d58                _tx_timer_initialize
 .text._tx_timer_system_activate
                0x00007dcc       0x54 K:\GitHub\adc_s5d9\EMS\synergy\ssp\src\framework\el\tx\cm4_gcc\libtx.a(tx_timer_system_activate.o)
                0x00007dcc                _tx_timer_system_activate
 .text._tx_timer_system_deactivate
                0x00007e20       0x2c K:\GitHub\adc_s5d9\EMS\synergy\ssp\src\framework\el\tx\cm4_gcc\libtx.a(tx_timer_system_deactivate.o)
                0x00007e20                _tx_timer_system_deactivate
 .text._tx_initialize_low_level
                0x00007e4c       0x8c K:\GitHub\adc_s5d9\EMS\synergy\ssp\src\framework\el\tx\cm4_gcc\libtx.a(tx_initialize_low_level.o)
                0x00007e4c                _tx_initialize_low_level
 .text._tx_thread_schedule
                0x00007ed8       0x5c K:\GitHub\adc_s5d9\EMS\synergy\ssp\src\framework\el\tx\cm4_gcc\libtx.a(tx_thread_schedule.o)
                0x00007ed8                _tx_thread_schedule
 .text._tx_port_wait_thread_ready
                0x00007f34       0xa8 K:\GitHub\adc_s5d9\EMS\synergy\ssp\src\framework\el\tx\cm4_gcc\libtx.a(tx_thread_schedule.o)
                0x00007f34                _tx_port_wait_thread_ready
 .text.PendSV_Handler
                0x00007fdc       0xb4 K:\GitHub\adc_s5d9\EMS\synergy\ssp\src\framework\el\tx\cm4_gcc\libtx.a(tx_thread_schedule.o)
                0x00007fdc                PendSV_Handler
 .text.SysTick_Handler
                0x00008090        0x4 K:\GitHub\adc_s5d9\EMS\synergy\ssp\src\framework\el\tx\cm4_gcc\libtx.a(tx_thread_schedule.o)
                0x00008090                SysTick_Handler
 .text._tx_thread_stack_build
                0x00008094       0x48 K:\GitHub\adc_s5d9\EMS\synergy\ssp\src\framework\el\tx\cm4_gcc\libtx.a(tx_thread_stack_build.o)
                0x00008094                _tx_thread_stack_build
 .text._tx_timer_interrupt
                0x000080dc       0xc0 K:\GitHub\adc_s5d9\EMS\synergy\ssp\src\framework\el\tx\cm4_gcc\libtx.a(tx_timer_interrupt.o)
                0x000080dc                _tx_timer_interrupt
 .text._tx_mutex_cleanup
                0x0000819c       0x80 K:\GitHub\adc_s5d9\EMS\synergy\ssp\src\framework\el\tx\cm4_gcc\libtx.a(tx_mutex_cleanup.o)
                0x0000819c                _tx_mutex_cleanup
 .text._tx_mutex_thread_release
                0x0000821c       0x44 K:\GitHub\adc_s5d9\EMS\synergy\ssp\src\framework\el\tx\cm4_gcc\libtx.a(tx_mutex_cleanup.o)
                0x0000821c                _tx_mutex_thread_release
 .text._tx_mutex_prioritize
                0x00008260       0xa4 K:\GitHub\adc_s5d9\EMS\synergy\ssp\src\framework\el\tx\cm4_gcc\libtx.a(tx_mutex_prioritize.o)
                0x00008260                _tx_mutex_prioritize
 .text._tx_queue_cleanup
                0x00008304       0x8c K:\GitHub\adc_s5d9\EMS\synergy\ssp\src\framework\el\tx\cm4_gcc\libtx.a(tx_queue_cleanup.o)
                0x00008304                _tx_queue_cleanup
 .text._tx_semaphore_cleanup
                0x00008390       0x80 K:\GitHub\adc_s5d9\EMS\synergy\ssp\src\framework\el\tx\cm4_gcc\libtx.a(tx_semaphore_cleanup.o)
                0x00008390                _tx_semaphore_cleanup
 .text._tx_thread_time_slice
                0x00008410       0x74 K:\GitHub\adc_s5d9\EMS\synergy\ssp\src\framework\el\tx\cm4_gcc\libtx.a(tx_thread_time_slice.o)
                0x00008410                _tx_thread_time_slice
 .text._tx_timer_expiration_process
                0x00008484      0x104 K:\GitHub\adc_s5d9\EMS\synergy\ssp\src\framework\el\tx\cm4_gcc\libtx.a(tx_timer_expiration_process.o)
                0x00008484                _tx_timer_expiration_process
 .text          0x00008588       0xa0 c:/program files (x86)/gnu tools arm embedded/7 2017-q4-major/bin/../lib/gcc/arm-none-eabi/7.2.1/thumb/v7e-m/fpv4-sp/hard\libgcc.a(_aeabi_ldivmod.o)
                0x00008588                __aeabi_ldivmod
 .text          0x00008628       0x30 c:/program files (x86)/gnu tools arm embedded/7 2017-q4-major/bin/../lib/gcc/arm-none-eabi/7.2.1/thumb/v7e-m/fpv4-sp/hard\libgcc.a(_aeabi_uldivmod.o)
                0x00008628                __aeabi_uldivmod
 .text          0x00008658      0x2cc c:/program files (x86)/gnu tools arm embedded/7 2017-q4-major/bin/../lib/gcc/arm-none-eabi/7.2.1/thumb/v7e-m/fpv4-sp/hard\libgcc.a(_udivmoddi4.o)
                0x00008658                __udivmoddi4
 .text          0x00008924        0x4 c:/program files (x86)/gnu tools arm embedded/7 2017-q4-major/bin/../lib/gcc/arm-none-eabi/7.2.1/thumb/v7e-m/fpv4-sp/hard\libgcc.a(_dvmd_tls.o)
                0x00008924                __aeabi_idiv0
                0x00008924                __aeabi_ldiv0
 .text.__assert_func
                0x00008928       0x3c c:/program files (x86)/gnu tools arm embedded/7 2017-q4-major/bin/../lib/gcc/arm-none-eabi/7.2.1/../../../../arm-none-eabi/lib/thumb/v7e-m/fpv4-sp/hard\libg_nano.a(lib_a-assert.o)
                0x00008928                __assert_func
 .text.__errno  0x00008964        0xc c:/program files (x86)/gnu tools arm embedded/7 2017-q4-major/bin/../lib/gcc/arm-none-eabi/7.2.1/../../../../arm-none-eabi/lib/thumb/v7e-m/fpv4-sp/hard\libg_nano.a(lib_a-errno.o)
                0x00008964                __errno
 .text.fprintf  0x00008970       0x24 c:/program files (x86)/gnu tools arm embedded/7 2017-q4-major/bin/../lib/gcc/arm-none-eabi/7.2.1/../../../../arm-none-eabi/lib/thumb/v7e-m/fpv4-sp/hard\libg_nano.a(lib_a-fprintf.o)
                0x00008970                fiprintf
                0x00008970                fprintf
 .text.memcmp   0x00008994       0x1e c:/program files (x86)/gnu tools arm embedded/7 2017-q4-major/bin/../lib/gcc/arm-none-eabi/7.2.1/../../../../arm-none-eabi/lib/thumb/v7e-m/fpv4-sp/hard\libg_nano.a(lib_a-memcmp.o)
                0x00008994                memcmp
 .text.memcpy   0x000089b2       0x16 c:/program files (x86)/gnu tools arm embedded/7 2017-q4-major/bin/../lib/gcc/arm-none-eabi/7.2.1/../../../../arm-none-eabi/lib/thumb/v7e-m/fpv4-sp/hard\libg_nano.a(lib_a-memcpy-stub.o)
                0x000089b2                memcpy
 .text.memset   0x000089c8       0x10 c:/program files (x86)/gnu tools arm embedded/7 2017-q4-major/bin/../lib/gcc/arm-none-eabi/7.2.1/../../../../arm-none-eabi/lib/thumb/v7e-m/fpv4-sp/hard\libg_nano.a(lib_a-memset.o)
                0x000089c8                memset
 .text.__sfputc_r
                0x000089d8       0x2e c:/program files (x86)/gnu tools arm embedded/7 2017-q4-major/bin/../lib/gcc/arm-none-eabi/7.2.1/../../../../arm-none-eabi/lib/thumb/v7e-m/fpv4-sp/hard\libg_nano.a(lib_a-nano-vfprintf.o)
 .text.__sfputs_r
                0x00008a06       0x24 c:/program files (x86)/gnu tools arm embedded/7 2017-q4-major/bin/../lib/gcc/arm-none-eabi/7.2.1/../../../../arm-none-eabi/lib/thumb/v7e-m/fpv4-sp/hard\libg_nano.a(lib_a-nano-vfprintf.o)
                0x00008a06                __sfputs_r
 *fill*         0x00008a2a        0x2 ff
 .text._vfprintf_r
                0x00008a2c      0x228 c:/program files (x86)/gnu tools arm embedded/7 2017-q4-major/bin/../lib/gcc/arm-none-eabi/7.2.1/../../../../arm-none-eabi/lib/thumb/v7e-m/fpv4-sp/hard\libg_nano.a(lib_a-nano-vfprintf.o)
                0x00008a2c                _vfprintf_r
                0x00008a2c                _vfiprintf_r
 .text._printf_common
                0x00008c54       0xea c:/program files (x86)/gnu tools arm embedded/7 2017-q4-major/bin/../lib/gcc/arm-none-eabi/7.2.1/../../../../arm-none-eabi/lib/thumb/v7e-m/fpv4-sp/hard\libg_nano.a(lib_a-nano-vfprintf_i.o)
                0x00008c54                _printf_common
 *fill*         0x00008d3e        0x2 ff
 .text._printf_i
                0x00008d40      0x224 c:/program files (x86)/gnu tools arm embedded/7 2017-q4-major/bin/../lib/gcc/arm-none-eabi/7.2.1/../../../../arm-none-eabi/lib/thumb/v7e-m/fpv4-sp/hard\libg_nano.a(lib_a-nano-vfprintf_i.o)
                0x00008d40                _printf_i
 .text.printf   0x00008f64       0x30 c:/program files (x86)/gnu tools arm embedded/7 2017-q4-major/bin/../lib/gcc/arm-none-eabi/7.2.1/../../../../arm-none-eabi/lib/thumb/v7e-m/fpv4-sp/hard\libg_nano.a(lib_a-printf.o)
                0x00008f64                iprintf
                0x00008f64                printf
 .text._puts_r  0x00008f94       0xb8 c:/program files (x86)/gnu tools arm embedded/7 2017-q4-major/bin/../lib/gcc/arm-none-eabi/7.2.1/../../../../arm-none-eabi/lib/thumb/v7e-m/fpv4-sp/hard\libg_nano.a(lib_a-puts.o)
                0x00008f94                _puts_r
 .text.puts     0x0000904c       0x10 c:/program files (x86)/gnu tools arm embedded/7 2017-q4-major/bin/../lib/gcc/arm-none-eabi/7.2.1/../../../../arm-none-eabi/lib/thumb/v7e-m/fpv4-sp/hard\libg_nano.a(lib_a-puts.o)
                0x0000904c                puts
 .text.srand    0x0000905c       0x48 c:/program files (x86)/gnu tools arm embedded/7 2017-q4-major/bin/../lib/gcc/arm-none-eabi/7.2.1/../../../../arm-none-eabi/lib/thumb/v7e-m/fpv4-sp/hard\libg_nano.a(lib_a-rand.o)
                0x0000905c                srand
 .text.__swbuf_r
                0x000090a4       0xa4 c:/program files (x86)/gnu tools arm embedded/7 2017-q4-major/bin/../lib/gcc/arm-none-eabi/7.2.1/../../../../arm-none-eabi/lib/thumb/v7e-m/fpv4-sp/hard\libg_nano.a(lib_a-wbuf.o)
                0x000090a4                __swbuf_r
 .text.__swsetup_r
                0x00009148       0xdc c:/program files (x86)/gnu tools arm embedded/7 2017-q4-major/bin/../lib/gcc/arm-none-eabi/7.2.1/../../../../arm-none-eabi/lib/thumb/v7e-m/fpv4-sp/hard\libg_nano.a(lib_a-wsetup.o)
                0x00009148                __swsetup_r
 .text.abort    0x00009224        0xe c:/program files (x86)/gnu tools arm embedded/7 2017-q4-major/bin/../lib/gcc/arm-none-eabi/7.2.1/../../../../arm-none-eabi/lib/thumb/v7e-m/fpv4-sp/hard\libg_nano.a(lib_a-abort.o)
                0x00009224                abort
 *fill*         0x00009232        0x2 ff
 .text.__sflush_r
                0x00009234      0x10c c:/program files (x86)/gnu tools arm embedded/7 2017-q4-major/bin/../lib/gcc/arm-none-eabi/7.2.1/../../../../arm-none-eabi/lib/thumb/v7e-m/fpv4-sp/hard\libg_nano.a(lib_a-fflush.o)
                0x00009234                __sflush_r
 .text._fflush_r
                0x00009340       0x54 c:/program files (x86)/gnu tools arm embedded/7 2017-q4-major/bin/../lib/gcc/arm-none-eabi/7.2.1/../../../../arm-none-eabi/lib/thumb/v7e-m/fpv4-sp/hard\libg_nano.a(lib_a-fflush.o)
                0x00009340                _fflush_r
 .text.std      0x00009394       0x48 c:/program files (x86)/gnu tools arm embedded/7 2017-q4-major/bin/../lib/gcc/arm-none-eabi/7.2.1/../../../../arm-none-eabi/lib/thumb/v7e-m/fpv4-sp/hard\libg_nano.a(lib_a-findfp.o)
 .text._cleanup_r
                0x000093dc        0xc c:/program files (x86)/gnu tools arm embedded/7 2017-q4-major/bin/../lib/gcc/arm-none-eabi/7.2.1/../../../../arm-none-eabi/lib/thumb/v7e-m/fpv4-sp/hard\libg_nano.a(lib_a-findfp.o)
                0x000093dc                _cleanup_r
 .text.__sfmoreglue
                0x000093e8       0x2c c:/program files (x86)/gnu tools arm embedded/7 2017-q4-major/bin/../lib/gcc/arm-none-eabi/7.2.1/../../../../arm-none-eabi/lib/thumb/v7e-m/fpv4-sp/hard\libg_nano.a(lib_a-findfp.o)
                0x000093e8                __sfmoreglue
 .text.__sinit  0x00009414       0x60 c:/program files (x86)/gnu tools arm embedded/7 2017-q4-major/bin/../lib/gcc/arm-none-eabi/7.2.1/../../../../arm-none-eabi/lib/thumb/v7e-m/fpv4-sp/hard\libg_nano.a(lib_a-findfp.o)
                0x00009414                __sinit
 .text.__sfp    0x00009474       0x78 c:/program files (x86)/gnu tools arm embedded/7 2017-q4-major/bin/../lib/gcc/arm-none-eabi/7.2.1/../../../../arm-none-eabi/lib/thumb/v7e-m/fpv4-sp/hard\libg_nano.a(lib_a-findfp.o)
                0x00009474                __sfp
 .text._fwalk_reent
                0x000094ec       0x3c c:/program files (x86)/gnu tools arm embedded/7 2017-q4-major/bin/../lib/gcc/arm-none-eabi/7.2.1/../../../../arm-none-eabi/lib/thumb/v7e-m/fpv4-sp/hard\libg_nano.a(lib_a-fwalk.o)
                0x000094ec                _fwalk_reent
 .text.__swhatbuf_r
                0x00009528       0x48 c:/program files (x86)/gnu tools arm embedded/7 2017-q4-major/bin/../lib/gcc/arm-none-eabi/7.2.1/../../../../arm-none-eabi/lib/thumb/v7e-m/fpv4-sp/hard\libg_nano.a(lib_a-makebuf.o)
                0x00009528                __swhatbuf_r
 .text.__smakebuf_r
                0x00009570       0x80 c:/program files (x86)/gnu tools arm embedded/7 2017-q4-major/bin/../lib/gcc/arm-none-eabi/7.2.1/../../../../arm-none-eabi/lib/thumb/v7e-m/fpv4-sp/hard\libg_nano.a(lib_a-makebuf.o)
                0x00009570                __smakebuf_r
 .text.malloc   0x000095f0       0x10 c:/program files (x86)/gnu tools arm embedded/7 2017-q4-major/bin/../lib/gcc/arm-none-eabi/7.2.1/../../../../arm-none-eabi/lib/thumb/v7e-m/fpv4-sp/hard\libg_nano.a(lib_a-malloc.o)
                0x000095f0                malloc
 .text          0x00009600       0xa0 c:/program files (x86)/gnu tools arm embedded/7 2017-q4-major/bin/../lib/gcc/arm-none-eabi/7.2.1/../../../../arm-none-eabi/lib/thumb/v7e-m/fpv4-sp/hard\libg_nano.a(lib_a-memchr.o)
                0x00009600                memchr
 .text._free_r  0x000096a0       0x9c c:/program files (x86)/gnu tools arm embedded/7 2017-q4-major/bin/../lib/gcc/arm-none-eabi/7.2.1/../../../../arm-none-eabi/lib/thumb/v7e-m/fpv4-sp/hard\libg_nano.a(lib_a-nano-freer.o)
                0x000096a0                _free_r
 .text._malloc_r
                0x0000973c       0xb4 c:/program files (x86)/gnu tools arm embedded/7 2017-q4-major/bin/../lib/gcc/arm-none-eabi/7.2.1/../../../../arm-none-eabi/lib/thumb/v7e-m/fpv4-sp/hard\libg_nano.a(lib_a-nano-mallocr.o)
                0x0000973c                _malloc_r
 .text._sbrk_r  0x000097f0       0x20 c:/program files (x86)/gnu tools arm embedded/7 2017-q4-major/bin/../lib/gcc/arm-none-eabi/7.2.1/../../../../arm-none-eabi/lib/thumb/v7e-m/fpv4-sp/hard\libg_nano.a(lib_a-sbrkr.o)
                0x000097f0                _sbrk_r
 .text._raise_r
                0x00009810       0x50 c:/program files (x86)/gnu tools arm embedded/7 2017-q4-major/bin/../lib/gcc/arm-none-eabi/7.2.1/../../../../arm-none-eabi/lib/thumb/v7e-m/fpv4-sp/hard\libg_nano.a(lib_a-signal.o)
                0x00009810                _raise_r
 .text.raise    0x00009860       0x10 c:/program files (x86)/gnu tools arm embedded/7 2017-q4-major/bin/../lib/gcc/arm-none-eabi/7.2.1/../../../../arm-none-eabi/lib/thumb/v7e-m/fpv4-sp/hard\libg_nano.a(lib_a-signal.o)
                0x00009860                raise
 .text._kill_r  0x00009870       0x24 c:/program files (x86)/gnu tools arm embedded/7 2017-q4-major/bin/../lib/gcc/arm-none-eabi/7.2.1/../../../../arm-none-eabi/lib/thumb/v7e-m/fpv4-sp/hard\libg_nano.a(lib_a-signalr.o)
                0x00009870                _kill_r
 .text._getpid_r
                0x00009894        0x4 c:/program files (x86)/gnu tools arm embedded/7 2017-q4-major/bin/../lib/gcc/arm-none-eabi/7.2.1/../../../../arm-none-eabi/lib/thumb/v7e-m/fpv4-sp/hard\libg_nano.a(lib_a-signalr.o)
                0x00009894                _getpid_r
 .text.__sread  0x00009898       0x22 c:/program files (x86)/gnu tools arm embedded/7 2017-q4-major/bin/../lib/gcc/arm-none-eabi/7.2.1/../../../../arm-none-eabi/lib/thumb/v7e-m/fpv4-sp/hard\libg_nano.a(lib_a-stdio.o)
                0x00009898                __sread
 .text.__swrite
                0x000098ba       0x38 c:/program files (x86)/gnu tools arm embedded/7 2017-q4-major/bin/../lib/gcc/arm-none-eabi/7.2.1/../../../../arm-none-eabi/lib/thumb/v7e-m/fpv4-sp/hard\libg_nano.a(lib_a-stdio.o)
                0x000098ba                __swrite
 .text.__sseek  0x000098f2       0x24 c:/program files (x86)/gnu tools arm embedded/7 2017-q4-major/bin/../lib/gcc/arm-none-eabi/7.2.1/../../../../arm-none-eabi/lib/thumb/v7e-m/fpv4-sp/hard\libg_nano.a(lib_a-stdio.o)
                0x000098f2                __sseek
 .text.__sclose
                0x00009916        0x8 c:/program files (x86)/gnu tools arm embedded/7 2017-q4-major/bin/../lib/gcc/arm-none-eabi/7.2.1/../../../../arm-none-eabi/lib/thumb/v7e-m/fpv4-sp/hard\libg_nano.a(lib_a-stdio.o)
                0x00009916                __sclose
 *fill*         0x0000991e        0x2 ff
 .text._write_r
                0x00009920       0x24 c:/program files (x86)/gnu tools arm embedded/7 2017-q4-major/bin/../lib/gcc/arm-none-eabi/7.2.1/../../../../arm-none-eabi/lib/thumb/v7e-m/fpv4-sp/hard\libg_nano.a(lib_a-writer.o)
                0x00009920                _write_r
 .text._close_r
                0x00009944       0x20 c:/program files (x86)/gnu tools arm embedded/7 2017-q4-major/bin/../lib/gcc/arm-none-eabi/7.2.1/../../../../arm-none-eabi/lib/thumb/v7e-m/fpv4-sp/hard\libg_nano.a(lib_a-closer.o)
                0x00009944                _close_r
 .text._fstat_r
                0x00009964       0x24 c:/program files (x86)/gnu tools arm embedded/7 2017-q4-major/bin/../lib/gcc/arm-none-eabi/7.2.1/../../../../arm-none-eabi/lib/thumb/v7e-m/fpv4-sp/hard\libg_nano.a(lib_a-fstatr.o)
                0x00009964                _fstat_r
 .text._isatty_r
                0x00009988       0x20 c:/program files (x86)/gnu tools arm embedded/7 2017-q4-major/bin/../lib/gcc/arm-none-eabi/7.2.1/../../../../arm-none-eabi/lib/thumb/v7e-m/fpv4-sp/hard\libg_nano.a(lib_a-isattyr.o)
                0x00009988                _isatty_r
 .text._lseek_r
                0x000099a8       0x24 c:/program files (x86)/gnu tools arm embedded/7 2017-q4-major/bin/../lib/gcc/arm-none-eabi/7.2.1/../../../../arm-none-eabi/lib/thumb/v7e-m/fpv4-sp/hard\libg_nano.a(lib_a-lseekr.o)
                0x000099a8                _lseek_r
 .text.__malloc_lock
                0x000099cc        0x2 c:/program files (x86)/gnu tools arm embedded/7 2017-q4-major/bin/../lib/gcc/arm-none-eabi/7.2.1/../../../../arm-none-eabi/lib/thumb/v7e-m/fpv4-sp/hard\libg_nano.a(lib_a-mlock.o)
                0x000099cc                __malloc_lock
 .text.__malloc_unlock
                0x000099ce        0x2 c:/program files (x86)/gnu tools arm embedded/7 2017-q4-major/bin/../lib/gcc/arm-none-eabi/7.2.1/../../../../arm-none-eabi/lib/thumb/v7e-m/fpv4-sp/hard\libg_nano.a(lib_a-mlock.o)
                0x000099ce                __malloc_unlock
 .text._read_r  0x000099d0       0x24 c:/program files (x86)/gnu tools arm embedded/7 2017-q4-major/bin/../lib/gcc/arm-none-eabi/7.2.1/../../../../arm-none-eabi/lib/thumb/v7e-m/fpv4-sp/hard\libg_nano.a(lib_a-readr.o)
                0x000099d0                _read_r
 .text.findslot
                0x000099f4       0x34 c:/program files (x86)/gnu tools arm embedded/7 2017-q4-major/bin/../lib/gcc/arm-none-eabi/7.2.1/../../../../arm-none-eabi/lib/thumb/v7e-m/fpv4-sp/hard\librdimon_nano.a(rdimon-syscalls.o)
 .text.checkerror
                0x00009a28       0x20 c:/program files (x86)/gnu tools arm embedded/7 2017-q4-major/bin/../lib/gcc/arm-none-eabi/7.2.1/../../../../arm-none-eabi/lib/thumb/v7e-m/fpv4-sp/hard\librdimon_nano.a(rdimon-syscalls.o)
 .text.error    0x00009a48       0x1c c:/program files (x86)/gnu tools arm embedded/7 2017-q4-major/bin/../lib/gcc/arm-none-eabi/7.2.1/../../../../arm-none-eabi/lib/thumb/v7e-m/fpv4-sp/hard\librdimon_nano.a(rdimon-syscalls.o)
 .text._swiread
                0x00009a64       0x20 c:/program files (x86)/gnu tools arm embedded/7 2017-q4-major/bin/../lib/gcc/arm-none-eabi/7.2.1/../../../../arm-none-eabi/lib/thumb/v7e-m/fpv4-sp/hard\librdimon_nano.a(rdimon-syscalls.o)
                0x00009a64                _swiread
 .text._read    0x00009a84       0x34 c:/program files (x86)/gnu tools arm embedded/7 2017-q4-major/bin/../lib/gcc/arm-none-eabi/7.2.1/../../../../arm-none-eabi/lib/thumb/v7e-m/fpv4-sp/hard\librdimon_nano.a(rdimon-syscalls.o)
                0x00009a84                _read
 .text._swilseek
                0x00009ab8       0x7a c:/program files (x86)/gnu tools arm embedded/7 2017-q4-major/bin/../lib/gcc/arm-none-eabi/7.2.1/../../../../arm-none-eabi/lib/thumb/v7e-m/fpv4-sp/hard\librdimon_nano.a(rdimon-syscalls.o)
                0x00009ab8                _swilseek
 .text._lseek   0x00009b32        0x4 c:/program files (x86)/gnu tools arm embedded/7 2017-q4-major/bin/../lib/gcc/arm-none-eabi/7.2.1/../../../../arm-none-eabi/lib/thumb/v7e-m/fpv4-sp/hard\librdimon_nano.a(rdimon-syscalls.o)
                0x00009b32                _lseek
 .text._swiwrite
                0x00009b36       0x20 c:/program files (x86)/gnu tools arm embedded/7 2017-q4-major/bin/../lib/gcc/arm-none-eabi/7.2.1/../../../../arm-none-eabi/lib/thumb/v7e-m/fpv4-sp/hard\librdimon_nano.a(rdimon-syscalls.o)
                0x00009b36                _swiwrite
 .text._write   0x00009b56       0x40 c:/program files (x86)/gnu tools arm embedded/7 2017-q4-major/bin/../lib/gcc/arm-none-eabi/7.2.1/../../../../arm-none-eabi/lib/thumb/v7e-m/fpv4-sp/hard\librdimon_nano.a(rdimon-syscalls.o)
                0x00009b56                _write
 .text._swiclose