Archive member included to satisfy reference by file (symbol)

C:\Users\kirti\PK_S5D9\verify\synergy\ssp\src\framework\el\tx\cm4_gcc\libtx.a(txe_queue_create.o)
                              ./src/synergy_gen/thread0.o (_txe_queue_create)
C:\Users\kirti\PK_S5D9\verify\synergy\ssp\src\framework\el\tx\cm4_gcc\libtx.a(txe_semaphore_create.o)
                              ./src/synergy_gen/main.o (_txe_semaphore_create)
C:\Users\kirti\PK_S5D9\verify\synergy\ssp\src\framework\el\tx\cm4_gcc\libtx.a(txe_semaphore_get.o)
                              ./src/synergy_gen/main.o (_txe_semaphore_get)
C:\Users\kirti\PK_S5D9\verify\synergy\ssp\src\framework\el\tx\cm4_gcc\libtx.a(txe_semaphore_put.o)
                              ./src/synergy_gen/main.o (_txe_semaphore_put)
C:\Users\kirti\PK_S5D9\verify\synergy\ssp\src\framework\el\tx\cm4_gcc\libtx.a(txe_thread_create.o)
                              ./src/synergy_gen/thread0.o (_txe_thread_create)
C:\Users\kirti\PK_S5D9\verify\synergy\ssp\src\framework\el\tx\cm4_gcc\libtx.a(tx_initialize_high_level.o)
                              C:\Users\kirti\PK_S5D9\verify\synergy\ssp\src\framework\el\tx\cm4_gcc\libtx.a(txe_queue_create.o) (_tx_queue_created_ptr)
C:\Users\kirti\PK_S5D9\verify\synergy\ssp\src\framework\el\tx\cm4_gcc\libtx.a(tx_initialize_kernel_enter.o)
                              ./src/synergy_gen/main.o (_tx_initialize_kernel_enter)
C:\Users\kirti\PK_S5D9\verify\synergy\ssp\src\framework\el\tx\cm4_gcc\libtx.a(tx_isr_end.o)
                              ./synergy/ssp/src/driver/r_sci_uart/r_sci_uart.o (tx_isr_end)
C:\Users\kirti\PK_S5D9\verify\synergy\ssp\src\framework\el\tx\cm4_gcc\libtx.a(tx_isr_start.o)
                              ./synergy/ssp/src/driver/r_sci_uart/r_sci_uart.o (tx_isr_start)
C:\Users\kirti\PK_S5D9\verify\synergy\ssp\src\framework\el\tx\cm4_gcc\libtx.a(tx_queue_create.o)
                              C:\Users\kirti\PK_S5D9\verify\synergy\ssp\src\framework\el\tx\cm4_gcc\libtx.a(txe_queue_create.o) (_tx_queue_create)
C:\Users\kirti\PK_S5D9\verify\synergy\ssp\src\framework\el\tx\cm4_gcc\libtx.a(tx_semaphore_create.o)
                              C:\Users\kirti\PK_S5D9\verify\synergy\ssp\src\framework\el\tx\cm4_gcc\libtx.a(txe_semaphore_create.o) (_tx_semaphore_create)
C:\Users\kirti\PK_S5D9\verify\synergy\ssp\src\framework\el\tx\cm4_gcc\libtx.a(tx_semaphore_get.o)
                              C:\Users\kirti\PK_S5D9\verify\synergy\ssp\src\framework\el\tx\cm4_gcc\libtx.a(txe_semaphore_get.o) (_tx_semaphore_get)
C:\Users\kirti\PK_S5D9\verify\synergy\ssp\src\framework\el\tx\cm4_gcc\libtx.a(tx_semaphore_put.o)
                              C:\Users\kirti\PK_S5D9\verify\synergy\ssp\src\framework\el\tx\cm4_gcc\libtx.a(txe_semaphore_put.o) (_tx_semaphore_put)
C:\Users\kirti\PK_S5D9\verify\synergy\ssp\src\framework\el\tx\cm4_gcc\libtx.a(tx_thread_create.o)
                              C:\Users\kirti\PK_S5D9\verify\synergy\ssp\src\framework\el\tx\cm4_gcc\libtx.a(txe_thread_create.o) (_tx_thread_create)
C:\Users\kirti\PK_S5D9\verify\synergy\ssp\src\framework\el\tx\cm4_gcc\libtx.a(tx_thread_initialize.o)
                              C:\Users\kirti\PK_S5D9\verify\synergy\ssp\src\framework\el\tx\cm4_gcc\libtx.a(tx_initialize_high_level.o) (_tx_thread_initialize)
C:\Users\kirti\PK_S5D9\verify\synergy\ssp\src\framework\el\tx\cm4_gcc\libtx.a(tx_thread_shell_entry.o)
                              C:\Users\kirti\PK_S5D9\verify\synergy\ssp\src\framework\el\tx\cm4_gcc\libtx.a(tx_thread_create.o) (_tx_thread_shell_entry)
C:\Users\kirti\PK_S5D9\verify\synergy\ssp\src\framework\el\tx\cm4_gcc\libtx.a(tx_thread_sleep.o)
                              ./src/thread0_entry.o (_tx_thread_sleep)
C:\Users\kirti\PK_S5D9\verify\synergy\ssp\src\framework\el\tx\cm4_gcc\libtx.a(tx_thread_system_preempt_check.o)
                              C:\Users\kirti\PK_S5D9\verify\synergy\ssp\src\framework\el\tx\cm4_gcc\libtx.a(txe_queue_create.o) (_tx_thread_system_preempt_check)
C:\Users\kirti\PK_S5D9\verify\synergy\ssp\src\framework\el\tx\cm4_gcc\libtx.a(tx_thread_system_resume.o)
                              C:\Users\kirti\PK_S5D9\verify\synergy\ssp\src\framework\el\tx\cm4_gcc\libtx.a(tx_semaphore_put.o) (_tx_thread_system_resume)
C:\Users\kirti\PK_S5D9\verify\synergy\ssp\src\framework\el\tx\cm4_gcc\libtx.a(tx_thread_system_suspend.o)
                              C:\Users\kirti\PK_S5D9\verify\synergy\ssp\src\framework\el\tx\cm4_gcc\libtx.a(tx_semaphore_get.o) (_tx_thread_system_suspend)
C:\Users\kirti\PK_S5D9\verify\synergy\ssp\src\framework\el\tx\cm4_gcc\libtx.a(tx_thread_timeout.o)
                              C:\Users\kirti\PK_S5D9\verify\synergy\ssp\src\framework\el\tx\cm4_gcc\libtx.a(tx_thread_create.o) (_tx_thread_timeout)
C:\Users\kirti\PK_S5D9\verify\synergy\ssp\src\framework\el\tx\cm4_gcc\libtx.a(tx_timer_initialize.o)
[...]
Memory Configuration

Name             Origin             Length             Attributes
FLASH            0x00000000         0x00200000         xr
RAM              0x1ffe0000         0x000a0000         xrw
DATA_FLASH       0x40100000         0x00010000         xr
QSPI_FLASH       0x60000000         0x04000000         xr
SDRAM            0x90000000         0x02000000         xrw
ID_CODES         0x0100a150         0x00000010         xr
*default*        0x00000000         0xffffffff

Linker script and memory map

LOAD c:/renesas/synergy/e2studio_v7.5.1_ssp_v1.7.5/toolchains/gcc_arm/7.2.1_2017q4/bin/../lib/gcc/arm-none-eabi/7.2.1/thumb/v7e-m/fpv4-sp/hard/crti.o
LOAD c:/renesas/synergy/e2studio_v7.5.1_ssp_v1.7.5/toolchains/gcc_arm/7.2.1_2017q4/bin/../lib/gcc/arm-none-eabi/7.2.1/thumb/v7e-m/fpv4-sp/hard/crtbegin.o
LOAD c:/renesas/synergy/e2studio_v7.5.1_ssp_v1.7.5/toolchains/gcc_arm/7.2.1_2017q4/bin/../lib/gcc/arm-none-eabi/7.2.1/../../../../arm-none-eabi/lib/thumb/v7e-m/fpv4-sp/hard/rdimon-crt0.o
START GROUP
LOAD ./synergy/ssp/src/driver/r_sci_uart/r_sci_uart.o
LOAD ./synergy/ssp/src/driver/r_ioport/r_ioport.o
LOAD ./synergy/ssp/src/driver/r_gpt/r_gpt.o
LOAD ./synergy/ssp/src/driver/r_fmi/r_fmi.o
LOAD ./synergy/ssp/src/driver/r_elc/r_elc.o
LOAD ./synergy/ssp/src/driver/r_dtc/r_dtc.o
LOAD ./synergy/ssp/src/driver/r_cgc/r_cgc.o
LOAD ./synergy/ssp/src/driver/r_adc/r_adc.o
LOAD ./synergy/ssp/src/bsp/mcu/s5d9/bsp_cache.o
LOAD ./synergy/ssp/src/bsp/mcu/s5d9/bsp_clocks.o
LOAD ./synergy/ssp/src/bsp/mcu/s5d9/bsp_feature.o
LOAD ./synergy/ssp/src/bsp/mcu/s5d9/bsp_fmi_R7FS5D97E3A01CFC.o
LOAD ./synergy/ssp/src/bsp/mcu/s5d9/bsp_group_irq.o
LOAD ./synergy/ssp/src/bsp/mcu/s5d9/bsp_hw_locks.o
LOAD ./synergy/ssp/src/bsp/mcu/s5d9/bsp_module_stop.o
LOAD ./synergy/ssp/src/bsp/mcu/s5d9/bsp_rom_registers.o
LOAD ./synergy/ssp/src/bsp/mcu/all/bsp_common.o
LOAD ./synergy/ssp/src/bsp/mcu/all/bsp_common_leds.o
LOAD ./synergy/ssp/src/bsp/mcu/all/bsp_delay.o
LOAD ./synergy/ssp/src/bsp/mcu/all/bsp_irq.o
LOAD ./synergy/ssp/src/bsp/mcu/all/bsp_locking.o
LOAD ./synergy/ssp/src/bsp/mcu/all/bsp_register_protection.o
LOAD ./synergy/ssp/src/bsp/mcu/all/bsp_sbrk.o
LOAD ./synergy/ssp/src/bsp/cmsis/Device/RENESAS/S5D9/Source/startup_S5D9.o
LOAD ./synergy/ssp/src/bsp/cmsis/Device/RENESAS/S5D9/Source/system_S5D9.o
LOAD ./synergy/board/s5d9_pk/bsp_init.o
LOAD ./synergy/board/s5d9_pk/bsp_leds.o
LOAD ./synergy/board/s5d9_pk/bsp_qspi.o
LOAD ./src/synergy_gen/common_data.o
LOAD ./src/synergy_gen/hal_data.o
LOAD ./src/synergy_gen/main.o
LOAD ./src/synergy_gen/pin_data.o
LOAD ./src/synergy_gen/thread0.o
LOAD ./src/hal_entry.o
LOAD ./src/thread0_entry.o
LOAD C:\Users\kirti\PK_S5D9\verify\synergy\ssp\src\bsp\cmsis\DSP_Lib\cm4_gcc\libDSP_Lib.a
LOAD C:\Users\kirti\PK_S5D9\verify\synergy\ssp\src\framework\el\tx\cm4_gcc\libtx.a
END GROUP
START GROUP
LOAD c:/renesas/synergy/e2studio_v7.5.1_ssp_v1.7.5/toolchains/gcc_arm/7.2.1_2017q4/bin/../lib/gcc/arm-none-eabi/7.2.1/thumb/v7e-m/fpv4-sp/hard\libgcc.a
LOAD c:/renesas/synergy/e2studio_v7.5.1_ssp_v1.7.5/toolchains/gcc_arm/7.2.1_2017q4/bin/../lib/gcc/arm-none-eabi/7.2.1/../../../../arm-none-eabi/lib/thumb/v7e-m/fpv4-sp/hard\libg_nano.a
LOAD c:/renesas/synergy/e2studio_v7.5.1_ssp_v1.7.5/toolchains/gcc_arm/7.2.1_2017q4/bin/../lib/gcc/arm-none-eabi/7.2.1/../../../../arm-none-eabi/lib/thumb/v7e-m/fpv4-sp/hard\libc_nano.a
END GROUP
START GROUP
LOAD c:/renesas/synergy/e2studio_v7.5.1_ssp_v1.7.5/toolchains/gcc_arm/7.2.1_2017q4/bin/../lib/gcc/arm-none-eabi/7.2.1/thumb/v7e-m/fpv4-sp/hard\libgcc.a
LOAD c:/renesas/synergy/e2studio_v7.5.1_ssp_v1.7.5/toolchains/gcc_arm/7.2.1_2017q4/bin/../lib/gcc/arm-none-eabi/7.2.1/../../../../arm-none-eabi/lib/thumb/v7e-m/fpv4-sp/hard\libc_nano.a
LOAD c:/renesas/synergy/e2studio_v7.5.1_ssp_v1.7.5/toolchains/gcc_arm/7.2.1_2017q4/bin/../lib/gcc/arm-none-eabi/7.2.1/../../../../arm-none-eabi/lib/thumb/v7e-m/fpv4-sp/hard\librdimon_nano.a
END GROUP
START GROUP
LOAD c:/renesas/synergy/e2studio_v7.5.1_ssp_v1.7.5/toolchains/gcc_arm/7.2.1_2017q4/bin/../lib/gcc/arm-none-eabi/7.2.1/thumb/v7e-m/fpv4-sp/hard\libgcc.a
LOAD c:/renesas/synergy/e2studio_v7.5.1_ssp_v1.7.5/toolchains/gcc_arm/7.2.1_2017q4/bin/../lib/gcc/arm-none-eabi/7.2.1/../../../../arm-none-eabi/lib/thumb/v7e-m/fpv4-sp/hard\libc_nano.a
LOAD c:/renesas/synergy/e2studio_v7.5.1_ssp_v1.7.5/toolchains/gcc_arm/7.2.1_2017q4/bin/../lib/gcc/arm-none-eabi/7.2.1/../../../../arm-none-eabi/lib/thumb/v7e-m/fpv4-sp/hard\librdimon_nano.a
END GROUP
LOAD c:/renesas/synergy/e2studio_v7.5.1_ssp_v1.7.5/toolchains/gcc_arm/7.2.1_2017q4/bin/../lib/gcc/arm-none-eabi/7.2.1/thumb/v7e-m/fpv4-sp/hard/crtend.o
LOAD c:/renesas/synergy/e2studio_v7.5.1_ssp_v1.7.5/toolchains/gcc_arm/7.2.1_2017q4/bin/../lib/gcc/arm-none-eabi/7.2.1/thumb/v7e-m/fpv4-sp/hard/crtn.o
START GROUP
LOAD c:/renesas/synergy/e2studio_v7.5.1_ssp_v1.7.5/toolchains/gcc_arm/7.2.1_2017q4/bin/../lib/gcc/arm-none-eabi/7.2.1/thumb/v7e-m/fpv4-sp/hard\libgcc.a
LOAD c:/renesas/synergy/e2studio_v7.5.1_ssp_v1.7.5/toolchains/gcc_arm/7.2.1_2017q4/bin/../lib/gcc/arm-none-eabi/7.2.1/../../../../arm-none-eabi/lib/thumb/v7e-m/fpv4-sp/hard\libc.a
LOAD c:/renesas/synergy/e2studio_v7.5.1_ssp_v1.7.5/toolchains/gcc_arm/7.2.1_2017q4/bin/../lib/gcc/arm-none-eabi/7.2.1/../../../../arm-none-eabi/lib/thumb/v7e-m/fpv4-sp/hard\libm.a
LOAD c:/renesas/synergy/e2studio_v7.5.1_ssp_v1.7.5/toolchains/gcc_arm/7.2.1_2017q4/bin/../lib/gcc/arm-none-eabi/7.2.1/../../../../arm-none-eabi/lib/thumb/v7e-m/fpv4-sp/hard\libnosys.a
END GROUP

.text           0x00000000     0x7768
                0x00000000                __ROM_Start = .
 *(.vectors)
 .vectors       0x00000000       0x40 ./synergy/ssp/src/bsp/cmsis/Device/RENESAS/S5D9/Source/startup_S5D9.o
                0x00000000                __Vectors
 *(SORT_BY_NAME(.vector.*))
 .vector.ADC_0_SCAN_END
                0x00000040        0x4 ./src/synergy_gen/thread0.o
                0x00000040                g_vector_ADC_0_SCAN_END
 .vector.GPT_0_COUNTER_OVERFLOW
                0x00000044        0x4 ./src/synergy_gen/thread0.o
                0x00000044                g_vector_GPT_0_COUNTER_OVERFLOW
 .vector.SCI_0_RXI
                0x00000048        0x4 ./src/synergy_gen/thread0.o
                0x00000048                g_vector_SCI_0_RXI
 .vector.SCI_0_TEI
                0x0000004c        0x4 ./src/synergy_gen/thread0.o
                0x0000004c                g_vector_SCI_0_TEI
 .vector.SCI_0_TXI
                0x00000050        0x4 ./src/synergy_gen/thread0.o
                0x00000050                g_vector_SCI_0_TXI
                0x00000054                __Vectors_End = .
                0x00000054                __end__ = .
                0x00000400                . = (__ROM_Start + 0x400)
 *fill*         0x00000054      0x3ac ff
 *(.rom_registers*)
 .rom_registers
                0x00000400       0x3c ./synergy/ssp/src/bsp/mcu/s5d9/bsp_rom_registers.o
                0x00000500                . = (__ROM_Start + 0x500)
 *fill*         0x0000043c       0xc4 ff
                0x00000500                __Vector_Info_Start = .
 *(SORT_BY_NAME(.vector_info.*))
 .vector_info.ADC_0_SCAN_END
                0x00000500        0x8 ./src/synergy_gen/thread0.o
                0x00000500                g_vector_info_ADC_0_SCAN_END
 .vector_info.GPT_0_COUNTER_OVERFLOW
                0x00000508        0x8 ./src/synergy_gen/thread0.o
                0x00000508                g_vector_info_GPT_0_COUNTER_OVERFLOW
 .vector_info.SCI_0_RXI
                0x00000510        0x8 ./src/synergy_gen/thread0.o
                0x00000510                g_vector_info_SCI_0_RXI
 .vector_info.SCI_0_TEI
                0x00000518        0x8 ./src/synergy_gen/thread0.o
                0x00000518                g_vector_info_SCI_0_TEI
 .vector_info.SCI_0_TXI
                0x00000520        0x8 ./src/synergy_gen/thread0.o
                0x00000520                g_vector_info_SCI_0_TXI
                0x00000528                __Vector_Info_End = .
                0x00000528                __Lock_Lookup_Start = .
 *(SORT_BY_NAME(.hw_lock_lookup.*))
 .hw_lock_lookup.ADC_0U_0U
                0x00000528        0x4 ./synergy/ssp/src/bsp/mcu/s5d9/bsp_hw_locks.o
                0x00000528                g_lock_lookup_ADC_0U_0U
 .hw_lock_lookup.ADC_0U_1U
                0x0000052c        0x4 ./synergy/ssp/src/bsp/mcu/s5d9/bsp_hw_locks.o
                0x0000052c                g_lock_lookup_ADC_0U_1U
 .hw_lock_lookup.AGT_0U_0U
                0x00000530        0x4 ./synergy/ssp/src/bsp/mcu/s5d9/bsp_hw_locks.o
                0x00000530                g_lock_lookup_AGT_0U_0U
 .hw_lock_lookup.AGT_0U_1U
                0x00000534        0x4 ./synergy/ssp/src/bsp/mcu/s5d9/bsp_hw_locks.o
                0x00000534                g_lock_lookup_AGT_0U_1U
 .hw_lock_lookup.BSC_0U_1U
                0x00000538        0x4 ./synergy/ssp/src/bsp/mcu/s5d9/bsp_hw_locks.o
                0x00000538                g_lock_lookup_BSC_0U_1U
 .hw_lock_lookup.CAC_0U_0U
                0x0000053c        0x4 ./synergy/ssp/src/bsp/mcu/s5d9/bsp_hw_locks.o
                0x0000053c                g_lock_lookup_CAC_0U_0U
 .hw_lock_lookup.CAN_0U_0U
                0x00000540        0x4 ./synergy/ssp/src/bsp/mcu/s5d9/bsp_hw_locks.o
                0x00000540                g_lock_lookup_CAN_0U_0U
 .hw_lock_lookup.CAN_0U_1U
                0x00000544        0x4 ./synergy/ssp/src/bsp/mcu/s5d9/bsp_hw_locks.o
                0x00000544                g_lock_lookup_CAN_0U_1U
 .hw_lock_lookup.COMP_HS_0U_0U
                0x00000548        0x4 ./synergy/ssp/src/bsp/mcu/s5d9/bsp_hw_locks.o
                0x00000548                g_lock_lookup_COMP_HS_0U_0U
 .hw_lock_lookup.COMP_HS_0U_1U
                0x0000054c        0x4 ./synergy/ssp/src/bsp/mcu/s5d9/bsp_hw_locks.o
                0x0000054c                g_lock_lookup_COMP_HS_0U_1U
 .hw_lock_lookup.COMP_HS_0U_2U
                0x00000550        0x4 ./synergy/ssp/src/bsp/mcu/s5d9/bsp_hw_locks.o
                0x00000550                g_lock_lookup_COMP_HS_0U_2U
 .hw_lock_lookup.COMP_HS_0U_3U
                0x00000554        0x4 ./synergy/ssp/src/bsp/mcu/s5d9/bsp_hw_locks.o
                0x00000554                g_lock_lookup_COMP_HS_0U_3U
 .hw_lock_lookup.COMP_HS_0U_4U
                0x00000558        0x4 ./synergy/ssp/src/bsp/mcu/s5d9/bsp_hw_locks.o
                0x00000558                g_lock_lookup_COMP_HS_0U_4U
 .hw_lock_lookup.COMP_HS_0U_5U
                0x0000055c        0x4 ./synergy/ssp/src/bsp/mcu/s5d9/bsp_hw_locks.o
                0x0000055c                g_lock_lookup_COMP_HS_0U_5U
 .hw_lock_lookup.CRC_0U_0U
                0x00000560        0x4 ./synergy/ssp/src/bsp/mcu/s5d9/bsp_hw_locks.o
                0x00000560                g_lock_lookup_CRC_0U_0U
 .hw_lock_lookup.CTSU_0U_0U
                0x00000564        0x4 ./synergy/ssp/src/bsp/mcu/s5d9/bsp_hw_locks.o
                0x00000564                g_lock_lookup_CTSU_0U_0U
 .hw_lock_lookup.DAAD_0U_0U
                0x00000568        0x4 ./synergy/ssp/src/bsp/mcu/s5d9/bsp_hw_locks.o
                0x00000568                g_lock_lookup_DAAD_0U_0U
 .hw_lock_lookup.DAC_0U_0U
                0x0000056c        0x4 ./synergy/ssp/src/bsp/mcu/s5d9/bsp_hw_locks.o
                0x0000056c                g_lock_lookup_DAC_0U_0U
 .hw_lock_lookup.DAC_0U_1U
                0x00000570        0x4 ./synergy/ssp/src/bsp/mcu/s5d9/bsp_hw_locks.o
                0x00000570                g_lock_lookup_DAC_0U_1U
 .hw_lock_lookup.DMAC_0U_0U
                0x00000574        0x4 ./synergy/ssp/src/bsp/mcu/s5d9/bsp_hw_locks.o
                0x00000574                g_lock_lookup_DMAC_0U_0U
 .hw_lock_lookup.DMAC_0U_1U
                0x00000578        0x4 ./synergy/ssp/src/bsp/mcu/s5d9/bsp_hw_locks.o
                0x00000578                g_lock_lookup_DMAC_0U_1U
 .hw_lock_lookup.DMAC_0U_2U
                0x0000057c        0x4 ./synergy/ssp/src/bsp/mcu/s5d9/bsp_hw_locks.o
                0x0000057c                g_lock_lookup_DMAC_0U_2U
 .hw_lock_lookup.DMAC_0U_3U
                0x00000580        0x4 ./synergy/ssp/src/bsp/mcu/s5d9/bsp_hw_locks.o
                0x00000580                g_lock_lookup_DMAC_0U_3U
 .hw_lock_lookup.DMAC_0U_4U
                0x00000584        0x4 ./synergy/ssp/src/bsp/mcu/s5d9/bsp_hw_locks.o
                0x00000584                g_lock_lookup_DMAC_0U_4U
 .hw_lock_lookup.DMAC_0U_5U
                0x00000588        0x4 ./synergy/ssp/src/bsp/mcu/s5d9/bsp_hw_locks.o
                0x00000588                g_lock_lookup_DMAC_0U_5U
 .hw_lock_lookup.DMAC_0U_6U
                0x0000058c        0x4 ./synergy/ssp/src/bsp/mcu/s5d9/bsp_hw_locks.o
                0x0000058c                g_lock_lookup_DMAC_0U_6U
 .hw_lock_lookup.DMAC_0U_7U
                0x00000590        0x4 ./synergy/ssp/src/bsp/mcu/s5d9/bsp_hw_locks.o
                0x00000590                g_lock_lookup_DMAC_0U_7U
 .hw_lock_lookup.DOC_0U_0U
                0x00000594        0x4 ./synergy/ssp/src/bsp/mcu/s5d9/bsp_hw_locks.o
                0x00000594                g_lock_lookup_DOC_0U_0U
 .hw_lock_lookup.DRW_0U_0U
                0x00000598        0x4 ./synergy/ssp/src/bsp/mcu/s5d9/bsp_hw_locks.o
                0x00000598                g_lock_lookup_DRW_0U_0U
 .hw_lock_lookup.DTC_0U_0U
                0x0000059c        0x4 ./synergy/ssp/src/bsp/mcu/s5d9/bsp_hw_locks.o
                0x0000059c                g_lock_lookup_DTC_0U_0U
 .hw_lock_lookup.ELC_0U_0U
                0x000005a0        0x4 ./synergy/ssp/src/bsp/mcu/s5d9/bsp_hw_locks.o
                0x000005a0                g_lock_lookup_ELC_0U_0U
 .hw_lock_lookup.EPTPC_0U_0U
                0x000005a4        0x4 ./synergy/ssp/src/bsp/mcu/s5d9/bsp_hw_locks.o
                0x000005a4                g_lock_lookup_EPTPC_0U_0U
 .hw_lock_lookup.ETHER_0U_0U
                0x000005a8        0x4 ./synergy/ssp/src/bsp/mcu/s5d9/bsp_hw_locks.o
                0x000005a8                g_lock_lookup_ETHER_0U_0U
 .hw_lock_lookup.ETHER_0U_1U
                0x000005ac        0x4 ./synergy/ssp/src/bsp/mcu/s5d9/bsp_hw_locks.o
                0x000005ac                g_lock_lookup_ETHER_0U_1U
 .hw_lock_lookup.FCU_0U_0U
                0x000005b0        0x4 ./synergy/ssp/src/bsp/mcu/s5d9/bsp_hw_locks.o
                0x000005b0                g_lock_lookup_FCU_0U_0U
 .hw_lock_lookup.GLCDC_0U_0U
                0x000005b4        0x4 ./synergy/ssp/src/bsp/mcu/s5d9/bsp_hw_locks.o
                0x000005b4                g_lock_lookup_GLCDC_0U_0U
 .hw_lock_lookup.GPT_0U_0U
                0x000005b8        0x4 ./synergy/ssp/src/bsp/mcu/s5d9/bsp_hw_locks.o
                0x000005b8                g_lock_lookup_GPT_0U_0U
 .hw_lock_lookup.GPT_0U_10U
                0x000005bc        0x4 ./synergy/ssp/src/bsp/mcu/s5d9/bsp_hw_locks.o
                0x000005bc                g_lock_lookup_GPT_0U_10U
 .hw_lock_lookup.GPT_0U_11U
                0x000005c0        0x4 ./synergy/ssp/src/bsp/mcu/s5d9/bsp_hw_locks.o
                0x000005c0                g_lock_lookup_GPT_0U_11U
 .hw_lock_lookup.GPT_0U_12U
                0x000005c4        0x4 ./synergy/ssp/src/bsp/mcu/s5d9/bsp_hw_locks.o
                0x000005c4                g_lock_lookup_GPT_0U_12U
 .hw_lock_lookup.GPT_0U_13U
                0x000005c8        0x4 ./synergy/ssp/src/bsp/mcu/s5d9/bsp_hw_locks.o
                0x000005c8                g_lock_lookup_GPT_0U_13U
 .hw_lock_lookup.GPT_0U_1U
                0x000005cc        0x4 ./synergy/ssp/src/bsp/mcu/s5d9/bsp_hw_locks.o
                0x000005cc                g_lock_lookup_GPT_0U_1U
 .hw_lock_lookup.GPT_0U_2U
                0x000005d0        0x4 ./synergy/ssp/src/bsp/mcu/s5d9/bsp_hw_locks.o
                0x000005d0                g_lock_lookup_GPT_0U_2U
 .hw_lock_lookup.GPT_0U_3U
                0x000005d4        0x4 ./synergy/ssp/src/bsp/mcu/s5d9/bsp_hw_locks.o
                0x000005d4                g_lock_lookup_GPT_0U_3U
 .hw_lock_lookup.GPT_0U_4U
                0x000005d8        0x4 ./synergy/ssp/src/bsp/mcu/s5d9/bsp_hw_locks.o
                0x000005d8                g_lock_lookup_GPT_0U_4U
 .hw_lock_lookup.GPT_0U_5U
                0x000005dc        0x4 ./synergy/ssp/src/bsp/mcu/s5d9/bsp_hw_locks.o
                0x000005dc                g_lock_lookup_GPT_0U_5U
 .hw_lock_lookup.GPT_0U_6U
                0x000005e0        0x4 ./synergy/ssp/src/bsp/mcu/s5d9/bsp_hw_locks.o
                0x000005e0                g_lock_lookup_GPT_0U_6U
 .hw_lock_lookup.GPT_0U_7U
                0x000005e4        0x4 ./synergy/ssp/src/bsp/mcu/s5d9/bsp_hw_locks.o
                0x000005e4                g_lock_lookup_GPT_0U_7U
 .hw_lock_lookup.GPT_0U_8U
                0x000005e8        0x4 ./synergy/ssp/src/bsp/mcu/s5d9/bsp_hw_locks.o
                0x000005e8                g_lock_lookup_GPT_0U_8U
 .hw_lock_lookup.GPT_0U_9U
                0x000005ec        0x4 ./synergy/ssp/src/bsp/mcu/s5d9/bsp_hw_locks.o
                0x000005ec                g_lock_lookup_GPT_0U_9U
 .hw_lock_lookup.ICU_0U_0U
                0x000005f0        0x4 ./synergy/ssp/src/bsp/mcu/s5d9/bsp_hw_locks.o
                0x000005f0                g_lock_lookup_ICU_0U_0U
 .hw_lock_lookup.ICU_0U_10U
                0x000005f4        0x4 ./synergy/ssp/src/bsp/mcu/s5d9/bsp_hw_locks.o
                0x000005f4                g_lock_lookup_ICU_0U_10U
 .hw_lock_lookup.ICU_0U_11U
                0x000005f8        0x4 ./synergy/ssp/src/bsp/mcu/s5d9/bsp_hw_locks.o
                0x000005f8                g_lock_lookup_ICU_0U_11U
 .hw_lock_lookup.ICU_0U_12U
                0x000005fc        0x4 ./synergy/ssp/src/bsp/mcu/s5d9/bsp_hw_locks.o
                0x000005fc                g_lock_lookup_ICU_0U_12U
 .hw_lock_lookup.ICU_0U_13U
                0x00000600        0x4 ./synergy/ssp/src/bsp/mcu/s5d9/bsp_hw_locks.o
                0x00000600                g_lock_lookup_ICU_0U_13U
 .hw_lock_lookup.ICU_0U_14U
                0x00000604        0x4 ./synergy/ssp/src/bsp/mcu/s5d9/bsp_hw_locks.o
                0x00000604                g_lock_lookup_ICU_0U_14U
 .hw_lock_lookup.ICU_0U_15U
                0x00000608        0x4 ./synergy/ssp/src/bsp/mcu/s5d9/bsp_hw_locks.o
                0x00000608                g_lock_lookup_ICU_0U_15U
 .hw_lock_lookup.ICU_0U_1U
                0x0000060c        0x4 ./synergy/ssp/src/bsp/mcu/s5d9/bsp_hw_locks.o
                0x0000060c                g_lock_lookup_ICU_0U_1U
 .hw_lock_lookup.ICU_0U_2U
                0x00000610        0x4 ./synergy/ssp/src/bsp/mcu/s5d9/bsp_hw_locks.o
                0x00000610                g_lock_lookup_ICU_0U_2U
 .hw_lock_lookup.ICU_0U_3U
                0x00000614        0x4 ./synergy/ssp/src/bsp/mcu/s5d9/bsp_hw_locks.o
                0x00000614                g_lock_lookup_ICU_0U_3U
 .hw_lock_lookup.ICU_0U_4U
                0x00000618        0x4 ./synergy/ssp/src/bsp/mcu/s5d9/bsp_hw_locks.o
                0x00000618                g_lock_lookup_ICU_0U_4U
 .hw_lock_lookup.ICU_0U_5U
                0x0000061c        0x4 ./synergy/ssp/src/bsp/mcu/s5d9/bsp_hw_locks.o
                0x0000061c                g_lock_lookup_ICU_0U_5U
 .hw_lock_lookup.ICU_0U_6U
                0x00000620        0x4 ./synergy/ssp/src/bsp/mcu/s5d9/bsp_hw_locks.o
                0x00000620                g_lock_lookup_ICU_0U_6U
 .hw_lock_lookup.ICU_0U_7U
                0x00000624        0x4 ./synergy/ssp/src/bsp/mcu/s5d9/bsp_hw_locks.o
                0x00000624                g_lock_lookup_ICU_0U_7U
 .hw_lock_lookup.ICU_0U_8U
                0x00000628        0x4 ./synergy/ssp/src/bsp/mcu/s5d9/bsp_hw_locks.o
                0x00000628                g_lock_lookup_ICU_0U_8U
 .hw_lock_lookup.ICU_0U_9U
                0x0000062c        0x4 ./synergy/ssp/src/bsp/mcu/s5d9/bsp_hw_locks.o
                0x0000062c                g_lock_lookup_ICU_0U_9U
 .hw_lock_lookup.IIC_0U_0U
                0x00000630        0x4 ./synergy/ssp/src/bsp/mcu/s5d9/bsp_hw_locks.o
                0x00000630                g_lock_lookup_IIC_0U_0U
 .hw_lock_lookup.IIC_0U_1U
                0x00000634        0x4 ./synergy/ssp/src/bsp/mcu/s5d9/bsp_hw_locks.o
                0x00000634                g_lock_lookup_IIC_0U_1U
 .hw_lock_lookup.IIC_0U_2U
                0x00000638        0x4 ./synergy/ssp/src/bsp/mcu/s5d9/bsp_hw_locks.o
                0x00000638                g_lock_lookup_IIC_0U_2U
 .hw_lock_lookup.IRDA_0U_0U
                0x0000063c        0x4 ./synergy/ssp/src/bsp/mcu/s5d9/bsp_hw_locks.o
                0x0000063c                g_lock_lookup_IRDA_0U_0U
 .hw_lock_lookup.IWDT_0U_0U
                0x00000640        0x4 ./synergy/ssp/src/bsp/mcu/s5d9/bsp_hw_locks.o
                0x00000640                g_lock_lookup_IWDT_0U_0U
 .hw_lock_lookup.JPEG_0U_0U
                0x00000644        0x4 ./synergy/ssp/src/bsp/mcu/s5d9/bsp_hw_locks.o
                0x00000644                g_lock_lookup_JPEG_0U_0U
 .hw_lock_lookup.KEY_0U_0U
                0x00000648        0x4 ./synergy/ssp/src/bsp/mcu/s5d9/bsp_hw_locks.o
                0x00000648                g_lock_lookup_KEY_0U_0U
 .hw_lock_lookup.LPM_1U_0U
                0x0000064c        0x4 ./synergy/ssp/src/bsp/mcu/s5d9/bsp_hw_locks.o
                0x0000064c                g_lock_lookup_LPM_1U_0U
 .hw_lock_lookup.LVD_0U_0U
                0x00000650        0x4 ./synergy/ssp/src/bsp/mcu/s5d9/bsp_hw_locks.o
                0x00000650                g_lock_lookup_LVD_0U_0U
 .hw_lock_lookup.LVD_0U_1U
                0x00000654        0x4 ./synergy/ssp/src/bsp/mcu/s5d9/bsp_hw_locks.o
                0x00000654                g_lock_lookup_LVD_0U_1U
 .hw_lock_lookup.MMF_0U_0U
                0x00000658        0x4 ./synergy/ssp/src/bsp/mcu/s5d9/bsp_hw_locks.o
                0x00000658                g_lock_lookup_MMF_0U_0U
 .hw_lock_lookup.MPU_0U_0U
                0x0000065c        0x4 ./synergy/ssp/src/bsp/mcu/s5d9/bsp_hw_locks.o
                0x0000065c                g_lock_lookup_MPU_0U_0U
 .hw_lock_lookup.OPS_0U_0U
                0x00000660        0x4 ./synergy/ssp/src/bsp/mcu/s5d9/bsp_hw_locks.o
                0x00000660                g_lock_lookup_OPS_0U_0U
 .hw_lock_lookup.PDC_0U_0U
                0x00000664        0x4 ./synergy/ssp/src/bsp/mcu/s5d9/bsp_hw_locks.o
                0x00000664                g_lock_lookup_PDC_0U_0U
 .hw_lock_lookup.POEG_0U_0U
                0x00000668        0x4 ./synergy/ssp/src/bsp/mcu/s5d9/bsp_hw_locks.o
                0x00000668                g_lock_lookup_POEG_0U_0U
 .hw_lock_lookup.POEG_0U_1U
                0x0000066c        0x4 ./synergy/ssp/src/bsp/mcu/s5d9/bsp_hw_locks.o
                0x0000066c                g_lock_lookup_POEG_0U_1U
 .hw_lock_lookup.POEG_0U_2U
                0x00000670        0x4 ./synergy/ssp/src/bsp/mcu/s5d9/bsp_hw_locks.o
                0x00000670                g_lock_lookup_POEG_0U_2U
 .hw_lock_lookup.POEG_0U_3U
                0x00000674        0x4 ./synergy/ssp/src/bsp/mcu/s5d9/bsp_hw_locks.o
                0x00000674                g_lock_lookup_POEG_0U_3U
 .hw_lock_lookup.QSPI_0U_0U
                0x00000678        0x4 ./synergy/ssp/src/bsp/mcu/s5d9/bsp_hw_locks.o
                0x00000678                g_lock_lookup_QSPI_0U_0U
 .hw_lock_lookup.RTC_0U_0U
                0x0000067c        0x4 ./synergy/ssp/src/bsp/mcu/s5d9/bsp_hw_locks.o
                0x0000067c                g_lock_lookup_RTC_0U_0U
 .hw_lock_lookup.SCE_0U_0U
                0x00000680        0x4 ./synergy/ssp/src/bsp/mcu/s5d9/bsp_hw_locks.o
                0x00000680                g_lock_lookup_SCE_0U_0U
 .hw_lock_lookup.SCI_0U_0U
                0x00000684        0x4 ./synergy/ssp/src/bsp/mcu/s5d9/bsp_hw_locks.o
                0x00000684                g_lock_lookup_SCI_0U_0U
 .hw_lock_lookup.SCI_0U_1U
                0x00000688        0x4 ./synergy/ssp/src/bsp/mcu/s5d9/bsp_hw_locks.o
                0x00000688                g_lock_lookup_SCI_0U_1U
 .hw_lock_lookup.SCI_0U_2U
                0x0000068c        0x4 ./synergy/ssp/src/bsp/mcu/s5d9/bsp_hw_locks.o
                0x0000068c                g_lock_lookup_SCI_0U_2U
 .hw_lock_lookup.SCI_0U_3U
                0x00000690        0x4 ./synergy/ssp/src/bsp/mcu/s5d9/bsp_hw_locks.o
                0x00000690                g_lock_lookup_SCI_0U_3U
 .hw_lock_lookup.SCI_0U_4U
                0x00000694        0x4 ./synergy/ssp/src/bsp/mcu/s5d9/bsp_hw_locks.o
                0x00000694                g_lock_lookup_SCI_0U_4U
 .hw_lock_lookup.SCI_0U_5U
                0x00000698        0x4 ./synergy/ssp/src/bsp/mcu/s5d9/bsp_hw_locks.o
                0x00000698                g_lock_lookup_SCI_0U_5U
 .hw_lock_lookup.SCI_0U_6U
                0x0000069c        0x4 ./synergy/ssp/src/bsp/mcu/s5d9/bsp_hw_locks.o
                0x0000069c                g_lock_lookup_SCI_0U_6U
 .hw_lock_lookup.SCI_0U_7U
                0x000006a0        0x4 ./synergy/ssp/src/bsp/mcu/s5d9/bsp_hw_locks.o
                0x000006a0                g_lock_lookup_SCI_0U_7U
 .hw_lock_lookup.SCI_0U_8U
                0x000006a4        0x4 ./synergy/ssp/src/bsp/mcu/s5d9/bsp_hw_locks.o
                0x000006a4                g_lock_lookup_SCI_0U_8U
 .hw_lock_lookup.SCI_0U_9U
                0x000006a8        0x4 ./synergy/ssp/src/bsp/mcu/s5d9/bsp_hw_locks.o
                0x000006a8                g_lock_lookup_SCI_0U_9U
 .hw_lock_lookup.SDHIMMC_0U_0U
                0x000006ac        0x4 ./synergy/ssp/src/bsp/mcu/s5d9/bsp_hw_locks.o
                0x000006ac                g_lock_lookup_SDHIMMC_0U_0U
 .hw_lock_lookup.SDHIMMC_0U_1U
                0x000006b0        0x4 ./synergy/ssp/src/bsp/mcu/s5d9/bsp_hw_locks.o
                0x000006b0                g_lock_lookup_SDHIMMC_0U_1U
 .hw_lock_lookup.SPI_0U_0U
                0x000006b4        0x4 ./synergy/ssp/src/bsp/mcu/s5d9/bsp_hw_locks.o
                0x000006b4                g_lock_lookup_SPI_0U_0U
 .hw_lock_lookup.SPI_0U_1U
                0x000006b8        0x4 ./synergy/ssp/src/bsp/mcu/s5d9/bsp_hw_locks.o
                0x000006b8                g_lock_lookup_SPI_0U_1U
 .hw_lock_lookup.SRC_0U_0U
                0x000006bc        0x4 ./synergy/ssp/src/bsp/mcu/s5d9/bsp_hw_locks.o
                0x000006bc                g_lock_lookup_SRC_0U_0U
 .hw_lock_lookup.SSI_0U_0U
                0x000006c0        0x4 ./synergy/ssp/src/bsp/mcu/s5d9/bsp_hw_locks.o
                0x000006c0                g_lock_lookup_SSI_0U_0U
 .hw_lock_lookup.SSI_0U_1U
                0x000006c4        0x4 ./synergy/ssp/src/bsp/mcu/s5d9/bsp_hw_locks.o
                0x000006c4                g_lock_lookup_SSI_0U_1U
 .hw_lock_lookup.TSN_0U_0U
                0x000006c8        0x4 ./synergy/ssp/src/bsp/mcu/s5d9/bsp_hw_locks.o
                0x000006c8                g_lock_lookup_TSN_0U_0U
 .hw_lock_lookup.USB_0U_0U
                0x000006cc        0x4 ./synergy/ssp/src/bsp/mcu/s5d9/bsp_hw_locks.o
                0x000006cc                g_lock_lookup_USB_0U_0U
 .hw_lock_lookup.USB_1U_0U
                0x000006d0        0x4 ./synergy/ssp/src/bsp/mcu/s5d9/bsp_hw_locks.o
                0x000006d0                g_lock_lookup_USB_1U_0U
 .hw_lock_lookup.WDT_0U_0U
                0x000006d4        0x4 ./synergy/ssp/src/bsp/mcu/s5d9/bsp_hw_locks.o
                0x000006d4                g_lock_lookup_WDT_0U_0U
                0x000006d8                __Lock_Lookup_End = .
 *(.text*)
 .text          0x000006d8       0x40 c:/renesas/synergy/e2studio_v7.5.1_ssp_v1.7.5/toolchains/gcc_arm/7.2.1_2017q4/bin/../lib/gcc/arm-none-eabi/7.2.1/thumb/v7e-m/fpv4-sp/hard/crtbegin.o
 .text.r_sci_uart_rs485_de_pin_cfg
                0x00000718       0x38 ./synergy/ssp/src/driver/r_sci_uart/r_sci_uart.o
 .text.r_sci_uart_write_no_transfer
                0x00000750       0x50 ./synergy/ssp/src/driver/r_sci_uart/r_sci_uart.o
                0x00000750                r_sci_uart_write_no_transfer
 .text.r_sci_uart_read_data
                0x000007a0       0x30 ./synergy/ssp/src/driver/r_sci_uart/r_sci_uart.o
                0x000007a0                r_sci_uart_read_data
 .text.r_sci_uart_rxi_read_no_transfer_eventset
                0x000007d0       0x74 ./synergy/ssp/src/driver/r_sci_uart/r_sci_uart.o
                0x000007d0                r_sci_uart_rxi_read_no_transfer_eventset
 .text.r_sci_uart_rxi_read_no_transfer
                0x00000844       0x74 ./synergy/ssp/src/driver/r_sci_uart/r_sci_uart.o
                0x00000844                r_sci_uart_rxi_read_no_transfer
 .text.sci_uart_txi_isr
                0x000008b8      0x12c ./synergy/ssp/src/driver/r_sci_uart/r_sci_uart.o
                0x000008b8                sci_uart_txi_isr
 .text.sci_uart_rxi_isr
                0x000009e4       0x74 ./synergy/ssp/src/driver/r_sci_uart/r_sci_uart.o
                0x000009e4                sci_uart_rxi_isr
 .text.sci_uart_tei_isr
                0x00000a58       0x98 ./synergy/ssp/src/driver/r_sci_uart/r_sci_uart.o
                0x00000a58                sci_uart_tei_isr
 .text.R_IOPORT_PinRead
                0x00000af0       0x4c ./synergy/ssp/src/driver/r_ioport/r_ioport.o
                0x00000af0                R_IOPORT_PinRead
 .text.R_IOPORT_PortRead
                0x00000b3c       0x28 ./synergy/ssp/src/driver/r_ioport/r_ioport.o
                0x00000b3c                R_IOPORT_PortRead
 .text.R_IOPORT_PortEventInputRead
                0x00000b64       0x28 ./synergy/ssp/src/driver/r_ioport/r_ioport.o
                0x00000b64                R_IOPORT_PortEventInputRead
 .text.R_IOPORT_PinEventInputRead
                0x00000b8c       0x54 ./synergy/ssp/src/driver/r_ioport/r_ioport.o
                0x00000b8c                R_IOPORT_PinEventInputRead
 .text.R_IOPORT_PortEventOutputWrite
                0x00000be0       0x38 ./synergy/ssp/src/driver/r_ioport/r_ioport.o
                0x00000be0                R_IOPORT_PortEventOutputWrite
 .text.R_IOPORT_PinEventOutputWrite
                0x00000c18       0x58 ./synergy/ssp/src/driver/r_ioport/r_ioport.o
                0x00000c18                R_IOPORT_PinEventOutputWrite
 .text.R_IOPORT_VersionGet
                0x00000c70       0x14 ./synergy/ssp/src/driver/r_ioport/r_ioport.o
                0x00000c70                R_IOPORT_VersionGet
 .text.R_IOPORT_PinWrite
                0x00000c84       0x54 ./synergy/ssp/src/driver/r_ioport/r_ioport.o
                0x00000c84                R_IOPORT_PinWrite
 .text.R_IOPORT_PinDirectionSet
                0x00000cd8       0xd0 ./synergy/ssp/src/driver/r_ioport/r_ioport.o
                0x00000cd8                R_IOPORT_PinDirectionSet
 .text.R_IOPORT_PortWrite
                0x00000da8       0x38 ./synergy/ssp/src/driver/r_ioport/r_ioport.o
                0x00000da8                R_IOPORT_PortWrite
 .text.R_IOPORT_PortDirectionSet
                0x00000de0       0x40 ./synergy/ssp/src/driver/r_ioport/r_ioport.o
                0x00000de0                R_IOPORT_PortDirectionSet
 .text.bsp_vbatt_init.isra.4
                0x00000e20       0x8c ./synergy/ssp/src/driver/r_ioport/r_ioport.o
 .text.R_IOPORT_EthernetModeCfg
                0x00000eac       0x54 ./synergy/ssp/src/driver/r_ioport/r_ioport.o
                0x00000eac                R_IOPORT_EthernetModeCfg
 .text.R_IOPORT_PinsCfg.part.5
                0x00000f00       0xc0 ./synergy/ssp/src/driver/r_ioport/r_ioport.o
 .text.R_IOPORT_PinsCfg
                0x00000fc0       0x10 ./synergy/ssp/src/driver/r_ioport/r_ioport.o
                0x00000fc0                R_IOPORT_PinsCfg
 .text.R_IOPORT_Init
                0x00000fd0       0x88 ./synergy/ssp/src/driver/r_ioport/r_ioport.o
                0x00000fd0                R_IOPORT_Init
 .text.R_IOPORT_PinCfg
                0x00001058       0xcc ./synergy/ssp/src/driver/r_ioport/r_ioport.o
                0x00001058                R_IOPORT_PinCfg
 .text.gpt_counter_overflow_isr
                0x00001124       0x7c ./synergy/ssp/src/driver/r_gpt/r_gpt.o
                0x00001124                gpt_counter_overflow_isr
 .text.R_FMI_ProductInfoGet
                0x000011a0       0x30 ./synergy/ssp/src/driver/r_fmi/r_fmi.o
 .text.R_FMI_VersionGet
                0x000011d0       0x14 ./synergy/ssp/src/driver/r_fmi/r_fmi.o
 .text.R_FMI_Init
                0x000011e4       0x6c ./synergy/ssp/src/driver/r_fmi/r_fmi.o
 .text.R_FMI_UniqueIdGet
                0x00001250       0x40 ./synergy/ssp/src/driver/r_fmi/r_fmi.o
 .text.R_FMI_EventInfoGet
                0x00001290       0x84 ./synergy/ssp/src/driver/r_fmi/r_fmi.o
 .text.R_FMI_FeatureGet
                0x00001314      0x244 ./synergy/ssp/src/driver/r_fmi/r_fmi.o
 .text.R_ELC_LinkSet
                0x00001558       0x14 ./synergy/ssp/src/driver/r_elc/r_elc.o
                0x00001558                R_ELC_LinkSet
 .text.R_ELC_LinkBreak
                0x0000156c       0x14 ./synergy/ssp/src/driver/r_elc/r_elc.o
                0x0000156c                R_ELC_LinkBreak
 .text.R_ELC_Enable
                0x00001580       0x14 ./synergy/ssp/src/driver/r_elc/r_elc.o
                0x00001580                R_ELC_Enable
 .text.R_ELC_Disable
                0x00001594       0x14 ./synergy/ssp/src/driver/r_elc/r_elc.o
                0x00001594                R_ELC_Disable
 .text.R_ELC_VersionGet
                0x000015a8       0x14 ./synergy/ssp/src/driver/r_elc/r_elc.o
                0x000015a8                R_ELC_VersionGet
 .text.R_ELC_SoftwareEventGenerate
                0x000015bc       0x30 ./synergy/ssp/src/driver/r_elc/r_elc.o
                0x000015bc                R_ELC_SoftwareEventGenerate
 .text.R_ELC_Init
                0x000015ec       0x7c ./synergy/ssp/src/driver/r_elc/r_elc.o
                0x000015ec                R_ELC_Init
 .text.R_CGC_LCDClockCfg
                0x00001668        0x4 ./synergy/ssp/src/driver/r_cgc/r_cgc.o
                0x00001668                R_CGC_LCDClockCfg
 .text.R_CGC_LCDClockEnable
                0x0000166c        0x4 ./synergy/ssp/src/driver/r_cgc/r_cgc.o
                0x0000166c                R_CGC_LCDClockEnable
 .text.R_CGC_VersionGet
                0x00001670       0x14 ./synergy/ssp/src/driver/r_cgc/r_cgc.o
                0x00001670                R_CGC_VersionGet
 .text.r_cgc_init_pllfreq
                0x00001684       0xd8 ./synergy/ssp/src/driver/r_cgc/r_cgc.o
 .text.R_CGC_SystemClockFreqGet
                0x0000175c       0xb4 ./synergy/ssp/src/driver/r_cgc/r_cgc.o
                0x0000175c                R_CGC_SystemClockFreqGet
 .text.r_cgc_system_dividers_set
                0x00001810       0x44 ./synergy/ssp/src/driver/r_cgc/r_cgc.o
 .text.R_CGC_OscStopStatusClear
                0x00001854       0x64 ./synergy/ssp/src/driver/r_cgc/r_cgc.o
                0x00001854                R_CGC_OscStopStatusClear
 .text.R_CGC_BusClockOutCfg
                0x000018b8       0x28 ./synergy/ssp/src/driver/r_cgc/r_cgc.o
                0x000018b8                R_CGC_BusClockOutCfg
 .text.R_CGC_BusClockOutEnable
                0x000018e0       0x28 ./synergy/ssp/src/driver/r_cgc/r_cgc.o
                0x000018e0                R_CGC_BusClockOutEnable
 .text.R_CGC_BusClockOutDisable
                0x00001908       0x28 ./synergy/ssp/src/driver/r_cgc/r_cgc.o
                0x00001908                R_CGC_BusClockOutDisable
 .text.R_CGC_ClockOutEnable
                0x00001930       0x28 ./synergy/ssp/src/driver/r_cgc/r_cgc.o
                0x00001930                R_CGC_ClockOutEnable
 .text.R_CGC_ClockOutDisable
                0x00001958       0x28 ./synergy/ssp/src/driver/r_cgc/r_cgc.o
                0x00001958                R_CGC_ClockOutDisable
 .text.R_CGC_SDRAMClockOutEnable
                0x00001980       0x28 ./synergy/ssp/src/driver/r_cgc/r_cgc.o
                0x00001980                R_CGC_SDRAMClockOutEnable
 .text.R_CGC_SDRAMClockOutDisable
                0x000019a8       0x28 ./synergy/ssp/src/driver/r_cgc/r_cgc.o
                0x000019a8                R_CGC_SDRAMClockOutDisable
 .text.R_CGC_USBClockCfg
                0x000019d0       0x28 ./synergy/ssp/src/driver/r_cgc/r_cgc.o
                0x000019d0                R_CGC_USBClockCfg
 .text.r_cgc_check_dividers
                0x000019f8       0x34 ./synergy/ssp/src/driver/r_cgc/r_cgc.o
 .text.R_CGC_SystickUpdate.part.6
                0x00001a2c       0x84 ./synergy/ssp/src/driver/r_cgc/r_cgc.o
 .text.R_CGC_SystickUpdate
                0x00001ab0        0xc ./synergy/ssp/src/driver/r_cgc/r_cgc.o
                0x00001ab0                R_CGC_SystickUpdate
 .text.R_CGC_ClockOutCfg
                0x00001abc       0x5c ./synergy/ssp/src/driver/r_cgc/r_cgc.o
                0x00001abc                R_CGC_ClockOutCfg
 .text.R_CGC_OscStopDetect
                0x00001b18      0x118 ./synergy/ssp/src/driver/r_cgc/r_cgc.o
                0x00001b18                R_CGC_OscStopDetect
 .text.r_cgc_subclock_drive_set.constprop.16
                0x00001c30       0x34 ./synergy/ssp/src/driver/r_cgc/r_cgc.o
 .text.R_CGC_SDADCClockCfg
                0x00001c64        0x4 ./synergy/ssp/src/driver/r_cgc/r_cgc.o
                0x00001c64                R_CGC_SDADCClockCfg
 .text.R_CGC_LCDClockDisable
                0x00001c68        0x4 ./synergy/ssp/src/driver/r_cgc/r_cgc.o
                0x00001c68                R_CGC_LCDClockDisable
 .text.R_CGC_SDADCClockEnable
                0x00001c6c        0x4 ./synergy/ssp/src/driver/r_cgc/r_cgc.o
                0x00001c6c                R_CGC_SDADCClockEnable
 .text.R_CGC_SDADCClockDisable
                0x00001c70        0x4 ./synergy/ssp/src/driver/r_cgc/r_cgc.o
                0x00001c70                R_CGC_SDADCClockDisable
 .text.R_CGC_SystemClockGet
                0x00001c74       0x58 ./synergy/ssp/src/driver/r_cgc/r_cgc.o
                0x00001c74                R_CGC_SystemClockGet
 .text.r_cgc_clock_run_state_get
                0x00001ccc       0x68 ./synergy/ssp/src/driver/r_cgc/r_cgc.o
                0x00001ccc                r_cgc_clock_run_state_get
 .text.r_cgc_wait_to_complete
                0x00001d34       0x44 ./synergy/ssp/src/driver/r_cgc/r_cgc.o
 .text.R_CGC_Init
                0x00001d78       0xe0 ./synergy/ssp/src/driver/r_cgc/r_cgc.o
                0x00001d78                R_CGC_Init
 .text.R_CGC_ClockStop
                0x00001e58      0x154 ./synergy/ssp/src/driver/r_cgc/r_cgc.o
                0x00001e58                R_CGC_ClockStop
 .text.R_CGC_ClockCheck
                0x00001fac       0x8c ./synergy/ssp/src/driver/r_cgc/r_cgc.o
                0x00001fac                R_CGC_ClockCheck
 .text.r_cgc_stabilization_wait
                0x00002038       0x30 ./synergy/ssp/src/driver/r_cgc/r_cgc.o
 .text.r_cgc_operating_hw_modeset
                0x00002068       0xfc ./synergy/ssp/src/driver/r_cgc/r_cgc.o
                0x00002068                r_cgc_operating_hw_modeset
 .text.r_cgc_operating_mode_set
                0x00002164       0x50 ./synergy/ssp/src/driver/r_cgc/r_cgc.o
 .text.R_CGC_ClockStart
                0x000021b4      0x358 ./synergy/ssp/src/driver/r_cgc/r_cgc.o
                0x000021b4                R_CGC_ClockStart
 .text.r_cgc_clock_start_stop
                0x0000250c       0x54 ./synergy/ssp/src/driver/r_cgc/r_cgc.o
 .text.R_CGC_SystemClockSet
                0x00002560      0x1b8 ./synergy/ssp/src/driver/r_cgc/r_cgc.o
                0x00002560                R_CGC_SystemClockSet
 .text.R_CGC_ClocksCfg
                0x00002718      0x14c ./synergy/ssp/src/driver/r_cgc/r_cgc.o
                0x00002718                R_CGC_ClocksCfg
 .text.R_ADC_VersionGet
                0x00002864       0x14 ./synergy/ssp/src/driver/r_adc/r_adc.o
                0x00002864                R_ADC_VersionGet
 .text.R_ADC_OffsetSet
                0x00002878        0x4 ./synergy/ssp/src/driver/r_adc/r_adc.o
                0x00002878                R_ADC_OffsetSet
 .text.R_ADC_ScanStart
                0x0000287c       0x44 ./synergy/ssp/src/driver/r_adc/r_adc.o
                0x0000287c                R_ADC_ScanStart
 .text.R_ADC_ScanStop
                0x000028c0       0x34 ./synergy/ssp/src/driver/r_adc/r_adc.o
                0x000028c0                R_ADC_ScanStop
 .text.R_ADC_CheckScanDone
                0x000028f4       0x28 ./synergy/ssp/src/driver/r_adc/r_adc.o
                0x000028f4                R_ADC_CheckScanDone
 .text.R_ADC_Read
                0x0000291c       0x68 ./synergy/ssp/src/driver/r_adc/r_adc.o
                0x0000291c                R_ADC_Read
 .text.R_ADC_Read32
                0x00002984       0x38 ./synergy/ssp/src/driver/r_adc/r_adc.o
                0x00002984                R_ADC_Read32
 .text.R_ADC_SetSampleStateCount
                0x000029bc       0x78 ./synergy/ssp/src/driver/r_adc/r_adc.o
                0x000029bc                R_ADC_SetSampleStateCount
 .text.R_ADC_InfoGet
                0x00002a34       0xe4 ./synergy/ssp/src/driver/r_adc/r_adc.o
                0x00002a34                R_ADC_InfoGet
 .text.R_ADC_Calibrate
                0x00002b18       0x48 ./synergy/ssp/src/driver/r_adc/r_adc.o
                0x00002b18                R_ADC_Calibrate
 .text.r_adc_close_sub
                0x00002b60       0x68 ./synergy/ssp/src/driver/r_adc/r_adc.o
 .text.r_adc_open_configure_pga_settings.part.31
                0x00002bc8      0x1f0 ./synergy/ssp/src/driver/r_adc/r_adc.o
 .text.R_ADC_Close
                0x00002db8      0x104 ./synergy/ssp/src/driver/r_adc/r_adc.o
                0x00002db8                R_ADC_Close
 .text.R_ADC_Open
                0x00002ebc      0x4c8 ./synergy/ssp/src/driver/r_adc/r_adc.o
                0x00002ebc                R_ADC_Open
 .text.R_ADC_ScanConfigure
                0x00003384      0x434 ./synergy/ssp/src/driver/r_adc/r_adc.o
                0x00003384                R_ADC_ScanConfigure
 .text.adc_scan_end_isr
                0x000037b8       0x58 ./synergy/ssp/src/driver/r_adc/r_adc.o
                0x000037b8                adc_scan_end_isr
 .text.R_BSP_CacheOff
                0x00003810       0x28 ./synergy/ssp/src/bsp/mcu/s5d9/bsp_cache.o
                0x00003810                R_BSP_CacheOff
 .text.R_BSP_CacheSet
                0x00003838       0x48 ./synergy/ssp/src/bsp/mcu/s5d9/bsp_cache.o
                0x00003838                R_BSP_CacheSet
 .text.bsp_clock_init
                0x00003880       0xac ./synergy/ssp/src/bsp/mcu/s5d9/bsp_clocks.o
                0x00003880                bsp_clock_init
 .text.bsp_cpu_clock_get
                0x0000392c       0x20 ./synergy/ssp/src/bsp/mcu/s5d9/bsp_clocks.o
                0x0000392c                bsp_cpu_clock_get
 .text.bsp_clock_set_callback
                0x0000394c       0xdc ./synergy/ssp/src/bsp/mcu/s5d9/bsp_clocks.o
                0x0000394c                bsp_clock_set_callback
 .text.R_BSP_FeatureAdcGet
                0x00003a28       0x34 ./synergy/ssp/src/bsp/mcu/s5d9/bsp_feature.o
                0x00003a28                R_BSP_FeatureAdcGet
 .text.R_BSP_FeatureIoportGet
                0x00003a5c        0xc ./synergy/ssp/src/bsp/mcu/s5d9/bsp_feature.o
                0x00003a5c                R_BSP_FeatureIoportGet
 .text.R_BSP_FeatureCgcGet
                0x00003a68        0xc ./synergy/ssp/src/bsp/mcu/s5d9/bsp_feature.o
                0x00003a68                R_BSP_FeatureCgcGet
 .text.bsp_group_interrupt_open
                0x00003a74       0x18 ./synergy/ssp/src/bsp/mcu/s5d9/bsp_group_irq.o
                0x00003a74                bsp_group_interrupt_open
 .text.R_BSP_GroupIrqWrite
                0x00003a8c       0x10 ./synergy/ssp/src/bsp/mcu/s5d9/bsp_group_irq.o
                0x00003a8c                R_BSP_GroupIrqWrite
 .text.NMI_Handler
                0x00003a9c      0x1c8 ./synergy/ssp/src/bsp/mcu/s5d9/bsp_group_irq.o
                0x00003a9c                NMI_Handler
 .text.r_bsp_get_mstp_mask
                0x00003c64       0x4c ./synergy/ssp/src/bsp/mcu/s5d9/bsp_module_stop.o
 .text.r_bsp_module_start_stop
                0x00003cb0       0x6c ./synergy/ssp/src/bsp/mcu/s5d9/bsp_module_stop.o
 .text.R_BSP_ModuleStop
                0x00003d1c        0x8 ./synergy/ssp/src/bsp/mcu/s5d9/bsp_module_stop.o
                0x00003d1c                R_BSP_ModuleStop
 .text.R_BSP_ModuleStart
                0x00003d24        0x8 ./synergy/ssp/src/bsp/mcu/s5d9/bsp_module_stop.o
                0x00003d24                R_BSP_ModuleStart
 .text.R_BSP_LedsGet
                0x00003d2c       0x20 ./synergy/ssp/src/bsp/mcu/all/bsp_common_leds.o
                0x00003d2c                R_BSP_LedsGet
 .text.software_delay_loop
                0x00003d4c        0xc ./synergy/ssp/src/bsp/mcu/all/bsp_delay.o
 .text.R_BSP_SoftwareDelay
                0x00003d58       0x60 ./synergy/ssp/src/bsp/mcu/all/bsp_delay.o
                0x00003d58                R_BSP_SoftwareDelay
 .text.R_BSP_IrqStatusClear
                0x00003db8       0x18 ./synergy/ssp/src/bsp/mcu/all/bsp_irq.o
                0x00003db8                R_BSP_IrqStatusClear
 .text.bsp_irq_cfg
                0x00003dd0       0x40 ./synergy/ssp/src/bsp/mcu/all/bsp_irq.o
                0x00003dd0                bsp_irq_cfg
 .text.R_BSP_HardwareLock
                0x00003e10       0x68 ./synergy/ssp/src/bsp/mcu/all/bsp_locking.o
                0x00003e10                R_BSP_HardwareLock
 .text.R_BSP_HardwareUnlock
                0x00003e78       0x4c ./synergy/ssp/src/bsp/mcu/all/bsp_locking.o
                0x00003e78                R_BSP_HardwareUnlock
 .text.bsp_init_hardware_locks
                0x00003ec4       0x68 ./synergy/ssp/src/bsp/mcu/all/bsp_locking.o
                0x00003ec4                bsp_init_hardware_locks
 .text.R_BSP_RegisterProtectEnable
                0x00003f2c       0x60 ./synergy/ssp/src/bsp/mcu/all/bsp_register_protection.o
                0x00003f2c                R_BSP_RegisterProtectEnable
 .text.R_BSP_RegisterProtectDisable
                0x00003f8c       0x4c ./synergy/ssp/src/bsp/mcu/all/bsp_register_protection.o
                0x00003f8c                R_BSP_RegisterProtectDisable
 .text.bsp_register_protect_open
                0x00003fd8       0x10 ./synergy/ssp/src/bsp/mcu/all/bsp_register_protection.o
                0x00003fd8                bsp_register_protect_open
 .text._sbrk    0x00003fe8       0x40 ./synergy/ssp/src/bsp/mcu/all/bsp_sbrk.o
                0x00003fe8                _sbrk
 .text.Default_Handler
                0x00004028        0x4 ./synergy/ssp/src/bsp/cmsis/Device/RENESAS/S5D9/Source/startup_S5D9.o
                0x00004028                HardFault_Handler
                0x00004028                UsageFault_Handler
                0x00004028                Default_Handler
                0x00004028                MemManage_Handler
                0x00004028                SVC_Handler
                0x00004028                BusFault_Handler
                0x00004028                DebugMon_Handler
 .text.Reset_Handler
                0x0000402c        0xc ./synergy/ssp/src/bsp/cmsis/Device/RENESAS/S5D9/Source/startup_S5D9.o
                0x0000402c                Reset_Handler
 .text.R_BSP_WarmStart
                0x00004038        0x4 ./synergy/ssp/src/bsp/cmsis/Device/RENESAS/S5D9/Source/system_S5D9.o
                0x00004038                R_BSP_WarmStart
 *fill*         0x0000403c        0x4 ff
 .text.SystemInit
                0x00004040      0x160 ./synergy/ssp/src/bsp/cmsis/Device/RENESAS/S5D9/Source/system_S5D9.o
                0x00004040                SystemInit
 .text.bsp_init
                0x000041a0        0x4 ./synergy/board/s5d9_pk/bsp_init.o
                0x000041a0                bsp_init
 .text.bsp_qspi_xip_mode
                0x000041a4       0x80 ./synergy/board/s5d9_pk/bsp_qspi.o
 .text.bsp_qspi_init
                0x00004224      0x138 ./synergy/board/s5d9_pk/bsp_qspi.o
                0x00004224                bsp_qspi_init
 .text.g_common_init
                0x0000435c        0x4 ./src/synergy_gen/common_data.o
                0x0000435c                g_common_init
 .text.g_hal_init
                0x00004360        0x4 ./src/synergy_gen/hal_data.o
                0x00004360                g_hal_init
 .text.tx_application_define_internal
                0x00004364        0x4 ./src/synergy_gen/main.o
                0x00004364                tx_application_define_user
                0x00004364                tx_application_define_internal
 .text.tx_startup_err_callback_internal
                0x00004368        0x4 ./src/synergy_gen/main.o
                0x00004368                tx_startup_err_callback_internal
                0x00004368                tx_startup_err_callback
 .text.tx_application_define
                0x0000436c       0x40 ./src/synergy_gen/main.o
                0x0000436c                tx_application_define
 .text.tx_startup_common_init
                0x000043ac       0x64 ./src/synergy_gen/main.o
                0x000043ac                tx_startup_common_init
 .text.startup.main
                0x00004410        0xc ./src/synergy_gen/main.o
                0x00004410                main
 .text.thread0_func
                0x0000441c       0x10 ./src/synergy_gen/thread0.o
 .text.thread0_create
                0x0000442c       0xd4 ./src/synergy_gen/thread0.o
                0x0000442c                thread0_create
 .text.thread0_entry
                0x00004500      0x120 ./src/thread0_entry.o
                0x00004500                thread0_entry
 .text._txe_queue_create
                0x00004620       0xd0 C:\Users\kirti\PK_S5D9\verify\synergy\ssp\src\framework\el\tx\cm4_gcc\libtx.a(txe_queue_create.o)
                0x00004620                _txe_queue_create
 .text._txe_semaphore_create
                0x000046f0       0xa4 C:\Users\kirti\PK_S5D9\verify\synergy\ssp\src\framework\el\tx\cm4_gcc\libtx.a(txe_semaphore_create.o)
                0x000046f0                _txe_semaphore_create
 .text._txe_semaphore_get
                0x00004794       0x2c C:\Users\kirti\PK_S5D9\verify\synergy\ssp\src\framework\el\tx\cm4_gcc\libtx.a(txe_semaphore_get.o)
                0x00004794                _txe_semaphore_get
 .text._txe_semaphore_put
                0x000047c0       0x18 C:\Users\kirti\PK_S5D9\verify\synergy\ssp\src\framework\el\tx\cm4_gcc\libtx.a(txe_semaphore_put.o)
                0x000047c0                _txe_semaphore_put
 .text._txe_thread_create
                0x000047d8      0x150 C:\Users\kirti\PK_S5D9\verify\synergy\ssp\src\framework\el\tx\cm4_gcc\libtx.a(txe_thread_create.o)
                0x000047d8                _txe_thread_create
 .text._tx_initialize_high_level
                0x00004928       0x70 C:\Users\kirti\PK_S5D9\verify\synergy\ssp\src\framework\el\tx\cm4_gcc\libtx.a(tx_initialize_high_level.o)
                0x00004928                _tx_initialize_high_level
 .text._tx_initialize_kernel_enter
                0x00004998       0x48 C:\Users\kirti\PK_S5D9\verify\synergy\ssp\src\framework\el\tx\cm4_gcc\libtx.a(tx_initialize_kernel_enter.o)
                0x00004998                _tx_initialize_kernel_enter
 .text.tx_isr_end
                0x000049e0        0x4 C:\Users\kirti\PK_S5D9\verify\synergy\ssp\src\framework\el\tx\cm4_gcc\libtx.a(tx_isr_end.o)
                0x000049e0                tx_isr_end
 .text.tx_isr_start
                0x000049e4        0x4 C:\Users\kirti\PK_S5D9\verify\synergy\ssp\src\framework\el\tx\cm4_gcc\libtx.a(tx_isr_start.o)
                0x000049e4                tx_isr_start
 .text._tx_queue_create
                0x000049e8       0x70 C:\Users\kirti\PK_S5D9\verify\synergy\ssp\src\framework\el\tx\cm4_gcc\libtx.a(tx_queue_create.o)
                0x000049e8                _tx_queue_create
 .text._tx_semaphore_create
                0x00004a58       0x54 C:\Users\kirti\PK_S5D9\verify\synergy\ssp\src\framework\el\tx\cm4_gcc\libtx.a(tx_semaphore_create.o)
                0x00004a58                _tx_semaphore_create
 .text._tx_semaphore_get
                0x00004aac       0x84 C:\Users\kirti\PK_S5D9\verify\synergy\ssp\src\framework\el\tx\cm4_gcc\libtx.a(tx_semaphore_get.o)
                0x00004aac                _tx_semaphore_get
 .text._tx_semaphore_put
                0x00004b30       0x54 C:\Users\kirti\PK_S5D9\verify\synergy\ssp\src\framework\el\tx\cm4_gcc\libtx.a(tx_semaphore_put.o)
                0x00004b30                _tx_semaphore_put
 .text._tx_thread_create
                0x00004b84      0x138 C:\Users\kirti\PK_S5D9\verify\synergy\ssp\src\framework\el\tx\cm4_gcc\libtx.a(tx_thread_create.o)
                0x00004b84                _tx_thread_create
 .text._tx_thread_initialize
                0x00004cbc       0x64 C:\Users\kirti\PK_S5D9\verify\synergy\ssp\src\framework\el\tx\cm4_gcc\libtx.a(tx_thread_initialize.o)
                0x00004cbc                _tx_thread_initialize
 .text._tx_thread_shell_entry
                0x00004d20       0x48 C:\Users\kirti\PK_S5D9\verify\synergy\ssp\src\framework\el\tx\cm4_gcc\libtx.a(tx_thread_shell_entry.o)
                0x00004d20                _tx_thread_shell_entry
 .text._tx_thread_sleep
                0x00004d68       0x60 C:\Users\kirti\PK_S5D9\verify\synergy\ssp\src\framework\el\tx\cm4_gcc\libtx.a(tx_thread_sleep.o)
                0x00004d68                _tx_thread_sleep
 .text._tx_thread_system_preempt_check
                0x00004dc8       0x3c C:\Users\kirti\PK_S5D9\verify\synergy\ssp\src\framework\el\tx\cm4_gcc\libtx.a(tx_thread_system_preempt_check.o)
                0x00004dc8                _tx_thread_system_preempt_check
 .text._tx_thread_system_resume
                0x00004e04       0xec C:\Users\kirti\PK_S5D9\verify\synergy\ssp\src\framework\el\tx\cm4_gcc\libtx.a(tx_thread_system_resume.o)
                0x00004e04                _tx_thread_system_resume
 .text._tx_thread_system_suspend
                0x00004ef0      0x104 C:\Users\kirti\PK_S5D9\verify\synergy\ssp\src\framework\el\tx\cm4_gcc\libtx.a(tx_thread_system_suspend.o)
                0x00004ef0                _tx_thread_system_suspend
 .text._tx_thread_timeout
                0x00004ff4       0x40 C:\Users\kirti\PK_S5D9\verify\synergy\ssp\src\framework\el\tx\cm4_gcc\libtx.a(tx_thread_timeout.o)
                0x00004ff4                _tx_thread_timeout
 .text._tx_timer_initialize
                0x00005034       0x74 C:\Users\kirti\PK_S5D9\verify\synergy\ssp\src\framework\el\tx\cm4_gcc\libtx.a(tx_timer_initialize.o)
                0x00005034                _tx_timer_initialize
 .text._tx_timer_system_activate
                0x000050a8       0x54 C:\Users\kirti\PK_S5D9\verify\synergy\ssp\src\framework\el\tx\cm4_gcc\libtx.a(tx_timer_system_activate.o)
                0x000050a8                _tx_timer_system_activate
 .text._tx_timer_system_deactivate
                0x000050fc       0x2c C:\Users\kirti\PK_S5D9\verify\synergy\ssp\src\framework\el\tx\cm4_gcc\libtx.a(tx_timer_system_deactivate.o)
                0x000050fc                _tx_timer_system_deactivate
 .text._tx_initialize_low_level
                0x00005128       0x8c C:\Users\kirti\PK_S5D9\verify\synergy\ssp\src\framework\el\tx\cm4_gcc\libtx.a(tx_initialize_low_level.o)
                0x00005128                _tx_initialize_low_level
 .text._tx_thread_schedule
                0x000051b4       0x5c C:\Users\kirti\PK_S5D9\verify\synergy\ssp\src\framework\el\tx\cm4_gcc\libtx.a(tx_thread_schedule.o)
                0x000051b4                _tx_thread_schedule
 .text._tx_port_wait_thread_ready
                0x00005210       0xa8 C:\Users\kirti\PK_S5D9\verify\synergy\ssp\src\framework\el\tx\cm4_gcc\libtx.a(tx_thread_schedule.o)
                0x00005210                _tx_port_wait_thread_ready
 .text.PendSV_Handler
                0x000052b8       0xb4 C:\Users\kirti\PK_S5D9\verify\synergy\ssp\src\framework\el\tx\cm4_gcc\libtx.a(tx_thread_schedule.o)
                0x000052b8                PendSV_Handler
 .text.SysTick_Handler
                0x0000536c        0x4 C:\Users\kirti\PK_S5D9\verify\synergy\ssp\src\framework\el\tx\cm4_gcc\libtx.a(tx_thread_schedule.o)
                0x0000536c                SysTick_Handler
 .text._tx_thread_stack_build
                0x00005370       0x48 C:\Users\kirti\PK_S5D9\verify\synergy\ssp\src\framework\el\tx\cm4_gcc\libtx.a(tx_thread_stack_build.o)
                0x00005370                _tx_thread_stack_build
 .text._tx_timer_interrupt
                0x000053b8       0xc0 C:\Users\kirti\PK_S5D9\verify\synergy\ssp\src\framework\el\tx\cm4_gcc\libtx.a(tx_timer_interrupt.o)
                0x000053b8                _tx_timer_interrupt
 .text._tx_semaphore_cleanup
                0x00005478       0x80 C:\Users\kirti\PK_S5D9\verify\synergy\ssp\src\framework\el\tx\cm4_gcc\libtx.a(tx_semaphore_cleanup.o)
                0x00005478                _tx_semaphore_cleanup
 .text._tx_thread_time_slice
                0x000054f8       0x74 C:\Users\kirti\PK_S5D9\verify\synergy\ssp\src\framework\el\tx\cm4_gcc\libtx.a(tx_thread_time_slice.o)
                0x000054f8                _tx_thread_time_slice
 .text._tx_timer_expiration_process
                0x0000556c      0x104 C:\Users\kirti\PK_S5D9\verify\synergy\ssp\src\framework\el\tx\cm4_gcc\libtx.a(tx_timer_expiration_process.o)
                0x0000556c                _tx_timer_expiration_process
 .text.__errno  0x00005670        0xc c:/renesas/synergy/e2studio_v7.5.1_ssp_v1.7.5/toolchains/gcc_arm/7.2.1_2017q4/bin/../lib/gcc/arm-none-eabi/7.2.1/../../../../arm-none-eabi/lib/thumb/v7e-m/fpv4-sp/hard\libg_nano.a(lib_a-errno.o)
                0x00005670                __errno
 .text.memcmp   0x0000567c       0x1e c:/renesas/synergy/e2studio_v7.5.1_ssp_v1.7.5/toolchains/gcc_arm/7.2.1_2017q4/bin/../lib/gcc/arm-none-eabi/7.2.1/../../../../arm-none-eabi/lib/thumb/v7e-m/fpv4-sp/hard\libg_nano.a(lib_a-memcmp.o)
                0x0000567c                memcmp
 .text.memset   0x0000569a       0x10 c:/renesas/synergy/e2studio_v7.5.1_ssp_v1.7.5/toolchains/gcc_arm/7.2.1_2017q4/bin/../lib/gcc/arm-none-eabi/7.2.1/../../../../arm-none-eabi/lib/thumb/v7e-m/fpv4-sp/hard\libg_nano.a(lib_a-memset.o)
                0x0000569a                memset
 *fill*         0x000056aa        0x2 ff
 .text.printf   0x000056ac       0x30 c:/renesas/synergy/e2studio_v7.5.1_ssp_v1.7.5/toolchains/gcc_arm/7.2.1_2017q4/bin/../lib/gcc/arm-none-eabi/7.2.1/../../../../arm-none-eabi/lib/thumb/v7e-m/fpv4-sp/hard\libg_nano.a(lib_a-printf.o)
                0x000056ac                iprintf
                0x000056ac                printf
 .text.srand    0x000056dc       0x48 c:/renesas/synergy/e2studio_v7.5.1_ssp_v1.7.5/toolchains/gcc_arm/7.2.1_2017q4/bin/../lib/gcc/arm-none-eabi/7.2.1/../../../../arm-none-eabi/lib/thumb/v7e-m/fpv4-sp/hard\libg_nano.a(lib_a-rand.o)
                0x000056dc                srand
 .text.std      0x00005724       0x48 c:/renesas/synergy/e2studio_v7.5.1_ssp_v1.7.5/toolchains/gcc_arm/7.2.1_2017q4/bin/../lib/gcc/arm-none-eabi/7.2.1/../../../../arm-none-eabi/lib/thumb/v7e-m/fpv4-sp/hard\libg_nano.a(lib_a-findfp.o)
 .text._cleanup_r
                0x0000576c        0xc c:/renesas/synergy/e2studio_v7.5.1_ssp_v1.7.5/toolchains/gcc_arm/7.2.1_2017q4/bin/../lib/gcc/arm-none-eabi/7.2.1/../../../../arm-none-eabi/lib/thumb/v7e-m/fpv4-sp/hard\libg_nano.a(lib_a-findfp.o)
                0x0000576c                _cleanup_r
 .text.__sfmoreglue
                0x00005778       0x2c c:/renesas/synergy/e2studio_v7.5.1_ssp_v1.7.5/toolchains/gcc_arm/7.2.1_2017q4/bin/../lib/gcc/arm-none-eabi/7.2.1/../../../../arm-none-eabi/lib/thumb/v7e-m/fpv4-sp/hard\libg_nano.a(lib_a-findfp.o)
                0x00005778                __sfmoreglue
 .text.__sinit  0x000057a4       0x60 c:/renesas/synergy/e2studio_v7.5.1_ssp_v1.7.5/toolchains/gcc_arm/7.2.1_2017q4/bin/../lib/gcc/arm-none-eabi/7.2.1/../../../../arm-none-eabi/lib/thumb/v7e-m/fpv4-sp/hard\libg_nano.a(lib_a-findfp.o)
                0x000057a4                __sinit
 .text.__sfp    0x00005804       0x78 c:/renesas/synergy/e2studio_v7.5.1_ssp_v1.7.5/toolchains/gcc_arm/7.2.1_2017q4/bin/../lib/gcc/arm-none-eabi/7.2.1/../../../../arm-none-eabi/lib/thumb/v7e-m/fpv4-sp/hard\libg_nano.a(lib_a-findfp.o)
                0x00005804                __sfp
 .text._fwalk_reent
                0x0000587c       0x3c c:/renesas/synergy/e2studio_v7.5.1_ssp_v1.7.5/toolchains/gcc_arm/7.2.1_2017q4/bin/../lib/gcc/arm-none-eabi/7.2.1/../../../../arm-none-eabi/lib/thumb/v7e-m/fpv4-sp/hard\libg_nano.a(lib_a-fwalk.o)
                0x0000587c                _fwalk_reent
 .text.malloc   0x000058b8       0x10 c:/renesas/synergy/e2studio_v7.5.1_ssp_v1.7.5/toolchains/gcc_arm/7.2.1_2017q4/bin/../lib/gcc/arm-none-eabi/7.2.1/../../../../arm-none-eabi/lib/thumb/v7e-m/fpv4-sp/hard\libg_nano.a(lib_a-malloc.o)
                0x000058b8                malloc
 .text._free_r  0x000058c8       0x9c c:/renesas/synergy/e2studio_v7.5.1_ssp_v1.7.5/toolchains/gcc_arm/7.2.1_2017q4/bin/../lib/gcc/arm-none-eabi/7.2.1/../../../../arm-none-eabi/lib/thumb/v7e-m/fpv4-sp/hard\libg_nano.a(lib_a-nano-freer.o)
                0x000058c8                _free_r
 .text._malloc_r
                0x00005964       0xb4 c:/renesas/synergy/e2studio_v7.5.1_ssp_v1.7.5/toolchains/gcc_arm/7.2.1_2017q4/bin/../lib/gcc/arm-none-eabi/7.2.1/../../../../arm-none-eabi/lib/thumb/v7e-m/fpv4-sp/hard\libg_nano.a(lib_a-nano-mallocr.o)
                0x00005964                _malloc_r
 .text.__sfputc_r
                0x00005a18       0x2e c:/renesas/synergy/e2studio_v7.5.1_ssp_v1.7.5/toolchains/gcc_arm/7.2.1_2017q4/bin/../lib/gcc/arm-none-eabi/7.2.1/../../../../arm-none-eabi/lib/thumb/v7e-m/fpv4-sp/hard\libg_nano.a(lib_a-nano-vfprintf.o)
 .text.__sfputs_r
                0x00005a46       0x24 c:/renesas/synergy/e2studio_v7.5.1_ssp_v1.7.5/toolchains/gcc_arm/7.2.1_2017q4/bin/../lib/gcc/arm-none-eabi/7.2.1/../../../../arm-none-eabi/lib/thumb/v7e-m/fpv4-sp/hard\libg_nano.a(lib_a-nano-vfprintf.o)
                0x00005a46                __sfputs_r
 *fill*         0x00005a6a        0x2 ff
 .text._vfprintf_r
                0x00005a6c      0x228 c:/renesas/synergy/e2studio_v7.5.1_ssp_v1.7.5/toolchains/gcc_arm/7.2.1_2017q4/bin/../lib/gcc/arm-none-eabi/7.2.1/../../../../arm-none-eabi/lib/thumb/v7e-m/fpv4-sp/hard\libg_nano.a(lib_a-nano-vfprintf.o)
                0x00005a6c                _vfprintf_r
                0x00005a6c                _vfiprintf_r
 .text._printf_common
                0x00005c94       0xea c:/renesas/synergy/e2studio_v7.5.1_ssp_v1.7.5/toolchains/gcc_arm/7.2.1_2017q4/bin/../lib/gcc/arm-none-eabi/7.2.1/../../../../arm-none-eabi/lib/thumb/v7e-m/fpv4-sp/hard\libg_nano.a(lib_a-nano-vfprintf_i.o)
                0x00005c94                _printf_common
 *fill*         0x00005d7e        0x2 ff
 .text._printf_i
                0x00005d80      0x224 c:/renesas/synergy/e2studio_v7.5.1_ssp_v1.7.5/toolchains/gcc_arm/7.2.1_2017q4/bin/../lib/gcc/arm-none-eabi/7.2.1/../../../../arm-none-eabi/lib/thumb/v7e-m/fpv4-sp/hard\libg_nano.a(lib_a-nano-vfprintf_i.o)
                0x00005d80                _printf_i
 .text._sbrk_r  0x00005fa4       0x20 c:/renesas/synergy/e2studio_v7.5.1_ssp_v1.7.5/toolchains/gcc_arm/7.2.1_2017q4/bin/../lib/gcc/arm-none-eabi/7.2.1/../../../../arm-none-eabi/lib/thumb/v7e-m/fpv4-sp/hard\libg_nano.a(lib_a-sbrkr.o)
                0x00005fa4                _sbrk_r
 .text.__sread  0x00005fc4       0x22 c:/renesas/synergy/e2studio_v7.5.1_ssp_v1.7.5/toolchains/gcc_arm/7.2.1_2017q4/bin/../lib/gcc/arm-none-eabi/7.2.1/../../../../arm-none-eabi/lib/thumb/v7e-m/fpv4-sp/hard\libg_nano.a(lib_a-stdio.o)
                0x00005fc4                __sread
 .text.__swrite
                0x00005fe6       0x38 c:/renesas/synergy/e2studio_v7.5.1_ssp_v1.7.5/toolchains/gcc_arm/7.2.1_2017q4/bin/../lib/gcc/arm-none-eabi/7.2.1/../../../../arm-none-eabi/lib/thumb/v7e-m/fpv4-sp/hard\libg_nano.a(lib_a-stdio.o)
                0x00005fe6                __swrite
 .text.__sseek  0x0000601e       0x24 c:/renesas/synergy/e2studio_v7.5.1_ssp_v1.7.5/toolchains/gcc_arm/7.2.1_2017q4/bin/../lib/gcc/arm-none-eabi/7.2.1/../../../../arm-none-eabi/lib/thumb/v7e-m/fpv4-sp/hard\libg_nano.a(lib_a-stdio.o)
                0x0000601e                __sseek
 .text.__sclose
                0x00006042        0x8 c:/renesas/synergy/e2studio_v7.5.1_ssp_v1.7.5/toolchains/gcc_arm/7.2.1_2017q4/bin/../lib/gcc/arm-none-eabi/7.2.1/../../../../arm-none-eabi/lib/thumb/v7e-m/fpv4-sp/hard\libg_nano.a(lib_a-stdio.o)
                0x00006042                __sclose
 *fill*         0x0000604a        0x2 ff
 .text.__swbuf_r
                0x0000604c       0xa4 c:/renesas/synergy/e2studio_v7.5.1_ssp_v1.7.5/toolchains/gcc_arm/7.2.1_2017q4/bin/../lib/gcc/arm-none-eabi/7.2.1/../../../../arm-none-eabi/lib/thumb/v7e-m/fpv4-sp/hard\libg_nano.a(lib_a-wbuf.o)
                0x0000604c                __swbuf_r
 .text._write_r
                0x000060f0       0x24 c:/renesas/synergy/e2studio_v7.5.1_ssp_v1.7.5/toolchains/gcc_arm/7.2.1_2017q4/bin/../lib/gcc/arm-none-eabi/7.2.1/../../../../arm-none-eabi/lib/thumb/v7e-m/fpv4-sp/hard\libg_nano.a(lib_a-writer.o)
                0x000060f0                _write_r
 .text.__swsetup_r
                0x00006114       0xdc c:/renesas/synergy/e2studio_v7.5.1_ssp_v1.7.5/toolchains/gcc_arm/7.2.1_2017q4/bin/../lib/gcc/arm-none-eabi/7.2.1/../../../../arm-none-eabi/lib/thumb/v7e-m/fpv4-sp/hard\libg_nano.a(lib_a-wsetup.o)
                0x00006114                __swsetup_r
 .text._close_r
                0x000061f0       0x20 c:/renesas/synergy/e2studio_v7.5.1_ssp_v1.7.5/toolchains/gcc_arm/7.2.1_2017q4/bin/../lib/gcc/arm-none-eabi/7.2.1/../../../../arm-none-eabi/lib/thumb/v7e-m/fpv4-sp/hard\libg_nano.a(lib_a-closer.o)
                0x000061f0                _close_r
 .text.__sflush_r
                0x00006210      0x10c c:/renesas/synergy/e2studio_v7.5.1_ssp_v1.7.5/toolchains/gcc_arm/7.2.1_2017q4/bin/../lib/gcc/arm-none-eabi/7.2.1/../../../../arm-none-eabi/lib/thumb/v7e-m/fpv4-sp/hard\libg_nano.a(lib_a-fflush.o)
                0x00006210                __sflush_r
 .text._fflush_r
                0x0000631c       0x54 c:/renesas/synergy/e2studio_v7.5.1_ssp_v1.7.5/toolchains/gcc_arm/7.2.1_2017q4/bin/../lib/gcc/arm-none-eabi/7.2.1/../../../../arm-none-eabi/lib/thumb/v7e-m/fpv4-sp/hard\libg_nano.a(lib_a-fflush.o)
                0x0000631c                _fflush_r
 .text._lseek_r
                0x00006370       0x24 c:/renesas/synergy/e2studio_v7.5.1_ssp_v1.7.5/toolchains/gcc_arm/7.2.1_2017q4/bin/../lib/gcc/arm-none-eabi/7.2.1/../../../../arm-none-eabi/lib/thumb/v7e-m/fpv4-sp/hard\libg_nano.a(lib_a-lseekr.o)
                0x00006370                _lseek_r
 .text.__swhatbuf_r
                0x00006394       0x48 c:/renesas/synergy/e2studio_v7.5.1_ssp_v1.7.5/toolchains/gcc_arm/7.2.1_2017q4/bin/../lib/gcc/arm-none-eabi/7.2.1/../../../../arm-none-eabi/lib/thumb/v7e-m/fpv4-sp/hard\libg_nano.a(lib_a-makebuf.o)
                0x00006394                __swhatbuf_r
 .text.__smakebuf_r
                0x000063dc       0x80 c:/renesas/synergy/e2studio_v7.5.1_ssp_v1.7.5/toolchains/gcc_arm/7.2.1_2017q4/bin/../lib/gcc/arm-none-eabi/7.2.1/../../../../arm-none-eabi/lib/thumb/v7e-m/fpv4-sp/hard\libg_nano.a(lib_a-makebuf.o)
                0x000063dc                __smakebuf_r
 *fill*         0x0000645c        0x4 ff
 .text          0x00006460       0xa0 c:/renesas/synergy/e2studio_v7.5.1_ssp_v1.7.5/toolchains/gcc_arm/7.2.1_2017q4/bin/../lib/gcc/arm-none-eabi/7.2.1/../../../../arm-none-eabi/lib/thumb/v7e-m/fpv4-sp/hard\libg_nano.a(lib_a-memchr.o)
                0x00006460                memchr
 .text.__malloc_lock
                0x00006500        0x2 c:/renesas/synergy/e2studio_v7.5.1_ssp_v1.7.5/toolchains/gcc_arm/7.2.1_2017q4/bin/../lib/gcc/arm-none-eabi/7.2.1/../../../../arm-none-eabi/lib/thumb/v7e-m/fpv4-sp/hard\libg_nano.a(lib_a-mlock.o)
                0x00006500                __malloc_lock
 .text.__malloc_unlock
                0x00006502        0x2 c:/renesas/synergy/e2studio_v7.5.1_ssp_v1.7.5/toolchains/gcc_arm/7.2.1_2017q4/bin/../lib/gcc/arm-none-eabi/7.2.1/../../../../arm-none-eabi/lib/thumb/v7e-m/fpv4-sp/hard\libg_nano.a(lib_a-mlock.o)
                0x00006502                __malloc_unlock
 .text._read_r  0x00006504       0x24 c:/renesas/synergy/e2studio_v7.5.1_ssp_v1.7.5/toolchains/gcc_arm/7.2.1_2017q4/bin/../lib/gcc/arm-none-eabi/7.2.1/../../../../arm-none-eabi/lib/thumb/v7e-m/fpv4-sp/hard\libg_nano.a(lib_a-readr.o)
                0x00006504                _read_r
 .text._fstat_r
                0x00006528       0x24 c:/renesas/synergy/e2studio_v7.5.1_ssp_v1.7.5/toolchains/gcc_arm/7.2.1_2017q4/bin/../lib/gcc/arm-none-eabi/7.2.1/../../../../arm-none-eabi/lib/thumb/v7e-m/fpv4-sp/hard\libg_nano.a(lib_a-fstatr.o)
                0x00006528                _fstat_r
 .text._isatty_r
                0x0000654c       0x20 c:/renesas/synergy/e2studio_v7.5.1_ssp_v1.7.5/toolchains/gcc_arm/7.2.1_2017q4/bin/../lib/gcc/arm-none-eabi/7.2.1/../../../../arm-none-eabi/lib/thumb/v7e-m/fpv4-sp/hard\libg_nano.a(lib_a-isattyr.o)
                0x0000654c                _isatty_r
 .text.findslot
                0x0000656c       0x34 c:/renesas/synergy/e2studio_v7.5.1_ssp_v1.7.5/toolchains/gcc_arm/7.2.1_2017q4/bin/../lib/gcc/arm-none-eabi/7.2.1/../../../../arm-none-eabi/lib/thumb/v7e-m/fpv4-sp/hard\librdimon_nano.a(rdimon-syscalls.o)
 .text.checkerror
                0x000065a0       0x20 c:/renesas/synergy/e2studio_v7.5.1_ssp_v1.7.5/toolchains/gcc_arm/7.2.1_2017q4/bin/../lib/gcc/arm-none-eabi/7.2.1/../../../../arm-none-eabi/lib/thumb/v7e-m/fpv4-sp/hard\librdimon_nano.a(rdimon-syscalls.o)
 .text.error    0x000065c0       0x1c c:/renesas/synergy/e2studio_v7.5.1_ssp_v1.7.5/toolchains/gcc_arm/7.2.1_2017q4/bin/../lib/gcc/arm-none-eabi/7.2.1/../../../../arm-none-eabi/lib/thumb/v7e-m/fpv4-sp/hard\librdimon_nano.a(rdimon-syscalls.o)
 .text._swiread
                0x000065dc       0x20 c:/renesas/synergy/e2studio_v7.5.1_ssp_v1.7.5/toolchains/gcc_arm/7.2.1_2017q4/bin/../lib/gcc/arm-none-eabi/7.2.1/../../../../arm-none-eabi/lib/thumb/v7e-m/fpv4-sp/hard\librdimon_nano.a(rdimon-syscalls.o)
                0x000065dc                _swiread
 .text._read    0x000065fc       0x34 c:/renesas/synergy/e2studio_v7.5.1_ssp_v1.7.5/toolchains/gcc_arm/7.2.1_2017q4/bin/../lib/gcc/arm-none-eabi/7.2.1/../../../../arm-none-eabi/lib/thumb/v7e-m/fpv4-sp/hard\librdimon_nano.a(rdimon-syscalls.o)
                0x000065fc                _read
 .text._swilseek
                0x00006630       0x7a c:/renesas/synergy/e2studio_v7.5.1_ssp_v1.7.5/toolchains/gcc_arm/7.2.1_2017q4/bin/../lib/gcc/arm-none-eabi/7.2.1/../../../../arm-none-eabi/lib/thumb/v7e-m/fpv4-sp/hard\librdimon_nano.a(rdimon-syscalls.o)
                0x00006630                _swilseek
 .text._lseek   0x000066aa        0x4 c:/renesas/synergy/e2studio_v7.5.1_ssp_v1.7.5/toolchains/gcc_arm/7.2.1_2017q4/bin/../lib/gcc/arm-none-eabi/7.2.1/../../../../arm-none-eabi/lib/thumb/v7e-m/fpv4-sp/hard\librdimon_nano.a(rdimon-syscalls.o)
                0x000066aa                _lseek
 .text._swiwrite
                0x000066ae       0x20 c:/renesas/synergy/e2studio_v7.5.1_ssp_v1.7.5/toolchains/gcc_arm/7.2.1_2017q4/bin/../lib/gcc/arm-none-eabi/7.2.1/../../../../arm-none-eabi/lib/thumb/v7e-m/fpv4-sp/hard\librdimon_nano.a(rdimon-syscalls.o)
                0x000066ae                _swiwrite
 .text._write   0x000066ce       0x40 c:/renesas/synergy/e2studio_v7.5.1_ssp_v1.7.5/toolchains/gcc_arm/7.2.1_2017q4/bin/../lib/gcc/arm-none-eabi/7.2.1/../../../../arm-none-eabi/lib/thumb/v7e-m/fpv4-sp/hard\librdimon_nano.a(rdimon-syscalls.o)
                0x000066ce                _write
 .text._swiclose
                0x0000670e       0x1c c:/renesas/synergy/e2studio_v7.5.1_ssp_v1.7.5/toolchains/gcc_arm/7.2.1_2017q4/bin/../lib/gcc/arm-none-eabi/7.2.1/../../../../arm-none-eabi/lib/thumb/v7e-m/fpv4-sp/hard\librdimon_nano.a(rdimon-syscalls.o)
                0x0000670e                _swiclose
 *fill*         0x0000672a        0x2 ff
 .text._close   0x0000672c       0x4c c:/renesas/synergy/e2studio_v7.5.1_ssp_v1.7.5/toolchains/gcc_arm/7.2.1_2017q4/bin/../lib/gcc/arm-none-eabi/7.2.1/../../../../arm-none-eabi/lib/thumb/v7e-m/fpv4-sp/hard\librdimon_nano.a(rdimon-syscalls.o)
                0x0000672c                _close
 .text._swistat
                0x00006778       0x42 c:/renesas/synergy/e2studio_v7.5.1_ssp_v1.7.5/toolchains/gcc_arm/7.2.1_2017q4/bin/../lib/gcc/arm-none-eabi/7.2.1/../../../../arm-none-eabi/lib/thumb/v7e-m/fpv4-sp/hard\librdimon_nano.a(rdimon-syscalls.o)
                0x00006778                _swistat
 .text._fstat   0x000067ba       0x1c c:/renesas/synergy/e2studio_v7.5.1_ssp_v1.7.5/toolchains/gcc_arm/7.2.1_2017q4/bin/../lib/gcc/arm-none-eabi/7.2.1/../../../../arm-none-eabi/lib/thumb/v7e-m/fpv4-sp/hard\librdimon_nano.a(rdimon-syscalls.o)
                0x000067ba                _fstat
 .text._stat    0x000067d6       0x3a c:/renesas/synergy/e2studio_v7.5.1_ssp_v1.7.5/toolchains/gcc_arm/7.2.1_2017q4/bin/../lib/gcc/arm-none-eabi/7.2.1/../../../../arm-none-eabi/lib/thumb/v7e-m/fpv4-sp/hard\librdimon_nano.a(rdimon-syscalls.o)
                0x000067d6                _stat
 .text._swiopen
                0x00006810       0xb8 c:/renesas/synergy/e2studio_v7.5.1_ssp_v1.7.5/toolchains/gcc_arm/7.2.1_2017q4/bin/../lib/gcc/arm-none-eabi/7.2.1/../../../../arm-none-eabi/lib/thumb/v7e-m/fpv4-sp/hard\librdimon_nano.a(rdimon-syscalls.o)
                0x00006810                _swiopen
 .text._get_semihosting_exts
                0x000068c8       0xb4 c:/renesas/synergy/e2studio_v7.5.1_ssp_v1.7.5/toolchains/gcc_arm/7.2.1_2017q4/bin/../lib/gcc/arm-none-eabi/7.2.1/../../../../arm-none-eabi/lib/thumb/v7e-m/fpv4-sp/hard\librdimon_nano.a(rdimon-syscalls.o)
                0x000068c8                _get_semihosting_exts
 .text.initialise_semihosting_exts
                0x0000697c       0x34 c:/renesas/synergy/e2studio_v7.5.1_ssp_v1.7.5/toolchains/gcc_arm/7.2.1_2017q4/bin/../lib/gcc/arm-none-eabi/7.2.1/../../../../arm-none-eabi/lib/thumb/v7e-m/fpv4-sp/hard\librdimon_nano.a(rdimon-syscalls.o)
 .text._has_ext_stdout_stderr
                0x000069b0       0x18 c:/renesas/synergy/e2studio_v7.5.1_ssp_v1.7.5/toolchains/gcc_arm/7.2.1_2017q4/bin/../lib/gcc/arm-none-eabi/7.2.1/../../../../arm-none-eabi/lib/thumb/v7e-m/fpv4-sp/hard\librdimon_nano.a(rdimon-syscalls.o)
                0x000069b0                _has_ext_stdout_stderr
 .text.initialise_monitor_handles
                0x000069c8       0xbc c:/renesas/synergy/e2studio_v7.5.1_ssp_v1.7.5/toolchains/gcc_arm/7.2.1_2017q4/bin/../lib/gcc/arm-none-eabi/7.2.1/../../../../arm-none-eabi/lib/thumb/v7e-m/fpv4-sp/hard\librdimon_nano.a(rdimon-syscalls.o)
                0x000069c8                initialise_monitor_handles
 .text._isatty  0x00006a84       0x38 c:/renesas/synergy/e2studio_v7.5.1_ssp_v1.7.5/toolchains/gcc_arm/7.2.1_2017q4/bin/../lib/gcc/arm-none-eabi/7.2.1/../../../../arm-none-eabi/lib/thumb/v7e-m/fpv4-sp/hard\librdimon_nano.a(rdimon-syscalls.o)
                0x00006a84                _isatty
 .text          0x00006abc       0x10 c:/renesas/synergy/e2studio_v7.5.1_ssp_v1.7.5/toolchains/gcc_arm/7.2.1_2017q4/bin/../lib/gcc/arm-none-eabi/7.2.1/../../../../arm-none-eabi/lib/thumb/v7e-m/fpv4-sp/hard\libc_nano.a(lib_a-strlen.o)
                0x00006abc                strlen
 *(.version)
 .version       0x00006acc       0x60 ./synergy/ssp/src/bsp/mcu/all/bsp_common.o
 *(.init)
 .init          0x00006b2c        0x4 c:/renesas/synergy/e2studio_v7.5.1_ssp_v1.7.5/toolchains/gcc_arm/7.2.1_2017q4/bin/../lib/gcc/arm-none-eabi/7.2.1/thumb/v7e-m/fpv4-sp/hard/crti.o
                0x00006b2c                _init
 .init          0x00006b30        0x8 c:/renesas/synergy/e2studio_v7.5.1_ssp_v1.7.5/toolchains/gcc_arm/7.2.1_2017q4/bin/../lib/gcc/arm-none-eabi/7.2.1/thumb/v7e-m/fpv4-sp/hard/crtn.o
 *(.fini)
 .fini          0x00006b38        0x4 c:/renesas/synergy/e2studio_v7.5.1_ssp_v1.7.5/toolchains/gcc_arm/7.2.1_2017q4/bin/../lib/gcc/arm-none-eabi/7.2.1/thumb/v7e-m/fpv4-sp/hard/crti.o
                0x00006b38                _fini
 .fini          0x00006b3c        0x8 c:/renesas/synergy/e2studio_v7.5.1_ssp_v1.7.5/toolchains/gcc_arm/7.2.1_2017q4/bin/../lib/gcc/arm-none-eabi/7.2.1/thumb/v7e-m/fpv4-sp/hard/crtn.o
 *crtbegin.o(.ctors)
 *crtbegin?.o(.ctors)
 *(EXCLUDE_FILE(*crtend.o *crtend?.o) .ctors)
 *(SORT_BY_NAME(.ctors.*))
 *(.ctors)
 *crtbegin.o(.dtors)
 *crtbegin?.o(.dtors)
 *(EXCLUDE_FILE(*crtend.o *crtend?.o) .dtors)
 *(SORT_BY_NAME(.dtors.*))
 *(.dtors)
 *(.rodata*)
 .rodata.g_ioport_on_ioport
                0x00006b44       0x3c ./synergy/ssp/src/driver/r_ioport/r_ioport.o
                0x00006b44                g_ioport_on_ioport
 .rodata.g_vbatt_pins_input
                0x00006b80        0x6 ./synergy/ssp/src/driver/r_ioport/r_ioport.o
 *fill*         0x00006b86        0x2 ff
 .rodata.bit_count
                0x00006b88       0x80 ./synergy/ssp/src/driver/r_fmi/r_fmi.o
 .rodata.bit_count_mask
                0x00006c08        0x8 ./synergy/ssp/src/driver/r_fmi/r_fmi.o
 .rodata.g_fmi_on_fmi
                0x00006c10       0x18 ./synergy/ssp/src/driver/r_fmi/r_fmi.o
                0x00006c10                g_fmi_on_fmi
 .rodata.g_fmi_version
                0x00006c28        0x4 ./synergy/ssp/src/driver/r_fmi/r_fmi.o
 .rodata.g_elc_on_elc
                0x00006c2c       0x1c ./synergy/ssp/src/driver/r_elc/r_elc.o
                0x00006c2c                g_elc_on_elc
 .rodata.s_elc_version
                0x00006c48        0x4 ./synergy/ssp/src/driver/r_elc/r_elc.o
 .rodata.g_cgc_on_cgc
                0x00006c4c       0x6c ./synergy/ssp/src/driver/r_cgc/r_cgc.o
                0x00006c4c                g_cgc_on_cgc
 .rodata.g_cgc_version
                0x00006cb8        0x4 ./synergy/ssp/src/driver/r_cgc/r_cgc.o
 .rodata.g_pllccr2_div_setting
                0x00006cbc        0x8 ./synergy/ssp/src/driver/r_cgc/r_cgc.o
 .rodata.g_pllccr2_div_value
                0x00006cc4        0x6 ./synergy/ssp/src/driver/r_cgc/r_cgc.o
 *fill*         0x00006cca        0x2 ff
 .rodata.g_pllccr_div_setting
                0x00006ccc        0x6 ./synergy/ssp/src/driver/r_cgc/r_cgc.o
 *fill*         0x00006cd2        0x2 ff
 .rodata.g_pllccr_div_value
                0x00006cd4        0x6 ./synergy/ssp/src/driver/r_cgc/r_cgc.o
 *fill*         0x00006cda        0x2 ff
 .rodata.g_adc_on_adc
                0x00006cdc       0x34 ./synergy/ssp/src/driver/r_adc/r_adc.o
                0x00006cdc                g_adc_on_adc
 .rodata.s_adc_version
                0x00006d10        0x4 ./synergy/ssp/src/driver/r_adc/r_adc.o
 .rodata.g_cgc_feature
                0x00006d14       0x2c ./synergy/ssp/src/bsp/mcu/s5d9/bsp_feature.o
 .rodata.g_fmi_data
                0x00006d40      0x400 ./synergy/ssp/src/bsp/mcu/s5d9/bsp_fmi_R7FS5D97E3A01CFC.o
                0x00006d40                g_fmi_data
 .rodata.g_bsp_module_stop
                0x00007140       0x46 ./synergy/ssp/src/bsp/mcu/s5d9/bsp_module_stop.o
 *fill*         0x00007186        0x2 ff
 .rodata.gp_mstp
                0x00007188       0x10 ./synergy/ssp/src/bsp/mcu/s5d9/bsp_module_stop.o
 .rodata.gp_vector_information
                0x00007198        0x4 ./synergy/ssp/src/bsp/mcu/all/bsp_irq.o
                0x00007198                gp_vector_information
 .rodata.g_prcr_masks
                0x0000719c        0x6 ./synergy/ssp/src/bsp/mcu/all/bsp_register_protection.o
 *fill*         0x000071a2        0x2 ff
 .rodata.g_elc_cfg
                0x000071a4        0xc ./synergy/ssp/src/bsp/cmsis/Device/RENESAS/S5D9/Source/system_S5D9.o
 .rodata.g_bsp_leds
                0x000071b0        0x8 ./synergy/board/s5d9_pk/bsp_leds.o
                0x000071b0                g_bsp_leds
 .rodata.g_bsp_prv_leds
                0x000071b8        0x6 ./synergy/board/s5d9_pk/bsp_leds.o
 *fill*         0x000071be        0x2 ff
 .rodata.g_ioport
                0x000071c0        0x8 ./src/synergy_gen/common_data.o
                0x000071c0                g_ioport
 .rodata.tx_application_define.str1.4
                0x000071c8       0x14 ./src/synergy_gen/main.o
 .rodata.g_bsp_pin_cfg
                0x000071dc        0x8 ./src/synergy_gen/pin_data.o
                0x000071dc                g_bsp_pin_cfg
 .rodata.g_bsp_pin_cfg_data
                0x000071e4      0x3a0 ./src/synergy_gen/pin_data.o
                0x000071e4                g_bsp_pin_cfg_data
 .rodata.g_adc0
                0x00007584       0x10 ./src/synergy_gen/thread0.o
                0x00007584                g_adc0
 .rodata.g_adc0_cfg
                0x00007594       0x24 ./src/synergy_gen/thread0.o
                0x00007594                g_adc0_cfg
 .rodata.g_adc0_channel_cfg
                0x000075b8       0x14 ./src/synergy_gen/thread0.o
                0x000075b8                g_adc0_channel_cfg
 .rodata.thread0_create.str1.4
                0x000075cc       0x37 ./src/synergy_gen/thread0.o
 *fill*         0x00007603        0x1 ff
 .rodata.thread0_entry.str1.4
                0x00007604       0xa8 ./src/thread0_entry.o
                                 0xa5 (size before relaxing)
 .rodata.g_vfp_offset
                0x000076ac        0x4 C:\Users\kirti\PK_S5D9\verify\synergy\ssp\src\framework\el\tx\cm4_gcc\libtx.a(tx_thread_schedule.o)
                0x000076ac                g_vfp_offset
 .rodata._global_impure_ptr
                0x000076b0        0x4 c:/renesas/synergy/e2studio_v7.5.1_ssp_v1.7.5/toolchains/gcc_arm/7.2.1_2017q4/bin/../lib/gcc/arm-none-eabi/7.2.1/../../../../arm-none-eabi/lib/thumb/v7e-m/fpv4-sp/hard\libg_nano.a(lib_a-impure.o)
                0x000076b0                _global_impure_ptr
 .rodata.__sf_fake_stderr
                0x000076b4       0x20 c:/renesas/synergy/e2studio_v7.5.1_ssp_v1.7.5/toolchains/gcc_arm/7.2.1_2017q4/bin/../lib/gcc/arm-none-eabi/7.2.1/../../../../arm-none-eabi/lib/thumb/v7e-m/fpv4-sp/hard\libg_nano.a(lib_a-findfp.o)
                0x000076b4                __sf_fake_stderr
 .rodata.__sf_fake_stdin
                0x000076d4       0x20 c:/renesas/synergy/e2studio_v7.5.1_ssp_v1.7.5/toolchains/gcc_arm/7.2.1_2017q4/bin/../lib/gcc/arm-none-eabi/7.2.1/../../../../arm-none-eabi/lib/thumb/v7e-m/fpv4-sp/hard\libg_nano.a(lib_a-findfp.o)
                0x000076d4                __sf_fake_stdin
 .rodata.__sf_fake_stdout
                0x000076f4       0x20 c:/renesas/synergy/e2studio_v7.5.1_ssp_v1.7.5/toolchains/gcc_arm/7.2.1_2017q4/bin/../lib/gcc/arm-none-eabi/7.2.1/../../../../arm-none-eabi/lib/thumb/v7e-m/fpv4-sp/hard\libg_nano.a(lib_a-findfp.o)
                0x000076f4                __sf_fake_stdout
 .rodata._vfprintf_r.str1.1
                0x00007714       0x11 c:/renesas/synergy/e2studio_v7.5.1_ssp_v1.7.5/toolchains/gcc_arm/7.2.1_2017q4/bin/../lib/gcc/arm-none-eabi/7.2.1/../../../../arm-none-eabi/lib/thumb/v7e-m/fpv4-sp/hard\libg_nano.a(lib_a-nano-vfprintf.o)
 .rodata._printf_i.str1.1
                0x00007725       0x22 c:/renesas/synergy/e2studio_v7.5.1_ssp_v1.7.5/toolchains/gcc_arm/7.2.1_2017q4/bin/../lib/gcc/arm-none-eabi/7.2.1/../../../../arm-none-eabi/lib/thumb/v7e-m/fpv4-sp/hard\libg_nano.a(lib_a-nano-vfprintf_i.o)
 .rodata._get_semihosting_exts.str1.1
                0x00007747       0x16 c:/renesas/synergy/e2studio_v7.5.1_ssp_v1.7.5/toolchains/gcc_arm/7.2.1_2017q4/bin/../lib/gcc/arm-none-eabi/7.2.1/../../../../arm-none-eabi/lib/thumb/v7e-m/fpv4-sp/hard\librdimon_nano.a(rdimon-syscalls.o)
 .rodata.initialise_monitor_handles.str1.1
                0x0000775d        0x4 c:/renesas/synergy/e2studio_v7.5.1_ssp_v1.7.5/toolchains/gcc_arm/7.2.1_2017q4/bin/../lib/gcc/arm-none-eabi/7.2.1/../../../../arm-none-eabi/lib/thumb/v7e-m/fpv4-sp/hard\librdimon_nano.a(rdimon-syscalls.o)
                0x00007761                __usb_dev_descriptor_start_fs = .
 *(.usb_device_desc_fs*)
                0x00007761                __usb_cfg_descriptor_start_fs = .
 *(.usb_config_desc_fs*)
                0x00007761                __usb_interface_descriptor_start_fs = .
 *(.usb_interface_desc_fs*)
                0x00007761                __usb_descriptor_end_fs = .
                0x00007761                __usb_dev_descriptor_start_hs = .
 *(.usb_device_desc_hs*)
                0x00007761                __usb_cfg_descriptor_start_hs = .
 *(.usb_config_desc_hs*)
                0x00007761                __usb_interface_descriptor_start_hs = .
 *(.usb_interface_desc_hs*)
                0x00007761                __usb_descriptor_end_hs = .
 *(.eh_frame*)
 *fill*         0x00007761        0x3 ff
 .eh_frame      0x00007764        0x0 c:/renesas/synergy/e2studio_v7.5.1_ssp_v1.7.5/toolchains/gcc_arm/7.2.1_2017q4/bin/../lib/gcc/arm-none-eabi/7.2.1/thumb/v7e-m/fpv4-sp/hard/crtbegin.o
 .eh_frame      0x00007764        0x4 c:/renesas/synergy/e2studio_v7.5.1_ssp_v1.7.5/toolchains/gcc_arm/7.2.1_2017q4/bin/../lib/gcc/arm-none-eabi/7.2.1/thumb/v7e-m/fpv4-sp/hard/crtend.o
                0x00007768                __ROM_End = .
                0x00000054                __Vectors_Size = (__Vectors_End - __Vectors)
                0x00000028                __Vector_Info_Size = (__Vector_Info_End - __Vector_Info_Start)
                0x000001b0                __Lock_Lookup_Size = (__Lock_Lookup_End - __Lock_Lookup_Start)

.glue_7         0x00007768        0x0
 .glue_7        0x00007768        0x0 linker stubs

.glue_7t        0x00007768        0x0
 .glue_7t       0x00007768        0x0 linker stubs

.vfp11_veneer   0x00007768        0x0
 .vfp11_veneer  0x00007768        0x0 linker stubs

.v4_bx          0x00007768        0x0
 .v4_bx         0x00007768        0x0 linker stubs

.iplt           0x00007768        0x0
 .iplt          0x00007768        0x0 c:/renesas/synergy/e2studio_v7.5.1_ssp_v1.7.5/toolchains/gcc_arm/7.2.1_2017q4/bin/../lib/gcc/arm-none-eabi/7.2.1/thumb/v7e-m/fpv4-sp/hard/crtbegin.o

.ARM.extab
 *(.ARM.extab* .gnu.linkonce.armextab.*)
                0x00007768                __exidx_start = .

.ARM.exidx
 *(.ARM.exidx* .gnu.linkonce.armexidx.*)
                0x00007768                __exidx_end = .
                0x00007768                __etext = .

.ssp_dtc_vector_table
                0x1ffe0000        0x0
                0x1ffe0000                . = ORIGIN (RAM)
 *(.ssp_dtc_vector_table)

.data           0x1ffe0000       0xe4 load address 0x00007768
                0x1ffe0000                __data_start__ = .
 *(.r_flash_hp_config_set_area)
                0x1ffe0000                . = ALIGN (0x4)
                0x1ffe0000                __Code_In_RAM_Start = .
 *(.code_in_ram*)
                0x1ffe0000                __Code_In_RAM_End = .
 *(vtable)
 *(.data.*)
 .data._tx_thread_system_state
                0x1ffe0000        0x4 C:\Users\kirti\PK_S5D9\verify\synergy\ssp\src\framework\el\tx\cm4_gcc\libtx.a(tx_thread_initialize.o)
                0x1ffe0000                _tx_thread_system_state
 .data._impure_ptr
                0x1ffe0004        0x4 c:/renesas/synergy/e2studio_v7.5.1_ssp_v1.7.5/toolchains/gcc_arm/7.2.1_2017q4/bin/../lib/gcc/arm-none-eabi/7.2.1/../../../../arm-none-eabi/lib/thumb/v7e-m/fpv4-sp/hard\libg_nano.a(lib_a-impure.o)
                0x1ffe0004                _impure_ptr
 .data.impure_data
                0x1ffe0008       0x60 c:/renesas/synergy/e2studio_v7.5.1_ssp_v1.7.5/toolchains/gcc_arm/7.2.1_2017q4/bin/../lib/gcc/arm-none-eabi/7.2.1/../../../../arm-none-eabi/lib/thumb/v7e-m/fpv4-sp/hard\libg_nano.a(lib_a-impure.o)
 .data.supports_ext_exit_extended
                0x1ffe0068        0x4 c:/renesas/synergy/e2studio_v7.5.1_ssp_v1.7.5/toolchains/gcc_arm/7.2.1_2017q4/bin/../lib/gcc/arm-none-eabi/7.2.1/../../../../arm-none-eabi/lib/thumb/v7e-m/fpv4-sp/hard\librdimon_nano.a(rdimon-syscalls.o)
 .data.supports_ext_stdout_stderr
                0x1ffe006c        0x4 c:/renesas/synergy/e2studio_v7.5.1_ssp_v1.7.5/toolchains/gcc_arm/7.2.1_2017q4/bin/../lib/gcc/arm-none-eabi/7.2.1/../../../../arm-none-eabi/lib/thumb/v7e-m/fpv4-sp/hard\librdimon_nano.a(rdimon-syscalls.o)
                0x1ffe0070                . = ALIGN (0x4)
                0x1ffe0070                PROVIDE (__preinit_array_start, .)
 *(.preinit_array)
                0x1ffe0070                PROVIDE (__preinit_array_end, .)
                0x1ffe0070                . = ALIGN (0x4)
                0x1ffe0070                PROVIDE (__init_array_start, .)
 *(SORT_BY_NAME(.init_array.*))
 *(.init_array)
 .init_array    0x1ffe0070        0x4 c:/renesas/synergy/e2studio_v7.5.1_ssp_v1.7.5/toolchains/gcc_arm/7.2.1_2017q4/bin/../lib/gcc/arm-none-eabi/7.2.1/thumb/v7e-m/fpv4-sp/hard/crtbegin.o
                0x1ffe0074                PROVIDE (__init_array_end, .)
                0x1ffe0074                . = ALIGN (0x4)
                [!provide]                PROVIDE (__fini_array_start, .)
 *(SORT_BY_NAME(.fini_array.*))
 *(.fini_array)
 .fini_array    0x1ffe0074        0x4 c:/renesas/synergy/e2studio_v7.5.1_ssp_v1.7.5/toolchains/gcc_arm/7.2.1_2017q4/bin/../lib/gcc/arm-none-eabi/7.2.1/thumb/v7e-m/fpv4-sp/hard/crtbegin.o
                [!provide]                PROVIDE (__fini_array_end, .)
 *(.jcr*)
                0x1ffe0078                __Lock_Start = .
 *(SORT_BY_NAME(.hw_lock*))
 .hw_lock.ADC_0U_0U
                0x1ffe0078        0x1 ./synergy/ssp/src/bsp/mcu/s5d9/bsp_hw_locks.o
                0x1ffe0078                g_hw_lock_ADC_0U_0U
 .hw_lock.ADC_0U_1U
                0x1ffe0079        0x1 ./synergy/ssp/src/bsp/mcu/s5d9/bsp_hw_locks.o
                0x1ffe0079                g_hw_lock_ADC_0U_1U
 .hw_lock.AGT_0U_0U
                0x1ffe007a        0x1 ./synergy/ssp/src/bsp/mcu/s5d9/bsp_hw_locks.o
                0x1ffe007a                g_hw_lock_AGT_0U_0U
 .hw_lock.AGT_0U_1U
                0x1ffe007b        0x1 ./synergy/ssp/src/bsp/mcu/s5d9/bsp_hw_locks.o
                0x1ffe007b                g_hw_lock_AGT_0U_1U
 .hw_lock.BSC_0U_1U
                0x1ffe007c        0x1 ./synergy/ssp/src/bsp/mcu/s5d9/bsp_hw_locks.o
                0x1ffe007c                g_hw_lock_BSC_0U_1U
 .hw_lock.CAC_0U_0U
                0x1ffe007d        0x1 ./synergy/ssp/src/bsp/mcu/s5d9/bsp_hw_locks.o
                0x1ffe007d                g_hw_lock_CAC_0U_0U
 .hw_lock.CAN_0U_0U
                0x1ffe007e        0x1 ./synergy/ssp/src/bsp/mcu/s5d9/bsp_hw_locks.o
                0x1ffe007e                g_hw_lock_CAN_0U_0U
 .hw_lock.CAN_0U_1U
                0x1ffe007f        0x1 ./synergy/ssp/src/bsp/mcu/s5d9/bsp_hw_locks.o
                0x1ffe007f                g_hw_lock_CAN_0U_1U
 .hw_lock.COMP_HS_0U_0U
                0x1ffe0080        0x1 ./synergy/ssp/src/bsp/mcu/s5d9/bsp_hw_locks.o
                0x1ffe0080                g_hw_lock_COMP_HS_0U_0U
 .hw_lock.COMP_HS_0U_1U
                0x1ffe0081        0x1 ./synergy/ssp/src/bsp/mcu/s5d9/bsp_hw_locks.o
                0x1ffe0081                g_hw_lock_COMP_HS_0U_1U
 .hw_lock.COMP_HS_0U_2U
                0x1ffe0082        0x1 ./synergy/ssp/src/bsp/mcu/s5d9/bsp_hw_locks.o
                0x1ffe0082                g_hw_lock_COMP_HS_0U_2U
 .hw_lock.COMP_HS_0U_3U
                0x1ffe0083        0x1 ./synergy/ssp/src/bsp/mcu/s5d9/bsp_hw_locks.o
                0x1ffe0083                g_hw_lock_COMP_HS_0U_3U
 .hw_lock.COMP_HS_0U_4U
                0x1ffe0084        0x1 ./synergy/ssp/src/bsp/mcu/s5d9/bsp_hw_locks.o
                0x1ffe0084                g_hw_lock_COMP_HS_0U_4U
 .hw_lock.COMP_HS_0U_5U
                0x1ffe0085        0x1 ./synergy/ssp/src/bsp/mcu/s5d9/bsp_hw_locks.o
                0x1ffe0085                g_hw_lock_COMP_HS_0U_5U
 .hw_lock.CRC_0U_0U
                0x1ffe0086        0x1 ./synergy/ssp/src/bsp/mcu/s5d9/bsp_hw_locks.o
                0x1ffe0086                g_hw_lock_CRC_0U_0U
 .hw_lock.CTSU_0U_0U
                0x1ffe0087        0x1 ./synergy/ssp/src/bsp/mcu/s5d9/bsp_hw_locks.o
                0x1ffe0087                g_hw_lock_CTSU_0U_0U
 .hw_lock.DAAD_0U_0U
                0x1ffe0088        0x1 ./synergy/ssp/src/bsp/mcu/s5d9/bsp_hw_locks.o
                0x1ffe0088                g_hw_lock_DAAD_0U_0U
 .hw_lock.DAC_0U_0U
                0x1ffe0089        0x1 ./synergy/ssp/src/bsp/mcu/s5d9/bsp_hw_locks.o
                0x1ffe0089                g_hw_lock_DAC_0U_0U
 .hw_lock.DAC_0U_1U
                0x1ffe008a        0x1 ./synergy/ssp/src/bsp/mcu/s5d9/bsp_hw_locks.o
                0x1ffe008a                g_hw_lock_DAC_0U_1U
 .hw_lock.DMAC_0U_0U
                0x1ffe008b        0x1 ./synergy/ssp/src/bsp/mcu/s5d9/bsp_hw_locks.o
                0x1ffe008b                g_hw_lock_DMAC_0U_0U
 .hw_lock.DMAC_0U_1U
                0x1ffe008c        0x1 ./synergy/ssp/src/bsp/mcu/s5d9/bsp_hw_locks.o
                0x1ffe008c                g_hw_lock_DMAC_0U_1U
 .hw_lock.DMAC_0U_2U
                0x1ffe008d        0x1 ./synergy/ssp/src/bsp/mcu/s5d9/bsp_hw_locks.o
                0x1ffe008d                g_hw_lock_DMAC_0U_2U
 .hw_lock.DMAC_0U_3U
                0x1ffe008e        0x1 ./synergy/ssp/src/bsp/mcu/s5d9/bsp_hw_locks.o
                0x1ffe008e                g_hw_lock_DMAC_0U_3U
 .hw_lock.DMAC_0U_4U
                0x1ffe008f        0x1 ./synergy/ssp/src/bsp/mcu/s5d9/bsp_hw_locks.o
                0x1ffe008f                g_hw_lock_DMAC_0U_4U
 .hw_lock.DMAC_0U_5U
                0x1ffe0090        0x1 ./synergy/ssp/src/bsp/mcu/s5d9/bsp_hw_locks.o
                0x1ffe0090                g_hw_lock_DMAC_0U_5U
 .hw_lock.DMAC_0U_6U
                0x1ffe0091        0x1 ./synergy/ssp/src/bsp/mcu/s5d9/bsp_hw_locks.o
                0x1ffe0091                g_hw_lock_DMAC_0U_6U
 .hw_lock.DMAC_0U_7U
                0x1ffe0092        0x1 ./synergy/ssp/src/bsp/mcu/s5d9/bsp_hw_locks.o
                0x1ffe0092                g_hw_lock_DMAC_0U_7U
 .hw_lock.DOC_0U_0U
                0x1ffe0093        0x1 ./synergy/ssp/src/bsp/mcu/s5d9/bsp_hw_locks.o
                0x1ffe0093                g_hw_lock_DOC_0U_0U
 .hw_lock.DRW_0U_0U
                0x1ffe0094        0x1 ./synergy/ssp/src/bsp/mcu/s5d9/bsp_hw_locks.o
                0x1ffe0094                g_hw_lock_DRW_0U_0U
 .hw_lock.DTC_0U_0U
                0x1ffe0095        0x1 ./synergy/ssp/src/bsp/mcu/s5d9/bsp_hw_locks.o
                0x1ffe0095                g_hw_lock_DTC_0U_0U
 .hw_lock.ELC_0U_0U
                0x1ffe0096        0x1 ./synergy/ssp/src/bsp/mcu/s5d9/bsp_hw_locks.o
                0x1ffe0096                g_hw_lock_ELC_0U_0U
 .hw_lock.EPTPC_0U_0U
                0x1ffe0097        0x1 ./synergy/ssp/src/bsp/mcu/s5d9/bsp_hw_locks.o
                0x1ffe0097                g_hw_lock_EPTPC_0U_0U
 .hw_lock.ETHER_0U_0U
                0x1ffe0098        0x1 ./synergy/ssp/src/bsp/mcu/s5d9/bsp_hw_locks.o